stm32f4xx_hal_tim.c:266:19:HAL_TIM_Base_Init	16	static
stm32f4xx_hal_tim.c:318:19:HAL_TIM_Base_DeInit	16	static
stm32f4xx_hal_tim.c:354:13:HAL_TIM_Base_MspInit	16	static
stm32f4xx_hal_tim.c:369:13:HAL_TIM_Base_MspDeInit	16	static
stm32f4xx_hal_tim.c:385:19:HAL_TIM_Base_Start	24	static
stm32f4xx_hal_tim.c:414:19:HAL_TIM_Base_Stop	16	static
stm32f4xx_hal_tim.c:437:19:HAL_TIM_Base_Start_IT	24	static
stm32f4xx_hal_tim.c:463:19:HAL_TIM_Base_Stop_IT	16	static
stm32f4xx_hal_tim.c:484:19:HAL_TIM_Base_Start_DMA	32	static
stm32f4xx_hal_tim.c:543:19:HAL_TIM_Base_Stop_DMA	16	static
stm32f4xx_hal_tim.c:598:19:HAL_TIM_OC_Init	16	static
stm32f4xx_hal_tim.c:650:19:HAL_TIM_OC_DeInit	16	static
stm32f4xx_hal_tim.c:686:13:HAL_TIM_OC_MspInit	16	static
stm32f4xx_hal_tim.c:701:13:HAL_TIM_OC_MspDeInit	16	static
stm32f4xx_hal_tim.c:722:19:HAL_TIM_OC_Start	24	static
stm32f4xx_hal_tim.c:760:19:HAL_TIM_OC_Stop	16	static
stm32f4xx_hal_tim.c:792:19:HAL_TIM_OC_Start_IT	24	static
stm32f4xx_hal_tim.c:864:19:HAL_TIM_OC_Stop_IT	16	static
stm32f4xx_hal_tim.c:932:19:HAL_TIM_OC_Start_DMA	32	static
stm32f4xx_hal_tim.c:1074:19:HAL_TIM_OC_Stop_DMA	16	static
stm32f4xx_hal_tim.c:1171:19:HAL_TIM_PWM_Init	16	static
stm32f4xx_hal_tim.c:1223:19:HAL_TIM_PWM_DeInit	16	static
stm32f4xx_hal_tim.c:1259:13:HAL_TIM_PWM_MspInit	16	static
stm32f4xx_hal_tim.c:1274:13:HAL_TIM_PWM_MspDeInit	16	static
stm32f4xx_hal_tim.c:1295:19:HAL_TIM_PWM_Start	24	static
stm32f4xx_hal_tim.c:1333:19:HAL_TIM_PWM_Stop	16	static
stm32f4xx_hal_tim.c:1368:19:HAL_TIM_PWM_Start_IT	24	static
stm32f4xx_hal_tim.c:1439:19:HAL_TIM_PWM_Stop_IT	16	static
stm32f4xx_hal_tim.c:1507:19:HAL_TIM_PWM_Start_DMA	32	static
stm32f4xx_hal_tim.c:1648:19:HAL_TIM_PWM_Stop_DMA	16	static
stm32f4xx_hal_tim.c:1745:19:HAL_TIM_IC_Init	16	static
stm32f4xx_hal_tim.c:1797:19:HAL_TIM_IC_DeInit	16	static
stm32f4xx_hal_tim.c:1833:13:HAL_TIM_IC_MspInit	16	static
stm32f4xx_hal_tim.c:1848:13:HAL_TIM_IC_MspDeInit	16	static
stm32f4xx_hal_tim.c:1869:19:HAL_TIM_IC_Start	24	static
stm32f4xx_hal_tim.c:1901:19:HAL_TIM_IC_Stop	16	static
stm32f4xx_hal_tim.c:1927:19:HAL_TIM_IC_Start_IT	24	static
stm32f4xx_hal_tim.c:1992:19:HAL_TIM_IC_Stop_IT	16	static
stm32f4xx_hal_tim.c:2054:19:HAL_TIM_IC_Start_DMA	32	static
stm32f4xx_hal_tim.c:2189:19:HAL_TIM_IC_Stop_DMA	16	static
stm32f4xx_hal_tim.c:2284:19:HAL_TIM_OnePulse_Init	16	static
stm32f4xx_hal_tim.c:2343:19:HAL_TIM_OnePulse_DeInit	16	static
stm32f4xx_hal_tim.c:2379:13:HAL_TIM_OnePulse_MspInit	16	static
stm32f4xx_hal_tim.c:2394:13:HAL_TIM_OnePulse_MspDeInit	16	static
stm32f4xx_hal_tim.c:2413:19:HAL_TIM_OnePulse_Start	16	static
stm32f4xx_hal_tim.c:2449:19:HAL_TIM_OnePulse_Stop	16	static
stm32f4xx_hal_tim.c:2485:19:HAL_TIM_OnePulse_Start_IT	16	static
stm32f4xx_hal_tim.c:2527:19:HAL_TIM_OnePulse_Stop_IT	16	static
stm32f4xx_hal_tim.c:2597:19:HAL_TIM_Encoder_Init	32	static
stm32f4xx_hal_tim.c:2702:19:HAL_TIM_Encoder_DeInit	16	static
stm32f4xx_hal_tim.c:2738:13:HAL_TIM_Encoder_MspInit	16	static
stm32f4xx_hal_tim.c:2753:13:HAL_TIM_Encoder_MspDeInit	16	static
stm32f4xx_hal_tim.c:2773:19:HAL_TIM_Encoder_Start	16	static
stm32f4xx_hal_tim.c:2817:19:HAL_TIM_Encoder_Stop	16	static
stm32f4xx_hal_tim.c:2863:19:HAL_TIM_Encoder_Start_IT	16	static
stm32f4xx_hal_tim.c:2913:19:HAL_TIM_Encoder_Stop_IT	16	static
stm32f4xx_hal_tim.c:2967:19:HAL_TIM_Encoder_Start_DMA	24	static
stm32f4xx_hal_tim.c:3102:19:HAL_TIM_Encoder_Stop_DMA	16	static
stm32f4xx_hal_tim.c:3168:6:HAL_TIM_IRQHandler	16	static
stm32f4xx_hal_tim.c:3383:19:HAL_TIM_OC_ConfigChannel	24	static
stm32f4xx_hal_tim.c:3463:19:HAL_TIM_IC_ConfigChannel	24	static
stm32f4xx_hal_tim.c:3560:19:HAL_TIM_PWM_ConfigChannel	24	static
stm32f4xx_hal_tim.c:3675:19:HAL_TIM_OnePulse_ConfigChannel	56	static
stm32f4xx_hal_tim.c:3814:19:HAL_TIM_DMABurst_WriteStart	24	static
stm32f4xx_hal_tim.c:3983:19:HAL_TIM_DMABurst_WriteStop	24	static
stm32f4xx_hal_tim.c:4079:19:HAL_TIM_DMABurst_ReadStart	24	static
stm32f4xx_hal_tim.c:4243:19:HAL_TIM_DMABurst_ReadStop	24	static
stm32f4xx_hal_tim.c:4321:19:HAL_TIM_GenerateEvent	16	static
stm32f4xx_hal_tim.c:4358:19:HAL_TIM_ConfigOCrefClear	24	static
stm32f4xx_hal_tim.c:4482:19:HAL_TIM_ConfigClockSource	24	static
stm32f4xx_hal_tim.c:4634:19:HAL_TIM_ConfigTI1Input	24	static
stm32f4xx_hal_tim.c:4666:19:HAL_TIM_SlaveConfigSynchro	16	static
stm32f4xx_hal_tim.c:4706:19:HAL_TIM_SlaveConfigSynchro_IT	16	static
stm32f4xx_hal_tim.c:4749:10:HAL_TIM_ReadCapturedValue	24	static
stm32f4xx_hal_tim.c:4833:13:HAL_TIM_PeriodElapsedCallback	16	static
stm32f4xx_hal_tim.c:4848:13:HAL_TIM_PeriodElapsedHalfCpltCallback	16	static
stm32f4xx_hal_tim.c:4863:13:HAL_TIM_OC_DelayElapsedCallback	16	static
stm32f4xx_hal_tim.c:4878:13:HAL_TIM_IC_CaptureCallback	16	static
stm32f4xx_hal_tim.c:4893:13:HAL_TIM_IC_CaptureHalfCpltCallback	16	static
stm32f4xx_hal_tim.c:4908:13:HAL_TIM_PWM_PulseFinishedCallback	16	static
stm32f4xx_hal_tim.c:4923:13:HAL_TIM_PWM_PulseFinishedHalfCpltCallback	16	static
stm32f4xx_hal_tim.c:4938:13:HAL_TIM_TriggerCallback	16	static
stm32f4xx_hal_tim.c:4953:13:HAL_TIM_TriggerHalfCpltCallback	16	static
stm32f4xx_hal_tim.c:4968:13:HAL_TIM_ErrorCallback	16	static
stm32f4xx_hal_tim.c:5485:22:HAL_TIM_Base_GetState	16	static
stm32f4xx_hal_tim.c:5495:22:HAL_TIM_OC_GetState	16	static
stm32f4xx_hal_tim.c:5505:22:HAL_TIM_PWM_GetState	16	static
stm32f4xx_hal_tim.c:5515:22:HAL_TIM_IC_GetState	16	static
stm32f4xx_hal_tim.c:5525:22:HAL_TIM_OnePulse_GetState	16	static
stm32f4xx_hal_tim.c:5535:22:HAL_TIM_Encoder_GetState	16	static
stm32f4xx_hal_tim.c:5557:6:TIM_DMAError	24	static
stm32f4xx_hal_tim.c:5575:6:TIM_DMADelayPulseCplt	24	static
stm32f4xx_hal_tim.c:5616:6:TIM_DMADelayPulseHalfCplt	24	static
stm32f4xx_hal_tim.c:5657:6:TIM_DMACaptureCplt	24	static
stm32f4xx_hal_tim.c:5698:6:TIM_DMACaptureHalfCplt	24	static
stm32f4xx_hal_tim.c:5739:13:TIM_DMAPeriodElapsedCplt	24	static
stm32f4xx_hal_tim.c:5757:13:TIM_DMAPeriodElapsedHalfCplt	24	static
stm32f4xx_hal_tim.c:5775:13:TIM_DMATriggerCplt	24	static
stm32f4xx_hal_tim.c:5793:13:TIM_DMATriggerHalfCplt	24	static
stm32f4xx_hal_tim.c:5812:6:TIM_Base_SetConfig	24	static
stm32f4xx_hal_tim.c:5860:13:TIM_OC1_SetConfig	32	static
stm32f4xx_hal_tim.c:5935:6:TIM_OC2_SetConfig	32	static
stm32f4xx_hal_tim.c:6011:13:TIM_OC3_SetConfig	32	static
stm32f4xx_hal_tim.c:6085:13:TIM_OC4_SetConfig	32	static
stm32f4xx_hal_tim.c:6145:26:TIM_SlaveTimer_SetConfig	32	static
stm32f4xx_hal_tim.c:6276:6:TIM_TI1_SetConfig	32	static
stm32f4xx_hal_tim.c:6323:13:TIM_TI1_ConfigInputStage	32	static
stm32f4xx_hal_tim.c:6366:13:TIM_TI2_SetConfig	32	static
stm32f4xx_hal_tim.c:6406:13:TIM_TI2_ConfigInputStage	32	static
stm32f4xx_hal_tim.c:6449:13:TIM_TI3_SetConfig	32	static
stm32f4xx_hal_tim.c:6497:13:TIM_TI4_SetConfig	32	static
stm32f4xx_hal_tim.c:6540:13:TIM_ITRx_SetConfig	24	static
stm32f4xx_hal_tim.c:6570:6:TIM_ETR_SetConfig	32	static
stm32f4xx_hal_tim.c:6600:6:TIM_CCxChannelCmd	32	static
