HighLevelComm.cpp:20:1:HighLevelComm::HighLevelComm(UART_HandleTypeDef&, TIM_HandleTypeDef&)	96	static
HighLevelComm.cpp:28:6:bool HighLevelComm::ReceiveMessage(uint8_t)	16	static
HighLevelComm.cpp:38:6:bool HighLevelComm::Move(int)	16	static
HighLevelComm.cpp:54:6:bool HighLevelComm::Stop()	16	static
HighLevelComm.cpp:76:6:bool HighLevelComm::Turn(int)	16	static
HighLevelComm.cpp:92:6:bool HighLevelComm::showBattery()	16	static
HighLevelComm.cpp:107:6:bool HighLevelComm::showDistance()	16	static
HighLevelComm.cpp:120:1:void __static_initialization_and_destruction_0(int, int)	16	static
HighLevelComm.cpp:120:1:cpp)	8	static
