11:23:31 **** Clean-only build of configuration Debug for project STM32_Project_Graduation ****
make -j12 clean 
rm -rf *
 
11:23:32 **** Build of configuration Debug for project STM32_Project_Graduation ****
make -j12 all 
arm-none-eabi-gcc -mcpu=cortex-m4 -g3 -c -x assembler-with-cpp  -mfpu=fpv4-sp-d16 -mfloat-abi=hard -mthumb -o "Startup/startup_stm32f446retx.o" "../Startup/startup_stm32f446retx.s"
arm-none-eabi-g++ "../Src/ADCClass.cpp" -mcpu=cortex-m4 -std=gnu++14 -g3 -DUSE_HAL_DRIVER -DSTM32F446xx -DDEBUG -c -I../Inc -I../Drivers/CMSIS/Include -I../Drivers/STM32F4xx_HAL_Driver/Inc -I../Drivers/CMSIS/Device/ST/STM32F4xx/Include -I../Drivers/STM32F4xx_HAL_Driver/Inc/Legacy -O0 -ffunction-sections -fdata-sections -fno-exceptions -fno-rtti -fno-threadsafe-statics -fno-use-cxa-atexit -Wall -fstack-usage -MMD -MP -MF"Src/ADCClass.d" -MT"Src/ADCClass.o"  -mfpu=fpv4-sp-d16 -mfloat-abi=hard -mthumb -o "Src/ADCClass.o"
arm-none-eabi-g++ "../Src/ClassUartTest.cpp" -mcpu=cortex-m4 -std=gnu++14 -g3 -DUSE_HAL_DRIVER -DSTM32F446xx -DDEBUG -c -I../Inc -I../Drivers/CMSIS/Include -I../Drivers/STM32F4xx_HAL_Driver/Inc -I../Drivers/CMSIS/Device/ST/STM32F4xx/Include -I../Drivers/STM32F4xx_HAL_Driver/Inc/Legacy -O0 -ffunction-sections -fdata-sections -fno-exceptions -fno-rtti -fno-threadsafe-statics -fno-use-cxa-atexit -Wall -fstack-usage -MMD -MP -MF"Src/ClassUartTest.d" -MT"Src/ClassUartTest.o"  -mfpu=fpv4-sp-d16 -mfloat-abi=hard -mthumb -o "Src/ClassUartTest.o"
arm-none-eabi-g++ "../Src/HighLevelComm.cpp" -mcpu=cortex-m4 -std=gnu++14 -g3 -DUSE_HAL_DRIVER -DSTM32F446xx -DDEBUG -c -I../Inc -I../Drivers/CMSIS/Include -I../Drivers/STM32F4xx_HAL_Driver/Inc -I../Drivers/CMSIS/Device/ST/STM32F4xx/Include -I../Drivers/STM32F4xx_HAL_Driver/Inc/Legacy -O0 -ffunction-sections -fdata-sections -fno-exceptions -fno-rtti -fno-threadsafe-statics -fno-use-cxa-atexit -Wall -fstack-usage -MMD -MP -MF"Src/HighLevelComm.d" -MT"Src/HighLevelComm.o"  -mfpu=fpv4-sp-d16 -mfloat-abi=hard -mthumb -o "Src/HighLevelComm.o"
arm-none-eabi-g++ "../Src/PWM.cpp" -mcpu=cortex-m4 -std=gnu++14 -g3 -DUSE_HAL_DRIVER -DSTM32F446xx -DDEBUG -c -I../Inc -I../Drivers/CMSIS/Include -I../Drivers/STM32F4xx_HAL_Driver/Inc -I../Drivers/CMSIS/Device/ST/STM32F4xx/Include -I../Drivers/STM32F4xx_HAL_Driver/Inc/Legacy -O0 -ffunction-sections -fdata-sections -fno-exceptions -fno-rtti -fno-threadsafe-statics -fno-use-cxa-atexit -Wall -fstack-usage -MMD -MP -MF"Src/PWM.d" -MT"Src/PWM.o"  -mfpu=fpv4-sp-d16 -mfloat-abi=hard -mthumb -o "Src/PWM.o"
arm-none-eabi-g++ "../Src/Queue.cpp" -mcpu=cortex-m4 -std=gnu++14 -g3 -DUSE_HAL_DRIVER -DSTM32F446xx -DDEBUG -c -I../Inc -I../Drivers/CMSIS/Include -I../Drivers/STM32F4xx_HAL_Driver/Inc -I../Drivers/CMSIS/Device/ST/STM32F4xx/Include -I../Drivers/STM32F4xx_HAL_Driver/Inc/Legacy -O0 -ffunction-sections -fdata-sections -fno-exceptions -fno-rtti -fno-threadsafe-statics -fno-use-cxa-atexit -Wall -fstack-usage -MMD -MP -MF"Src/Queue.d" -MT"Src/Queue.o"  -mfpu=fpv4-sp-d16 -mfloat-abi=hard -mthumb -o "Src/Queue.o"
arm-none-eabi-g++ "../Src/main.cpp" -mcpu=cortex-m4 -std=gnu++14 -g3 -DUSE_HAL_DRIVER -DSTM32F446xx -DDEBUG -c -I../Inc -I../Drivers/CMSIS/Include -I../Drivers/STM32F4xx_HAL_Driver/Inc -I../Drivers/CMSIS/Device/ST/STM32F4xx/Include -I../Drivers/STM32F4xx_HAL_Driver/Inc/Legacy -O0 -ffunction-sections -fdata-sections -fno-exceptions -fno-rtti -fno-threadsafe-statics -fno-use-cxa-atexit -Wall -fstack-usage -MMD -MP -MF"Src/main.d" -MT"Src/main.o"  -mfpu=fpv4-sp-d16 -mfloat-abi=hard -mthumb -o "Src/main.o"
arm-none-eabi-gcc "../Src/stm32f4xx_hal_adc.c" -mcpu=cortex-m4 -std=gnu11 -g3 -DUSE_HAL_DRIVER -DSTM32F446xx -DDEBUG -c -I../Inc -I../Drivers/CMSIS/Include -I../Drivers/STM32F4xx_HAL_Driver/Inc -I../Drivers/CMSIS/Device/ST/STM32F4xx/Include -I../Drivers/STM32F4xx_HAL_Driver/Inc/Legacy -O0 -ffunction-sections -fdata-sections -Wall -fstack-usage -MMD -MP -MF"Src/stm32f4xx_hal_adc.d" -MT"Src/stm32f4xx_hal_adc.o"  -mfpu=fpv4-sp-d16 -mfloat-abi=hard -mthumb -o "Src/stm32f4xx_hal_adc.o"
arm-none-eabi-gcc "../Src/stm32f4xx_hal_adc_ex.c" -mcpu=cortex-m4 -std=gnu11 -g3 -DUSE_HAL_DRIVER -DSTM32F446xx -DDEBUG -c -I../Inc -I../Drivers/CMSIS/Include -I../Drivers/STM32F4xx_HAL_Driver/Inc -I../Drivers/CMSIS/Device/ST/STM32F4xx/Include -I../Drivers/STM32F4xx_HAL_Driver/Inc/Legacy -O0 -ffunction-sections -fdata-sections -Wall -fstack-usage -MMD -MP -MF"Src/stm32f4xx_hal_adc_ex.d" -MT"Src/stm32f4xx_hal_adc_ex.o"  -mfpu=fpv4-sp-d16 -mfloat-abi=hard -mthumb -o "Src/stm32f4xx_hal_adc_ex.o"
arm-none-eabi-gcc "../Src/stm32f4xx_hal_msp.c" -mcpu=cortex-m4 -std=gnu11 -g3 -DUSE_HAL_DRIVER -DSTM32F446xx -DDEBUG -c -I../Inc -I../Drivers/CMSIS/Include -I../Drivers/STM32F4xx_HAL_Driver/Inc -I../Drivers/CMSIS/Device/ST/STM32F4xx/Include -I../Drivers/STM32F4xx_HAL_Driver/Inc/Legacy -O0 -ffunction-sections -fdata-sections -Wall -fstack-usage -MMD -MP -MF"Src/stm32f4xx_hal_msp.d" -MT"Src/stm32f4xx_hal_msp.o"  -mfpu=fpv4-sp-d16 -mfloat-abi=hard -mthumb -o "Src/stm32f4xx_hal_msp.o"
arm-none-eabi-gcc "../Src/stm32f4xx_it.c" -mcpu=cortex-m4 -std=gnu11 -g3 -DUSE_HAL_DRIVER -DSTM32F446xx -DDEBUG -c -I../Inc -I../Drivers/CMSIS/Include -I../Drivers/STM32F4xx_HAL_Driver/Inc -I../Drivers/CMSIS/Device/ST/STM32F4xx/Include -I../Drivers/STM32F4xx_HAL_Driver/Inc/Legacy -O0 -ffunction-sections -fdata-sections -Wall -fstack-usage -MMD -MP -MF"Src/stm32f4xx_it.d" -MT"Src/stm32f4xx_it.o"  -mfpu=fpv4-sp-d16 -mfloat-abi=hard -mthumb -o "Src/stm32f4xx_it.o"
arm-none-eabi-gcc "../Src/syscalls.c" -mcpu=cortex-m4 -std=gnu11 -g3 -DUSE_HAL_DRIVER -DSTM32F446xx -DDEBUG -c -I../Inc -I../Drivers/CMSIS/Include -I../Drivers/STM32F4xx_HAL_Driver/Inc -I../Drivers/CMSIS/Device/ST/STM32F4xx/Include -I../Drivers/STM32F4xx_HAL_Driver/Inc/Legacy -O0 -ffunction-sections -fdata-sections -Wall -fstack-usage -MMD -MP -MF"Src/syscalls.d" -MT"Src/syscalls.o"  -mfpu=fpv4-sp-d16 -mfloat-abi=hard -mthumb -o "Src/syscalls.o"
arm-none-eabi-gcc "../Src/sysmem.c" -mcpu=cortex-m4 -std=gnu11 -g3 -DUSE_HAL_DRIVER -DSTM32F446xx -DDEBUG -c -I../Inc -I../Drivers/CMSIS/Include -I../Drivers/STM32F4xx_HAL_Driver/Inc -I../Drivers/CMSIS/Device/ST/STM32F4xx/Include -I../Drivers/STM32F4xx_HAL_Driver/Inc/Legacy -O0 -ffunction-sections -fdata-sections -Wall -fstack-usage -MMD -MP -MF"Src/sysmem.d" -MT"Src/sysmem.o"  -mfpu=fpv4-sp-d16 -mfloat-abi=hard -mthumb -o "Src/sysmem.o"
../Src/ADCClass.cpp:51:34: error: no 'int ADCClass::getAnalogValue()' member function declared in class 'ADCClass'
 int ADCClass::getAnalogValue(void){
                                  ^
make: *** [Src/subdir.mk:58: Src/ADCClass.o] Error 1
make: *** Waiting for unfinished jobs....
../Src/main.cpp: In function 'int main()':
../Src/main.cpp:138:7: error: 'class ADCClass' has no member named 'getAnalogValue'
  Adc1.getAnalogValue();
       ^~~~~~~~~~~~~~
../Src/HighLevelComm.cpp: In member function 'bool HighLevelComm::Move(int)':
../Src/HighLevelComm.cpp:82:1: warning: control reaches end of non-void function [-Wreturn-type]
 }
 ^
make: *** [Src/subdir.mk:68: Src/main.o] Error 1
"make -j12 all" terminated with exit code 2. Build might be incomplete.
11:24:21 **** Clean-only build of configuration Debug for project STM32_Project_Graduation ****
make -j12 clean 
rm -rf *
 
11:24:22 **** Incremental Build of configuration Debug for project STM32_Project_Graduation ****
make -j12 all 
arm-none-eabi-gcc -mcpu=cortex-m4 -g3 -DUSE_FULL_ASSERT -c -x assembler-with-cpp  -mfpu=fpv4-sp-d16 -mfloat-abi=hard -mthumb -o "Startup/startup_stm32f446retx.o" "../Startup/startup_stm32f446retx.s"
arm-none-eabi-g++ "../Src/ADCClass.cpp" -mcpu=cortex-m4 -std=gnu++14 -g3 -DUSE_HAL_DRIVER -DSTM32F446xx -DDEBUG -DUSE_FULL_ASSERT -c -I../Inc -I../Drivers/CMSIS/Include -I../Drivers/STM32F4xx_HAL_Driver/Inc -I../Drivers/CMSIS/Device/ST/STM32F4xx/Include -I../Drivers/STM32F4xx_HAL_Driver/Inc/Legacy -O0 -ffunction-sections -fdata-sections -fno-exceptions -fno-rtti -fno-threadsafe-statics -fno-use-cxa-atexit -Wall -fstack-usage -MMD -MP -MF"Src/ADCClass.d" -MT"Src/ADCClass.o"  -mfpu=fpv4-sp-d16 -mfloat-abi=hard -mthumb -o "Src/ADCClass.o"
arm-none-eabi-g++ "../Src/ClassUartTest.cpp" -mcpu=cortex-m4 -std=gnu++14 -g3 -DUSE_HAL_DRIVER -DSTM32F446xx -DDEBUG -DUSE_FULL_ASSERT -c -I../Inc -I../Drivers/CMSIS/Include -I../Drivers/STM32F4xx_HAL_Driver/Inc -I../Drivers/CMSIS/Device/ST/STM32F4xx/Include -I../Drivers/STM32F4xx_HAL_Driver/Inc/Legacy -O0 -ffunction-sections -fdata-sections -fno-exceptions -fno-rtti -fno-threadsafe-statics -fno-use-cxa-atexit -Wall -fstack-usage -MMD -MP -MF"Src/ClassUartTest.d" -MT"Src/ClassUartTest.o"  -mfpu=fpv4-sp-d16 -mfloat-abi=hard -mthumb -o "Src/ClassUartTest.o"
arm-none-eabi-g++ "../Src/HighLevelComm.cpp" -mcpu=cortex-m4 -std=gnu++14 -g3 -DUSE_HAL_DRIVER -DSTM32F446xx -DDEBUG -DUSE_FULL_ASSERT -c -I../Inc -I../Drivers/CMSIS/Include -I../Drivers/STM32F4xx_HAL_Driver/Inc -I../Drivers/CMSIS/Device/ST/STM32F4xx/Include -I../Drivers/STM32F4xx_HAL_Driver/Inc/Legacy -O0 -ffunction-sections -fdata-sections -fno-exceptions -fno-rtti -fno-threadsafe-statics -fno-use-cxa-atexit -Wall -fstack-usage -MMD -MP -MF"Src/HighLevelComm.d" -MT"Src/HighLevelComm.o"  -mfpu=fpv4-sp-d16 -mfloat-abi=hard -mthumb -o "Src/HighLevelComm.o"
arm-none-eabi-g++ "../Src/PWM.cpp" -mcpu=cortex-m4 -std=gnu++14 -g3 -DUSE_HAL_DRIVER -DSTM32F446xx -DDEBUG -DUSE_FULL_ASSERT -c -I../Inc -I../Drivers/CMSIS/Include -I../Drivers/STM32F4xx_HAL_Driver/Inc -I../Drivers/CMSIS/Device/ST/STM32F4xx/Include -I../Drivers/STM32F4xx_HAL_Driver/Inc/Legacy -O0 -ffunction-sections -fdata-sections -fno-exceptions -fno-rtti -fno-threadsafe-statics -fno-use-cxa-atexit -Wall -fstack-usage -MMD -MP -MF"Src/PWM.d" -MT"Src/PWM.o"  -mfpu=fpv4-sp-d16 -mfloat-abi=hard -mthumb -o "Src/PWM.o"
arm-none-eabi-g++ "../Src/Queue.cpp" -mcpu=cortex-m4 -std=gnu++14 -g3 -DUSE_HAL_DRIVER -DSTM32F446xx -DDEBUG -DUSE_FULL_ASSERT -c -I../Inc -I../Drivers/CMSIS/Include -I../Drivers/STM32F4xx_HAL_Driver/Inc -I../Drivers/CMSIS/Device/ST/STM32F4xx/Include -I../Drivers/STM32F4xx_HAL_Driver/Inc/Legacy -O0 -ffunction-sections -fdata-sections -fno-exceptions -fno-rtti -fno-threadsafe-statics -fno-use-cxa-atexit -Wall -fstack-usage -MMD -MP -MF"Src/Queue.d" -MT"Src/Queue.o"  -mfpu=fpv4-sp-d16 -mfloat-abi=hard -mthumb -o "Src/Queue.o"
arm-none-eabi-g++ "../Src/main.cpp" -mcpu=cortex-m4 -std=gnu++14 -g3 -DUSE_HAL_DRIVER -DSTM32F446xx -DDEBUG -DUSE_FULL_ASSERT -c -I../Inc -I../Drivers/CMSIS/Include -I../Drivers/STM32F4xx_HAL_Driver/Inc -I../Drivers/CMSIS/Device/ST/STM32F4xx/Include -I../Drivers/STM32F4xx_HAL_Driver/Inc/Legacy -O0 -ffunction-sections -fdata-sections -fno-exceptions -fno-rtti -fno-threadsafe-statics -fno-use-cxa-atexit -Wall -fstack-usage -MMD -MP -MF"Src/main.d" -MT"Src/main.o"  -mfpu=fpv4-sp-d16 -mfloat-abi=hard -mthumb -o "Src/main.o"
arm-none-eabi-gcc "../Src/stm32f4xx_hal_adc.c" -mcpu=cortex-m4 -std=gnu11 -g3 -DUSE_HAL_DRIVER -DSTM32F446xx -DDEBUG -DUSE_FULL_ASSERT -c -I../Inc -I../Drivers/CMSIS/Include -I../Drivers/STM32F4xx_HAL_Driver/Inc -I../Drivers/CMSIS/Device/ST/STM32F4xx/Include -I../Drivers/STM32F4xx_HAL_Driver/Inc/Legacy -O0 -ffunction-sections -fdata-sections -Wall -fstack-usage -MMD -MP -MF"Src/stm32f4xx_hal_adc.d" -MT"Src/stm32f4xx_hal_adc.o"  -mfpu=fpv4-sp-d16 -mfloat-abi=hard -mthumb -o "Src/stm32f4xx_hal_adc.o"
arm-none-eabi-gcc "../Src/stm32f4xx_hal_adc_ex.c" -mcpu=cortex-m4 -std=gnu11 -g3 -DUSE_HAL_DRIVER -DSTM32F446xx -DDEBUG -DUSE_FULL_ASSERT -c -I../Inc -I../Drivers/CMSIS/Include -I../Drivers/STM32F4xx_HAL_Driver/Inc -I../Drivers/CMSIS/Device/ST/STM32F4xx/Include -I../Drivers/STM32F4xx_HAL_Driver/Inc/Legacy -O0 -ffunction-sections -fdata-sections -Wall -fstack-usage -MMD -MP -MF"Src/stm32f4xx_hal_adc_ex.d" -MT"Src/stm32f4xx_hal_adc_ex.o"  -mfpu=fpv4-sp-d16 -mfloat-abi=hard -mthumb -o "Src/stm32f4xx_hal_adc_ex.o"
arm-none-eabi-gcc "../Src/stm32f4xx_hal_msp.c" -mcpu=cortex-m4 -std=gnu11 -g3 -DUSE_HAL_DRIVER -DSTM32F446xx -DDEBUG -DUSE_FULL_ASSERT -c -I../Inc -I../Drivers/CMSIS/Include -I../Drivers/STM32F4xx_HAL_Driver/Inc -I../Drivers/CMSIS/Device/ST/STM32F4xx/Include -I../Drivers/STM32F4xx_HAL_Driver/Inc/Legacy -O0 -ffunction-sections -fdata-sections -Wall -fstack-usage -MMD -MP -MF"Src/stm32f4xx_hal_msp.d" -MT"Src/stm32f4xx_hal_msp.o"  -mfpu=fpv4-sp-d16 -mfloat-abi=hard -mthumb -o "Src/stm32f4xx_hal_msp.o"
arm-none-eabi-gcc "../Src/stm32f4xx_it.c" -mcpu=cortex-m4 -std=gnu11 -g3 -DUSE_HAL_DRIVER -DSTM32F446xx -DDEBUG -DUSE_FULL_ASSERT -c -I../Inc -I../Drivers/CMSIS/Include -I../Drivers/STM32F4xx_HAL_Driver/Inc -I../Drivers/CMSIS/Device/ST/STM32F4xx/Include -I../Drivers/STM32F4xx_HAL_Driver/Inc/Legacy -O0 -ffunction-sections -fdata-sections -Wall -fstack-usage -MMD -MP -MF"Src/stm32f4xx_it.d" -MT"Src/stm32f4xx_it.o"  -mfpu=fpv4-sp-d16 -mfloat-abi=hard -mthumb -o "Src/stm32f4xx_it.o"
arm-none-eabi-gcc "../Src/syscalls.c" -mcpu=cortex-m4 -std=gnu11 -g3 -DUSE_HAL_DRIVER -DSTM32F446xx -DDEBUG -DUSE_FULL_ASSERT -c -I../Inc -I../Drivers/CMSIS/Include -I../Drivers/STM32F4xx_HAL_Driver/Inc -I../Drivers/CMSIS/Device/ST/STM32F4xx/Include -I../Drivers/STM32F4xx_HAL_Driver/Inc/Legacy -O0 -ffunction-sections -fdata-sections -Wall -fstack-usage -MMD -MP -MF"Src/syscalls.d" -MT"Src/syscalls.o"  -mfpu=fpv4-sp-d16 -mfloat-abi=hard -mthumb -o "Src/syscalls.o"
arm-none-eabi-gcc "../Src/sysmem.c" -mcpu=cortex-m4 -std=gnu11 -g3 -DUSE_HAL_DRIVER -DSTM32F446xx -DDEBUG -DUSE_FULL_ASSERT -c -I../Inc -I../Drivers/CMSIS/Include -I../Drivers/STM32F4xx_HAL_Driver/Inc -I../Drivers/CMSIS/Device/ST/STM32F4xx/Include -I../Drivers/STM32F4xx_HAL_Driver/Inc/Legacy -O0 -ffunction-sections -fdata-sections -Wall -fstack-usage -MMD -MP -MF"Src/sysmem.d" -MT"Src/sysmem.o"  -mfpu=fpv4-sp-d16 -mfloat-abi=hard -mthumb -o "Src/sysmem.o"
../Src/ADCClass.cpp: In member function 'int ADCClass::getAnalogValue()':
../Src/ADCClass.cpp:54:8: error: 'analogValue' was not declared in this scope
        analogValue = HAL_ADC_GetValue(&hadc1);
        ^~~~~~~~~~~
../Src/ADCClass.cpp:54:8: note: suggested alternative: 'getAnalogValue'
        analogValue = HAL_ADC_GetValue(&hadc1);
        ^~~~~~~~~~~
        getAnalogValue
make: *** [Src/subdir.mk:58: Src/ADCClass.o] Error 1
make: *** Waiting for unfinished jobs....
../Src/HighLevelComm.cpp: In member function 'bool HighLevelComm::Move(int)':
../Src/HighLevelComm.cpp:82:1: warning: control reaches end of non-void function [-Wreturn-type]
 }
 ^
"make -j12 all" terminated with exit code 2. Build might be incomplete.
11:24:50 **** Incremental Build of configuration Debug for project STM32_Project_Graduation ****
make -j12 all 
arm-none-eabi-g++ "../Src/ADCClass.cpp" -mcpu=cortex-m4 -std=gnu++14 -g3 -DUSE_HAL_DRIVER -DSTM32F446xx -DDEBUG -DUSE_FULL_ASSERT -c -I../Inc -I../Drivers/CMSIS/Include -I../Drivers/STM32F4xx_HAL_Driver/Inc -I../Drivers/CMSIS/Device/ST/STM32F4xx/Include -I../Drivers/STM32F4xx_HAL_Driver/Inc/Legacy -O0 -ffunction-sections -fdata-sections -fno-exceptions -fno-rtti -fno-threadsafe-statics -fno-use-cxa-atexit -Wall -fstack-usage -MMD -MP -MF"Src/ADCClass.d" -MT"Src/ADCClass.o"  -mfpu=fpv4-sp-d16 -mfloat-abi=hard -mthumb -o "Src/ADCClass.o"
arm-none-eabi-gcc "../Src/system_stm32f4xx.c" -mcpu=cortex-m4 -std=gnu11 -g3 -DUSE_HAL_DRIVER -DSTM32F446xx -DDEBUG -DUSE_FULL_ASSERT -c -I../Inc -I../Drivers/CMSIS/Include -I../Drivers/STM32F4xx_HAL_Driver/Inc -I../Drivers/CMSIS/Device/ST/STM32F4xx/Include -I../Drivers/STM32F4xx_HAL_Driver/Inc/Legacy -O0 -ffunction-sections -fdata-sections -Wall -fstack-usage -MMD -MP -MF"Src/system_stm32f4xx.d" -MT"Src/system_stm32f4xx.o"  -mfpu=fpv4-sp-d16 -mfloat-abi=hard -mthumb -o "Src/system_stm32f4xx.o"
arm-none-eabi-gcc "../Drivers/STM32F4xx_HAL_Driver/Src/stm32f4xx_hal.c" -mcpu=cortex-m4 -std=gnu11 -g3 -DUSE_HAL_DRIVER -DSTM32F446xx -DDEBUG -DUSE_FULL_ASSERT -c -I../Inc -I../Drivers/CMSIS/Include -I../Drivers/STM32F4xx_HAL_Driver/Inc -I../Drivers/CMSIS/Device/ST/STM32F4xx/Include -I../Drivers/STM32F4xx_HAL_Driver/Inc/Legacy -O0 -ffunction-sections -fdata-sections -Wall -fstack-usage -MMD -MP -MF"Drivers/STM32F4xx_HAL_Driver/Src/stm32f4xx_hal.d" -MT"Drivers/STM32F4xx_HAL_Driver/Src/stm32f4xx_hal.o"  -mfpu=fpv4-sp-d16 -mfloat-abi=hard -mthumb -o "Drivers/STM32F4xx_HAL_Driver/Src/stm32f4xx_hal.o"
arm-none-eabi-gcc "../Drivers/STM32F4xx_HAL_Driver/Src/stm32f4xx_hal_cortex.c" -mcpu=cortex-m4 -std=gnu11 -g3 -DUSE_HAL_DRIVER -DSTM32F446xx -DDEBUG -DUSE_FULL_ASSERT -c -I../Inc -I../Drivers/CMSIS/Include -I../Drivers/STM32F4xx_HAL_Driver/Inc -I../Drivers/CMSIS/Device/ST/STM32F4xx/Include -I../Drivers/STM32F4xx_HAL_Driver/Inc/Legacy -O0 -ffunction-sections -fdata-sections -Wall -fstack-usage -MMD -MP -MF"Drivers/STM32F4xx_HAL_Driver/Src/stm32f4xx_hal_cortex.d" -MT"Drivers/STM32F4xx_HAL_Driver/Src/stm32f4xx_hal_cortex.o"  -mfpu=fpv4-sp-d16 -mfloat-abi=hard -mthumb -o "Drivers/STM32F4xx_HAL_Driver/Src/stm32f4xx_hal_cortex.o"
arm-none-eabi-gcc "../Drivers/STM32F4xx_HAL_Driver/Src/stm32f4xx_hal_dma.c" -mcpu=cortex-m4 -std=gnu11 -g3 -DUSE_HAL_DRIVER -DSTM32F446xx -DDEBUG -DUSE_FULL_ASSERT -c -I../Inc -I../Drivers/CMSIS/Include -I../Drivers/STM32F4xx_HAL_Driver/Inc -I../Drivers/CMSIS/Device/ST/STM32F4xx/Include -I../Drivers/STM32F4xx_HAL_Driver/Inc/Legacy -O0 -ffunction-sections -fdata-sections -Wall -fstack-usage -MMD -MP -MF"Drivers/STM32F4xx_HAL_Driver/Src/stm32f4xx_hal_dma.d" -MT"Drivers/STM32F4xx_HAL_Driver/Src/stm32f4xx_hal_dma.o"  -mfpu=fpv4-sp-d16 -mfloat-abi=hard -mthumb -o "Drivers/STM32F4xx_HAL_Driver/Src/stm32f4xx_hal_dma.o"
arm-none-eabi-gcc "../Drivers/STM32F4xx_HAL_Driver/Src/stm32f4xx_hal_dma_ex.c" -mcpu=cortex-m4 -std=gnu11 -g3 -DUSE_HAL_DRIVER -DSTM32F446xx -DDEBUG -DUSE_FULL_ASSERT -c -I../Inc -I../Drivers/CMSIS/Include -I../Drivers/STM32F4xx_HAL_Driver/Inc -I../Drivers/CMSIS/Device/ST/STM32F4xx/Include -I../Drivers/STM32F4xx_HAL_Driver/Inc/Legacy -O0 -ffunction-sections -fdata-sections -Wall -fstack-usage -MMD -MP -MF"Drivers/STM32F4xx_HAL_Driver/Src/stm32f4xx_hal_dma_ex.d" -MT"Drivers/STM32F4xx_HAL_Driver/Src/stm32f4xx_hal_dma_ex.o"  -mfpu=fpv4-sp-d16 -mfloat-abi=hard -mthumb -o "Drivers/STM32F4xx_HAL_Driver/Src/stm32f4xx_hal_dma_ex.o"
arm-none-eabi-gcc "../Drivers/STM32F4xx_HAL_Driver/Src/stm32f4xx_hal_exti.c" -mcpu=cortex-m4 -std=gnu11 -g3 -DUSE_HAL_DRIVER -DSTM32F446xx -DDEBUG -DUSE_FULL_ASSERT -c -I../Inc -I../Drivers/CMSIS/Include -I../Drivers/STM32F4xx_HAL_Driver/Inc -I../Drivers/CMSIS/Device/ST/STM32F4xx/Include -I../Drivers/STM32F4xx_HAL_Driver/Inc/Legacy -O0 -ffunction-sections -fdata-sections -Wall -fstack-usage -MMD -MP -MF"Drivers/STM32F4xx_HAL_Driver/Src/stm32f4xx_hal_exti.d" -MT"Drivers/STM32F4xx_HAL_Driver/Src/stm32f4xx_hal_exti.o"  -mfpu=fpv4-sp-d16 -mfloat-abi=hard -mthumb -o "Drivers/STM32F4xx_HAL_Driver/Src/stm32f4xx_hal_exti.o"
arm-none-eabi-gcc "../Drivers/STM32F4xx_HAL_Driver/Src/stm32f4xx_hal_flash.c" -mcpu=cortex-m4 -std=gnu11 -g3 -DUSE_HAL_DRIVER -DSTM32F446xx -DDEBUG -DUSE_FULL_ASSERT -c -I../Inc -I../Drivers/CMSIS/Include -I../Drivers/STM32F4xx_HAL_Driver/Inc -I../Drivers/CMSIS/Device/ST/STM32F4xx/Include -I../Drivers/STM32F4xx_HAL_Driver/Inc/Legacy -O0 -ffunction-sections -fdata-sections -Wall -fstack-usage -MMD -MP -MF"Drivers/STM32F4xx_HAL_Driver/Src/stm32f4xx_hal_flash.d" -MT"Drivers/STM32F4xx_HAL_Driver/Src/stm32f4xx_hal_flash.o"  -mfpu=fpv4-sp-d16 -mfloat-abi=hard -mthumb -o "Drivers/STM32F4xx_HAL_Driver/Src/stm32f4xx_hal_flash.o"
arm-none-eabi-gcc "../Drivers/STM32F4xx_HAL_Driver/Src/stm32f4xx_hal_flash_ex.c" -mcpu=cortex-m4 -std=gnu11 -g3 -DUSE_HAL_DRIVER -DSTM32F446xx -DDEBUG -DUSE_FULL_ASSERT -c -I../Inc -I../Drivers/CMSIS/Include -I../Drivers/STM32F4xx_HAL_Driver/Inc -I../Drivers/CMSIS/Device/ST/STM32F4xx/Include -I../Drivers/STM32F4xx_HAL_Driver/Inc/Legacy -O0 -ffunction-sections -fdata-sections -Wall -fstack-usage -MMD -MP -MF"Drivers/STM32F4xx_HAL_Driver/Src/stm32f4xx_hal_flash_ex.d" -MT"Drivers/STM32F4xx_HAL_Driver/Src/stm32f4xx_hal_flash_ex.o"  -mfpu=fpv4-sp-d16 -mfloat-abi=hard -mthumb -o "Drivers/STM32F4xx_HAL_Driver/Src/stm32f4xx_hal_flash_ex.o"
arm-none-eabi-gcc "../Drivers/STM32F4xx_HAL_Driver/Src/stm32f4xx_hal_flash_ramfunc.c" -mcpu=cortex-m4 -std=gnu11 -g3 -DUSE_HAL_DRIVER -DSTM32F446xx -DDEBUG -DUSE_FULL_ASSERT -c -I../Inc -I../Drivers/CMSIS/Include -I../Drivers/STM32F4xx_HAL_Driver/Inc -I../Drivers/CMSIS/Device/ST/STM32F4xx/Include -I../Drivers/STM32F4xx_HAL_Driver/Inc/Legacy -O0 -ffunction-sections -fdata-sections -Wall -fstack-usage -MMD -MP -MF"Drivers/STM32F4xx_HAL_Driver/Src/stm32f4xx_hal_flash_ramfunc.d" -MT"Drivers/STM32F4xx_HAL_Driver/Src/stm32f4xx_hal_flash_ramfunc.o"  -mfpu=fpv4-sp-d16 -mfloat-abi=hard -mthumb -o "Drivers/STM32F4xx_HAL_Driver/Src/stm32f4xx_hal_flash_ramfunc.o"
arm-none-eabi-gcc "../Drivers/STM32F4xx_HAL_Driver/Src/stm32f4xx_hal_gpio.c" -mcpu=cortex-m4 -std=gnu11 -g3 -DUSE_HAL_DRIVER -DSTM32F446xx -DDEBUG -DUSE_FULL_ASSERT -c -I../Inc -I../Drivers/CMSIS/Include -I../Drivers/STM32F4xx_HAL_Driver/Inc -I../Drivers/CMSIS/Device/ST/STM32F4xx/Include -I../Drivers/STM32F4xx_HAL_Driver/Inc/Legacy -O0 -ffunction-sections -fdata-sections -Wall -fstack-usage -MMD -MP -MF"Drivers/STM32F4xx_HAL_Driver/Src/stm32f4xx_hal_gpio.d" -MT"Drivers/STM32F4xx_HAL_Driver/Src/stm32f4xx_hal_gpio.o"  -mfpu=fpv4-sp-d16 -mfloat-abi=hard -mthumb -o "Drivers/STM32F4xx_HAL_Driver/Src/stm32f4xx_hal_gpio.o"
arm-none-eabi-gcc "../Drivers/STM32F4xx_HAL_Driver/Src/stm32f4xx_hal_pwr.c" -mcpu=cortex-m4 -std=gnu11 -g3 -DUSE_HAL_DRIVER -DSTM32F446xx -DDEBUG -DUSE_FULL_ASSERT -c -I../Inc -I../Drivers/CMSIS/Include -I../Drivers/STM32F4xx_HAL_Driver/Inc -I../Drivers/CMSIS/Device/ST/STM32F4xx/Include -I../Drivers/STM32F4xx_HAL_Driver/Inc/Legacy -O0 -ffunction-sections -fdata-sections -Wall -fstack-usage -MMD -MP -MF"Drivers/STM32F4xx_HAL_Driver/Src/stm32f4xx_hal_pwr.d" -MT"Drivers/STM32F4xx_HAL_Driver/Src/stm32f4xx_hal_pwr.o"  -mfpu=fpv4-sp-d16 -mfloat-abi=hard -mthumb -o "Drivers/STM32F4xx_HAL_Driver/Src/stm32f4xx_hal_pwr.o"
../Src/ADCClass.cpp: In member function 'int ADCClass::getAnalogValue()':
../Src/ADCClass.cpp:57:1: warning: control reaches end of non-void function [-Wreturn-type]
 }
 ^
arm-none-eabi-gcc "../Drivers/STM32F4xx_HAL_Driver/Src/stm32f4xx_hal_pwr_ex.c" -mcpu=cortex-m4 -std=gnu11 -g3 -DUSE_HAL_DRIVER -DSTM32F446xx -DDEBUG -DUSE_FULL_ASSERT -c -I../Inc -I../Drivers/CMSIS/Include -I../Drivers/STM32F4xx_HAL_Driver/Inc -I../Drivers/CMSIS/Device/ST/STM32F4xx/Include -I../Drivers/STM32F4xx_HAL_Driver/Inc/Legacy -O0 -ffunction-sections -fdata-sections -Wall -fstack-usage -MMD -MP -MF"Drivers/STM32F4xx_HAL_Driver/Src/stm32f4xx_hal_pwr_ex.d" -MT"Drivers/STM32F4xx_HAL_Driver/Src/stm32f4xx_hal_pwr_ex.o"  -mfpu=fpv4-sp-d16 -mfloat-abi=hard -mthumb -o "Drivers/STM32F4xx_HAL_Driver/Src/stm32f4xx_hal_pwr_ex.o"
arm-none-eabi-gcc "../Drivers/STM32F4xx_HAL_Driver/Src/stm32f4xx_hal_rcc.c" -mcpu=cortex-m4 -std=gnu11 -g3 -DUSE_HAL_DRIVER -DSTM32F446xx -DDEBUG -DUSE_FULL_ASSERT -c -I../Inc -I../Drivers/CMSIS/Include -I../Drivers/STM32F4xx_HAL_Driver/Inc -I../Drivers/CMSIS/Device/ST/STM32F4xx/Include -I../Drivers/STM32F4xx_HAL_Driver/Inc/Legacy -O0 -ffunction-sections -fdata-sections -Wall -fstack-usage -MMD -MP -MF"Drivers/STM32F4xx_HAL_Driver/Src/stm32f4xx_hal_rcc.d" -MT"Drivers/STM32F4xx_HAL_Driver/Src/stm32f4xx_hal_rcc.o"  -mfpu=fpv4-sp-d16 -mfloat-abi=hard -mthumb -o "Drivers/STM32F4xx_HAL_Driver/Src/stm32f4xx_hal_rcc.o"
arm-none-eabi-gcc "../Drivers/STM32F4xx_HAL_Driver/Src/stm32f4xx_hal_rcc_ex.c" -mcpu=cortex-m4 -std=gnu11 -g3 -DUSE_HAL_DRIVER -DSTM32F446xx -DDEBUG -DUSE_FULL_ASSERT -c -I../Inc -I../Drivers/CMSIS/Include -I../Drivers/STM32F4xx_HAL_Driver/Inc -I../Drivers/CMSIS/Device/ST/STM32F4xx/Include -I../Drivers/STM32F4xx_HAL_Driver/Inc/Legacy -O0 -ffunction-sections -fdata-sections -Wall -fstack-usage -MMD -MP -MF"Drivers/STM32F4xx_HAL_Driver/Src/stm32f4xx_hal_rcc_ex.d" -MT"Drivers/STM32F4xx_HAL_Driver/Src/stm32f4xx_hal_rcc_ex.o"  -mfpu=fpv4-sp-d16 -mfloat-abi=hard -mthumb -o "Drivers/STM32F4xx_HAL_Driver/Src/stm32f4xx_hal_rcc_ex.o"
arm-none-eabi-gcc "../Drivers/STM32F4xx_HAL_Driver/Src/stm32f4xx_hal_tim.c" -mcpu=cortex-m4 -std=gnu11 -g3 -DUSE_HAL_DRIVER -DSTM32F446xx -DDEBUG -DUSE_FULL_ASSERT -c -I../Inc -I../Drivers/CMSIS/Include -I../Drivers/STM32F4xx_HAL_Driver/Inc -I../Drivers/CMSIS/Device/ST/STM32F4xx/Include -I../Drivers/STM32F4xx_HAL_Driver/Inc/Legacy -O0 -ffunction-sections -fdata-sections -Wall -fstack-usage -MMD -MP -MF"Drivers/STM32F4xx_HAL_Driver/Src/stm32f4xx_hal_tim.d" -MT"Drivers/STM32F4xx_HAL_Driver/Src/stm32f4xx_hal_tim.o"  -mfpu=fpv4-sp-d16 -mfloat-abi=hard -mthumb -o "Drivers/STM32F4xx_HAL_Driver/Src/stm32f4xx_hal_tim.o"
arm-none-eabi-gcc "../Drivers/STM32F4xx_HAL_Driver/Src/stm32f4xx_hal_tim_ex.c" -mcpu=cortex-m4 -std=gnu11 -g3 -DUSE_HAL_DRIVER -DSTM32F446xx -DDEBUG -DUSE_FULL_ASSERT -c -I../Inc -I../Drivers/CMSIS/Include -I../Drivers/STM32F4xx_HAL_Driver/Inc -I../Drivers/CMSIS/Device/ST/STM32F4xx/Include -I../Drivers/STM32F4xx_HAL_Driver/Inc/Legacy -O0 -ffunction-sections -fdata-sections -Wall -fstack-usage -MMD -MP -MF"Drivers/STM32F4xx_HAL_Driver/Src/stm32f4xx_hal_tim_ex.d" -MT"Drivers/STM32F4xx_HAL_Driver/Src/stm32f4xx_hal_tim_ex.o"  -mfpu=fpv4-sp-d16 -mfloat-abi=hard -mthumb -o "Drivers/STM32F4xx_HAL_Driver/Src/stm32f4xx_hal_tim_ex.o"
arm-none-eabi-gcc "../Drivers/STM32F4xx_HAL_Driver/Src/stm32f4xx_hal_uart.c" -mcpu=cortex-m4 -std=gnu11 -g3 -DUSE_HAL_DRIVER -DSTM32F446xx -DDEBUG -DUSE_FULL_ASSERT -c -I../Inc -I../Drivers/CMSIS/Include -I../Drivers/STM32F4xx_HAL_Driver/Inc -I../Drivers/CMSIS/Device/ST/STM32F4xx/Include -I../Drivers/STM32F4xx_HAL_Driver/Inc/Legacy -O0 -ffunction-sections -fdata-sections -Wall -fstack-usage -MMD -MP -MF"Drivers/STM32F4xx_HAL_Driver/Src/stm32f4xx_hal_uart.d" -MT"Drivers/STM32F4xx_HAL_Driver/Src/stm32f4xx_hal_uart.o"  -mfpu=fpv4-sp-d16 -mfloat-abi=hard -mthumb -o "Drivers/STM32F4xx_HAL_Driver/Src/stm32f4xx_hal_uart.o"
arm-none-eabi-g++ -o "STM32_Project_Graduation.elf" @"objects.list"   -mcpu=cortex-m4 -T"C:\Users\59488\Documents\GitHub\MaokunWang\STM32_Project_Graduation\STM32F446RETX_FLASH.ld" -Wl,-Map="STM32_Project_Graduation.map" -Wl,--gc-sections -static  -mfpu=fpv4-sp-d16 -mfloat-abi=hard -mthumb -Wl,--start-group -lc -lm -lstdc++ -lsupc++ -Wl,--end-group
Finished building target: STM32_Project_Graduation.elf
 
arm-none-eabi-size   STM32_Project_Graduation.elf 
arm-none-eabi-objdump -h -S  STM32_Project_Graduation.elf  > "STM32_Project_Graduation.list"
arm-none-eabi-objcopy  -O binary  STM32_Project_Graduation.elf  "STM32_Project_Graduation.bin"
   text	   data	    bss	    dec	    hex	filename
 304368	   2796	   7576	 314740	  4cd74	STM32_Project_Graduation.elf
Finished building: default.size.stdout
 
Finished building: STM32_Project_Graduation.bin
 
Finished building: STM32_Project_Graduation.list
 
11:28:18 **** Incremental Build of configuration Debug for project STM32_Project_Graduation ****
make -j12 all 
arm-none-eabi-g++ "../Src/ADCClass.cpp" -mcpu=cortex-m4 -std=gnu++14 -g3 -DUSE_HAL_DRIVER -DSTM32F446xx -DDEBUG -DUSE_FULL_ASSERT -c -I../Inc -I../Drivers/CMSIS/Include -I../Drivers/STM32F4xx_HAL_Driver/Inc -I../Drivers/CMSIS/Device/ST/STM32F4xx/Include -I../Drivers/STM32F4xx_HAL_Driver/Inc/Legacy -O0 -ffunction-sections -fdata-sections -fno-exceptions -fno-rtti -fno-threadsafe-statics -fno-use-cxa-atexit -Wall -fstack-usage -MMD -MP -MF"Src/ADCClass.d" -MT"Src/ADCClass.o"  -mfpu=fpv4-sp-d16 -mfloat-abi=hard -mthumb -o "Src/ADCClass.o"
../Src/ADCClass.cpp: In member function 'int ADCClass::getAnalogValue()':
../Src/ADCClass.cpp:55:29: error: 'VREFINT_CAL_ADDR' was not declared in this scope
        analogValue = 3300*(*VREFINT_CAL_ADDR)/analogValue;
                             ^~~~~~~~~~~~~~~~
../Src/ADCClass.cpp:58:1: warning: control reaches end of non-void function [-Wreturn-type]
 }
 ^
make: *** [Src/subdir.mk:58: Src/ADCClass.o] Error 1
"make -j12 all" terminated with exit code 2. Build might be incomplete.
11:28:50 **** Incremental Build of configuration Debug for project STM32_Project_Graduation ****
make -j12 all 
arm-none-eabi-g++ "../Src/ADCClass.cpp" -mcpu=cortex-m4 -std=gnu++14 -g3 -DUSE_HAL_DRIVER -DSTM32F446xx -DDEBUG -DUSE_FULL_ASSERT -c -I../Inc -I../Drivers/CMSIS/Include -I../Drivers/STM32F4xx_HAL_Driver/Inc -I../Drivers/CMSIS/Device/ST/STM32F4xx/Include -I../Drivers/STM32F4xx_HAL_Driver/Inc/Legacy -O0 -ffunction-sections -fdata-sections -fno-exceptions -fno-rtti -fno-threadsafe-statics -fno-use-cxa-atexit -Wall -fstack-usage -MMD -MP -MF"Src/ADCClass.d" -MT"Src/ADCClass.o"  -mfpu=fpv4-sp-d16 -mfloat-abi=hard -mthumb -o "Src/ADCClass.o"
../Src/ADCClass.cpp: In member function 'int ADCClass::getAnalogValue()':
../Src/ADCClass.cpp:59:1: warning: control reaches end of non-void function [-Wreturn-type]
 }
 ^
arm-none-eabi-g++ -o "STM32_Project_Graduation.elf" @"objects.list"   -mcpu=cortex-m4 -T"C:\Users\59488\Documents\GitHub\MaokunWang\STM32_Project_Graduation\STM32F446RETX_FLASH.ld" -Wl,-Map="STM32_Project_Graduation.map" -Wl,--gc-sections -static  -mfpu=fpv4-sp-d16 -mfloat-abi=hard -mthumb -Wl,--start-group -lc -lm -lstdc++ -lsupc++ -Wl,--end-group
Finished building target: STM32_Project_Graduation.elf
 
arm-none-eabi-objdump -h -S  STM32_Project_Graduation.elf  > "STM32_Project_Graduation.list"
arm-none-eabi-objcopy  -O binary  STM32_Project_Graduation.elf  "STM32_Project_Graduation.bin"
arm-none-eabi-size   STM32_Project_Graduation.elf 
   text	   data	    bss	    dec	    hex	filename
 304400	   2796	   7576	 314772	  4cd94	STM32_Project_Graduation.elf
Finished building: default.size.stdout
 
Finished building: STM32_Project_Graduation.bin
 
Finished building: STM32_Project_Graduation.list
 
11:29:09 **** Incremental Build of configuration Debug for project STM32_Project_Graduation ****
make -j12 all 
arm-none-eabi-size   STM32_Project_Graduation.elf 
   text	   data	    bss	    dec	    hex	filename
 304400	   2796	   7576	 314772	  4cd94	STM32_Project_Graduation.elf
Finished building: default.size.stdout
 
11:29:41 **** Incremental Build of configuration Debug for project STM32_Project_Graduation ****
make -j12 all 
arm-none-eabi-size   STM32_Project_Graduation.elf 
   text	   data	    bss	    dec	    hex	filename
 304400	   2796	   7576	 314772	  4cd94	STM32_Project_Graduation.elf
Finished building: default.size.stdout
 
11:30:19 **** Incremental Build of configuration Debug for project STM32_Project_Graduation ****
make -j12 all 
arm-none-eabi-g++ "../Src/main.cpp" -mcpu=cortex-m4 -std=gnu++14 -g3 -DUSE_HAL_DRIVER -DSTM32F446xx -DDEBUG -DUSE_FULL_ASSERT -c -I../Inc -I../Drivers/CMSIS/Include -I../Drivers/STM32F4xx_HAL_Driver/Inc -I../Drivers/CMSIS/Device/ST/STM32F4xx/Include -I../Drivers/STM32F4xx_HAL_Driver/Inc/Legacy -O0 -ffunction-sections -fdata-sections -fno-exceptions -fno-rtti -fno-threadsafe-statics -fno-use-cxa-atexit -Wall -fstack-usage -MMD -MP -MF"Src/main.d" -MT"Src/main.o"  -mfpu=fpv4-sp-d16 -mfloat-abi=hard -mthumb -o "Src/main.o"
../Src/main.cpp: In function 'int main()':
../Src/main.cpp:138:6: warning: unused variable 'val' [-Wunused-variable]
  int val=Adc1.getAnalogValue();
      ^~~
arm-none-eabi-g++ -o "STM32_Project_Graduation.elf" @"objects.list"   -mcpu=cortex-m4 -T"C:\Users\59488\Documents\GitHub\MaokunWang\STM32_Project_Graduation\STM32F446RETX_FLASH.ld" -Wl,-Map="STM32_Project_Graduation.map" -Wl,--gc-sections -static  -mfpu=fpv4-sp-d16 -mfloat-abi=hard -mthumb -Wl,--start-group -lc -lm -lstdc++ -lsupc++ -Wl,--end-group
Finished building target: STM32_Project_Graduation.elf
 
arm-none-eabi-objdump -h -S  STM32_Project_Graduation.elf  > "STM32_Project_Graduation.list"
arm-none-eabi-objcopy  -O binary  STM32_Project_Graduation.elf  "STM32_Project_Graduation.bin"
arm-none-eabi-size   STM32_Project_Graduation.elf 
   text	   data	    bss	    dec	    hex	filename
 304400	   2796	   7576	 314772	  4cd94	STM32_Project_Graduation.elf
Finished building: default.size.stdout
 
Finished building: STM32_Project_Graduation.bin
 
Finished building: STM32_Project_Graduation.list
 
11:30:38 **** Incremental Build of configuration Debug for project STM32_Project_Graduation ****
make -j12 all 
arm-none-eabi-size   STM32_Project_Graduation.elf 
   text	   data	    bss	    dec	    hex	filename
 304400	   2796	   7576	 314772	  4cd94	STM32_Project_Graduation.elf
Finished building: default.size.stdout
 
11:32:09 **** Incremental Build of configuration Debug for project STM32_Project_Graduation ****
make -j12 all 
arm-none-eabi-size   STM32_Project_Graduation.elf 
   text	   data	    bss	    dec	    hex	filename
 304400	   2796	   7576	 314772	  4cd94	STM32_Project_Graduation.elf
Finished building: default.size.stdout
 
11:32:36 **** Incremental Build of configuration Debug for project STM32_Project_Graduation ****
make -j12 all 
arm-none-eabi-size   STM32_Project_Graduation.elf 
   text	   data	    bss	    dec	    hex	filename
 304400	   2796	   7576	 314772	  4cd94	STM32_Project_Graduation.elf
Finished building: default.size.stdout
 
11:33:25 **** Incremental Build of configuration Debug for project STM32_Project_Graduation ****
make -j12 all 
arm-none-eabi-size   STM32_Project_Graduation.elf 
   text	   data	    bss	    dec	    hex	filename
 304400	   2796	   7576	 314772	  4cd94	STM32_Project_Graduation.elf
Finished building: default.size.stdout
 
11:34:09 **** Incremental Build of configuration Debug for project STM32_Project_Graduation ****
make -j12 all 
arm-none-eabi-size   STM32_Project_Graduation.elf 
   text	   data	    bss	    dec	    hex	filename
 304400	   2796	   7576	 314772	  4cd94	STM32_Project_Graduation.elf
Finished building: default.size.stdout
 
11:35:02 **** Incremental Build of configuration Debug for project STM32_Project_Graduation ****
make -j12 all 
arm-none-eabi-g++ "../Src/main.cpp" -mcpu=cortex-m4 -std=gnu++14 -g3 -DUSE_HAL_DRIVER -DSTM32F446xx -DDEBUG -DUSE_FULL_ASSERT -c -I../Inc -I../Drivers/CMSIS/Include -I../Drivers/STM32F4xx_HAL_Driver/Inc -I../Drivers/CMSIS/Device/ST/STM32F4xx/Include -I../Drivers/STM32F4xx_HAL_Driver/Inc/Legacy -O0 -ffunction-sections -fdata-sections -fno-exceptions -fno-rtti -fno-threadsafe-statics -fno-use-cxa-atexit -Wall -fstack-usage -MMD -MP -MF"Src/main.d" -MT"Src/main.o"  -mfpu=fpv4-sp-d16 -mfloat-abi=hard -mthumb -o "Src/main.o"
../Src/main.cpp: In function 'int main()':
../Src/main.cpp:135:7: warning: unused variable 'val' [-Wunused-variable]
   int val=Adc1.getAnalogValue();
       ^~~
arm-none-eabi-g++ -o "STM32_Project_Graduation.elf" @"objects.list"   -mcpu=cortex-m4 -T"C:\Users\59488\Documents\GitHub\MaokunWang\STM32_Project_Graduation\STM32F446RETX_FLASH.ld" -Wl,-Map="STM32_Project_Graduation.map" -Wl,--gc-sections -static  -mfpu=fpv4-sp-d16 -mfloat-abi=hard -mthumb -Wl,--start-group -lc -lm -lstdc++ -lsupc++ -Wl,--end-group
Finished building target: STM32_Project_Graduation.elf
 
arm-none-eabi-objdump -h -S  STM32_Project_Graduation.elf  > "STM32_Project_Graduation.list"
arm-none-eabi-objcopy  -O binary  STM32_Project_Graduation.elf  "STM32_Project_Graduation.bin"
arm-none-eabi-size   STM32_Project_Graduation.elf 
   text	   data	    bss	    dec	    hex	filename
 304400	   2796	   7576	 314772	  4cd94	STM32_Project_Graduation.elf
Finished building: default.size.stdout
 
Finished building: STM32_Project_Graduation.bin
 
Finished building: STM32_Project_Graduation.list
 
11:36:10 **** Incremental Build of configuration Debug for project STM32_Project_Graduation ****
make -j12 all 
arm-none-eabi-size   STM32_Project_Graduation.elf 
   text	   data	    bss	    dec	    hex	filename
 304400	   2796	   7576	 314772	  4cd94	STM32_Project_Graduation.elf
Finished building: default.size.stdout
 
11:36:58 **** Incremental Build of configuration Debug for project STM32_Project_Graduation ****
make -j12 all 
arm-none-eabi-g++ "../Src/ADCClass.cpp" -mcpu=cortex-m4 -std=gnu++14 -g3 -DUSE_HAL_DRIVER -DSTM32F446xx -DDEBUG -DUSE_FULL_ASSERT -c -I../Inc -I../Drivers/CMSIS/Include -I../Drivers/STM32F4xx_HAL_Driver/Inc -I../Drivers/CMSIS/Device/ST/STM32F4xx/Include -I../Drivers/STM32F4xx_HAL_Driver/Inc/Legacy -O0 -ffunction-sections -fdata-sections -fno-exceptions -fno-rtti -fno-threadsafe-statics -fno-use-cxa-atexit -Wall -fstack-usage -MMD -MP -MF"Src/ADCClass.d" -MT"Src/ADCClass.o"  -mfpu=fpv4-sp-d16 -mfloat-abi=hard -mthumb -o "Src/ADCClass.o"
../Src/ADCClass.cpp: In member function 'int ADCClass::getAnalogValue()':
../Src/ADCClass.cpp:59:1: warning: control reaches end of non-void function [-Wreturn-type]
 }
 ^
arm-none-eabi-g++ -o "STM32_Project_Graduation.elf" @"objects.list"   -mcpu=cortex-m4 -T"C:\Users\59488\Documents\GitHub\MaokunWang\STM32_Project_Graduation\STM32F446RETX_FLASH.ld" -Wl,-Map="STM32_Project_Graduation.map" -Wl,--gc-sections -static  -mfpu=fpv4-sp-d16 -mfloat-abi=hard -mthumb -Wl,--start-group -lc -lm -lstdc++ -lsupc++ -Wl,--end-group
Finished building target: STM32_Project_Graduation.elf
 
arm-none-eabi-objdump -h -S  STM32_Project_Graduation.elf  > "STM32_Project_Graduation.list"
arm-none-eabi-objcopy  -O binary  STM32_Project_Graduation.elf  "STM32_Project_Graduation.bin"
arm-none-eabi-size   STM32_Project_Graduation.elf 
   text	   data	    bss	    dec	    hex	filename
 304392	   2796	   7576	 314764	  4cd8c	STM32_Project_Graduation.elf
Finished building: default.size.stdout
 
Finished building: STM32_Project_Graduation.bin
 
Finished building: STM32_Project_Graduation.list
 
11:37:54 **** Incremental Build of configuration Debug for project STM32_Project_Graduation ****
make -j12 all 
arm-none-eabi-size   STM32_Project_Graduation.elf 
   text	   data	    bss	    dec	    hex	filename
 304392	   2796	   7576	 314764	  4cd8c	STM32_Project_Graduation.elf
Finished building: default.size.stdout
 
11:38:24 **** Incremental Build of configuration Debug for project STM32_Project_Graduation ****
make -j12 all 
arm-none-eabi-g++ "../Src/ADCClass.cpp" -mcpu=cortex-m4 -std=gnu++14 -g3 -DUSE_HAL_DRIVER -DSTM32F446xx -DDEBUG -DUSE_FULL_ASSERT -c -I../Inc -I../Drivers/CMSIS/Include -I../Drivers/STM32F4xx_HAL_Driver/Inc -I../Drivers/CMSIS/Device/ST/STM32F4xx/Include -I../Drivers/STM32F4xx_HAL_Driver/Inc/Legacy -O0 -ffunction-sections -fdata-sections -fno-exceptions -fno-rtti -fno-threadsafe-statics -fno-use-cxa-atexit -Wall -fstack-usage -MMD -MP -MF"Src/ADCClass.d" -MT"Src/ADCClass.o"  -mfpu=fpv4-sp-d16 -mfloat-abi=hard -mthumb -o "Src/ADCClass.o"
../Src/ADCClass.cpp: In member function 'int ADCClass::getAnalogValue()':
../Src/ADCClass.cpp:59:1: warning: control reaches end of non-void function [-Wreturn-type]
 }
 ^
arm-none-eabi-g++ -o "STM32_Project_Graduation.elf" @"objects.list"   -mcpu=cortex-m4 -T"C:\Users\59488\Documents\GitHub\MaokunWang\STM32_Project_Graduation\STM32F446RETX_FLASH.ld" -Wl,-Map="STM32_Project_Graduation.map" -Wl,--gc-sections -static  -mfpu=fpv4-sp-d16 -mfloat-abi=hard -mthumb -Wl,--start-group -lc -lm -lstdc++ -lsupc++ -Wl,--end-group
Finished building target: STM32_Project_Graduation.elf
 
arm-none-eabi-objdump -h -S  STM32_Project_Graduation.elf  > "STM32_Project_Graduation.list"
arm-none-eabi-objcopy  -O binary  STM32_Project_Graduation.elf  "STM32_Project_Graduation.bin"
arm-none-eabi-size   STM32_Project_Graduation.elf 
   text	   data	    bss	    dec	    hex	filename
 304400	   2796	   7576	 314772	  4cd94	STM32_Project_Graduation.elf
Finished building: default.size.stdout
 
Finished building: STM32_Project_Graduation.bin
 
Finished building: STM32_Project_Graduation.list
 
11:38:59 **** Incremental Build of configuration Debug for project STM32_Project_Graduation ****
make -j12 all 
arm-none-eabi-size   STM32_Project_Graduation.elf 
   text	   data	    bss	    dec	    hex	filename
 304400	   2796	   7576	 314772	  4cd94	STM32_Project_Graduation.elf
Finished building: default.size.stdout
 
11:39:02 **** Incremental Build of configuration Debug for project STM32_Project_Graduation ****
make -j12 all 
arm-none-eabi-size   STM32_Project_Graduation.elf 
   text	   data	    bss	    dec	    hex	filename
 304400	   2796	   7576	 314772	  4cd94	STM32_Project_Graduation.elf
Finished building: default.size.stdout
 
11:42:11 **** Incremental Build of configuration Debug for project STM32_Project_Graduation ****
make -j12 all 
arm-none-eabi-g++ "../Src/ADCClass.cpp" -mcpu=cortex-m4 -std=gnu++14 -g3 -DUSE_HAL_DRIVER -DSTM32F446xx -DDEBUG -DUSE_FULL_ASSERT -c -I../Inc -I../Drivers/CMSIS/Include -I../Drivers/STM32F4xx_HAL_Driver/Inc -I../Drivers/CMSIS/Device/ST/STM32F4xx/Include -I../Drivers/STM32F4xx_HAL_Driver/Inc/Legacy -O0 -ffunction-sections -fdata-sections -fno-exceptions -fno-rtti -fno-threadsafe-statics -fno-use-cxa-atexit -Wall -fstack-usage -MMD -MP -MF"Src/ADCClass.d" -MT"Src/ADCClass.o"  -mfpu=fpv4-sp-d16 -mfloat-abi=hard -mthumb -o "Src/ADCClass.o"
../Src/ADCClass.cpp: In member function 'int ADCClass::getAnalogValue()':
../Src/ADCClass.cpp:59:1: warning: control reaches end of non-void function [-Wreturn-type]
 }
 ^
arm-none-eabi-g++ -o "STM32_Project_Graduation.elf" @"objects.list"   -mcpu=cortex-m4 -T"C:\Users\59488\Documents\GitHub\MaokunWang\STM32_Project_Graduation\STM32F446RETX_FLASH.ld" -Wl,-Map="STM32_Project_Graduation.map" -Wl,--gc-sections -static  -mfpu=fpv4-sp-d16 -mfloat-abi=hard -mthumb -Wl,--start-group -lc -lm -lstdc++ -lsupc++ -Wl,--end-group
Finished building target: STM32_Project_Graduation.elf
 
arm-none-eabi-objdump -h -S  STM32_Project_Graduation.elf  > "STM32_Project_Graduation.list"
arm-none-eabi-objcopy  -O binary  STM32_Project_Graduation.elf  "STM32_Project_Graduation.bin"
arm-none-eabi-size   STM32_Project_Graduation.elf 
   text	   data	    bss	    dec	    hex	filename
 304400	   2796	   7576	 314772	  4cd94	STM32_Project_Graduation.elf
Finished building: default.size.stdout
 
Finished building: STM32_Project_Graduation.bin
 
Finished building: STM32_Project_Graduation.list
 
11:43:44 **** Incremental Build of configuration Debug for project STM32_Project_Graduation ****
make -j12 all 
arm-none-eabi-g++ "../Src/ADCClass.cpp" -mcpu=cortex-m4 -std=gnu++14 -g3 -DUSE_HAL_DRIVER -DSTM32F446xx -DDEBUG -DUSE_FULL_ASSERT -c -I../Inc -I../Drivers/CMSIS/Include -I../Drivers/STM32F4xx_HAL_Driver/Inc -I../Drivers/CMSIS/Device/ST/STM32F4xx/Include -I../Drivers/STM32F4xx_HAL_Driver/Inc/Legacy -O0 -ffunction-sections -fdata-sections -fno-exceptions -fno-rtti -fno-threadsafe-statics -fno-use-cxa-atexit -Wall -fstack-usage -MMD -MP -MF"Src/ADCClass.d" -MT"Src/ADCClass.o"  -mfpu=fpv4-sp-d16 -mfloat-abi=hard -mthumb -o "Src/ADCClass.o"
../Src/ADCClass.cpp: In member function 'int ADCClass::getAnalogValue()':
../Src/ADCClass.cpp:60:1: warning: control reaches end of non-void function [-Wreturn-type]
 }
 ^
arm-none-eabi-g++ -o "STM32_Project_Graduation.elf" @"objects.list"   -mcpu=cortex-m4 -T"C:\Users\59488\Documents\GitHub\MaokunWang\STM32_Project_Graduation\STM32F446RETX_FLASH.ld" -Wl,-Map="STM32_Project_Graduation.map" -Wl,--gc-sections -static  -mfpu=fpv4-sp-d16 -mfloat-abi=hard -mthumb -Wl,--start-group -lc -lm -lstdc++ -lsupc++ -Wl,--end-group
Finished building target: STM32_Project_Graduation.elf
 
arm-none-eabi-objdump -h -S  STM32_Project_Graduation.elf  > "STM32_Project_Graduation.list"
arm-none-eabi-objcopy  -O binary  STM32_Project_Graduation.elf  "STM32_Project_Graduation.bin"
arm-none-eabi-size   STM32_Project_Graduation.elf 
   text	   data	    bss	    dec	    hex	filename
 304872	   2796	   7576	 315244	  4cf6c	STM32_Project_Graduation.elf
Finished building: default.size.stdout
 
Finished building: STM32_Project_Graduation.bin
 
Finished building: STM32_Project_Graduation.list
 
16:43:46 **** Incremental Build of configuration Debug for project STM32_Project_Graduation ****
make -j12 all 
arm-none-eabi-g++ "../Src/ADCClass.cpp" -mcpu=cortex-m4 -std=gnu++14 -g3 -DUSE_HAL_DRIVER -DSTM32F446xx -DDEBUG -DUSE_FULL_ASSERT -c -I../Inc -I../Drivers/CMSIS/Include -I../Drivers/STM32F4xx_HAL_Driver/Inc -I../Drivers/CMSIS/Device/ST/STM32F4xx/Include -I../Drivers/STM32F4xx_HAL_Driver/Inc/Legacy -O0 -ffunction-sections -fdata-sections -fno-exceptions -fno-rtti -fno-threadsafe-statics -fno-use-cxa-atexit -Wall -fstack-usage -MMD -MP -MF"Src/ADCClass.d" -MT"Src/ADCClass.o"  -mfpu=fpv4-sp-d16 -mfloat-abi=hard -mthumb -o "Src/ADCClass.o"
arm-none-eabi-g++ "../Src/ClassUartTest.cpp" -mcpu=cortex-m4 -std=gnu++14 -g3 -DUSE_HAL_DRIVER -DSTM32F446xx -DDEBUG -DUSE_FULL_ASSERT -c -I../Inc -I../Drivers/CMSIS/Include -I../Drivers/STM32F4xx_HAL_Driver/Inc -I../Drivers/CMSIS/Device/ST/STM32F4xx/Include -I../Drivers/STM32F4xx_HAL_Driver/Inc/Legacy -O0 -ffunction-sections -fdata-sections -fno-exceptions -fno-rtti -fno-threadsafe-statics -fno-use-cxa-atexit -Wall -fstack-usage -MMD -MP -MF"Src/ClassUartTest.d" -MT"Src/ClassUartTest.o"  -mfpu=fpv4-sp-d16 -mfloat-abi=hard -mthumb -o "Src/ClassUartTest.o"
arm-none-eabi-g++ "../Src/HighLevelComm.cpp" -mcpu=cortex-m4 -std=gnu++14 -g3 -DUSE_HAL_DRIVER -DSTM32F446xx -DDEBUG -DUSE_FULL_ASSERT -c -I../Inc -I../Drivers/CMSIS/Include -I../Drivers/STM32F4xx_HAL_Driver/Inc -I../Drivers/CMSIS/Device/ST/STM32F4xx/Include -I../Drivers/STM32F4xx_HAL_Driver/Inc/Legacy -O0 -ffunction-sections -fdata-sections -fno-exceptions -fno-rtti -fno-threadsafe-statics -fno-use-cxa-atexit -Wall -fstack-usage -MMD -MP -MF"Src/HighLevelComm.d" -MT"Src/HighLevelComm.o"  -mfpu=fpv4-sp-d16 -mfloat-abi=hard -mthumb -o "Src/HighLevelComm.o"
arm-none-eabi-g++ "../Src/main.cpp" -mcpu=cortex-m4 -std=gnu++14 -g3 -DUSE_HAL_DRIVER -DSTM32F446xx -DDEBUG -DUSE_FULL_ASSERT -c -I../Inc -I../Drivers/CMSIS/Include -I../Drivers/STM32F4xx_HAL_Driver/Inc -I../Drivers/CMSIS/Device/ST/STM32F4xx/Include -I../Drivers/STM32F4xx_HAL_Driver/Inc/Legacy -O0 -ffunction-sections -fdata-sections -fno-exceptions -fno-rtti -fno-threadsafe-statics -fno-use-cxa-atexit -Wall -fstack-usage -MMD -MP -MF"Src/main.d" -MT"Src/main.o"  -mfpu=fpv4-sp-d16 -mfloat-abi=hard -mthumb -o "Src/main.o"
../Src/ADCClass.cpp: In member function 'int ADCClass::getAnalogValue()':
../Src/ADCClass.cpp:68:3: error: 'adcBuffer' was not declared in this scope
   adcBuffer[0] = 3300*(*VREFINT_CAL_ADDR)/analogValue_voltage;
   ^~~~~~~~~
../Src/ADCClass.cpp:68:3: note: suggested alternative: 'ITM_RxBuffer'
   adcBuffer[0] = 3300*(*VREFINT_CAL_ADDR)/analogValue_voltage;
   ^~~~~~~~~
   ITM_RxBuffer
../Src/ADCClass.cpp:73:3: error: 'sensorValue' was not declared in this scope
   sensorValue=sensorValue*ADC_REFERENCE_VOLTAGE_MV / ADC_MAX_OUTPUT_VALUE;
   ^~~~~~~~~~~
../Src/ADCClass.cpp:73:3: note: suggested alternative: 'analogValue'
   sensorValue=sensorValue*ADC_REFERENCE_VOLTAGE_MV / ADC_MAX_OUTPUT_VALUE;
   ^~~~~~~~~~~
   analogValue
../Src/ADCClass.cpp:74:3: error: 'temperature' was not declared in this scope
   temperature=(int32_t)(sensorValue-TEMP_SENSOR_VOLTAGE_MV_AT_25) / TEMP_SENSOR_AVG_SLOPE_MV_PER_CELCIUS+25);
   ^~~~~~~~~~~
../Src/ADCClass.cpp:74:69: error: 'TEMP_SENSOR_AVG_SLOPE_MV_PER_CELCIUS' was not declared in this scope
   temperature=(int32_t)(sensorValue-TEMP_SENSOR_VOLTAGE_MV_AT_25) / TEMP_SENSOR_AVG_SLOPE_MV_PER_CELCIUS+25);
                                                                     ^~~~~~~~~~~~~~~~~~~~~~~~~~~~~~~~~~~~
../Src/ADCClass.cpp:74:69: note: suggested alternative: 'TEMP_SENSOR_AVG_SLOPE_MV_PER_CELSIUS'
   temperature=(int32_t)(sensorValue-TEMP_SENSOR_VOLTAGE_MV_AT_25) / TEMP_SENSOR_AVG_SLOPE_MV_PER_CELCIUS+25);
                                                                     ^~~~~~~~~~~~~~~~~~~~~~~~~~~~~~~~~~~~
                                                                     TEMP_SENSOR_AVG_SLOPE_MV_PER_CELSIUS
../Src/ADCClass.cpp:78:7: error: redeclaration of 'int analogValue_voltage'
   int analogValue_voltage = HAL_ADC_GetValue(&hadc1);
       ^~~~~~~~~~~~~~~~~~~
../Src/ADCClass.cpp:67:7: note: 'int analogValue_voltage' previously declared here
   int analogValue_voltage = HAL_ADC_GetValue(&hadc1);
       ^~~~~~~~~~~~~~~~~~~
make: *** [Src/subdir.mk:58: Src/ADCClass.o] Error 1
make: *** Waiting for unfinished jobs....
../Src/main.cpp: In function 'int main()':
../Src/main.cpp:135:7: warning: unused variable 'val' [-Wunused-variable]
   int val=Adc1.getAnalogValue();
       ^~~
../Src/HighLevelComm.cpp: In member function 'bool HighLevelComm::Move(int)':
../Src/HighLevelComm.cpp:82:1: warning: control reaches end of non-void function [-Wreturn-type]
 }
 ^
"make -j12 all" terminated with exit code 2. Build might be incomplete.
16:44:35 **** Incremental Build of configuration Debug for project STM32_Project_Graduation ****
make -j12 all 
arm-none-eabi-g++ "../Src/main.cpp" -mcpu=cortex-m4 -std=gnu++14 -g3 -DUSE_HAL_DRIVER -DSTM32F446xx -DDEBUG -DUSE_FULL_ASSERT -c -I../Inc -I../Drivers/CMSIS/Include -I../Drivers/STM32F4xx_HAL_Driver/Inc -I../Drivers/CMSIS/Device/ST/STM32F4xx/Include -I../Drivers/STM32F4xx_HAL_Driver/Inc/Legacy -O0 -ffunction-sections -fdata-sections -fno-exceptions -fno-rtti -fno-threadsafe-statics -fno-use-cxa-atexit -Wall -fstack-usage -MMD -MP -MF"Src/main.d" -MT"Src/main.o"  -mfpu=fpv4-sp-d16 -mfloat-abi=hard -mthumb -o "Src/main.o"
arm-none-eabi-g++ "../Src/ADCClass.cpp" -mcpu=cortex-m4 -std=gnu++14 -g3 -DUSE_HAL_DRIVER -DSTM32F446xx -DDEBUG -DUSE_FULL_ASSERT -c -I../Inc -I../Drivers/CMSIS/Include -I../Drivers/STM32F4xx_HAL_Driver/Inc -I../Drivers/CMSIS/Device/ST/STM32F4xx/Include -I../Drivers/STM32F4xx_HAL_Driver/Inc/Legacy -O0 -ffunction-sections -fdata-sections -fno-exceptions -fno-rtti -fno-threadsafe-statics -fno-use-cxa-atexit -Wall -fstack-usage -MMD -MP -MF"Src/ADCClass.d" -MT"Src/ADCClass.o"  -mfpu=fpv4-sp-d16 -mfloat-abi=hard -mthumb -o "Src/ADCClass.o"
../Src/ADCClass.cpp: In member function 'int ADCClass::getAnalogValue()':
../Src/ADCClass.cpp:73:3: error: 'sensorValue' was not declared in this scope
   sensorValue=sensorValue*ADC_REFERENCE_VOLTAGE_MV / ADC_MAX_OUTPUT_VALUE;
   ^~~~~~~~~~~
../Src/ADCClass.cpp:73:3: note: suggested alternative: 'analogValue'
   sensorValue=sensorValue*ADC_REFERENCE_VOLTAGE_MV / ADC_MAX_OUTPUT_VALUE;
   ^~~~~~~~~~~
   analogValue
../Src/ADCClass.cpp:74:3: error: 'temperature' was not declared in this scope
   temperature=(int32_t)(sensorValue-TEMP_SENSOR_VOLTAGE_MV_AT_25) / TEMP_SENSOR_AVG_SLOPE_MV_PER_CELCIUS+25);
   ^~~~~~~~~~~
../Src/ADCClass.cpp:74:69: error: 'TEMP_SENSOR_AVG_SLOPE_MV_PER_CELCIUS' was not declared in this scope
   temperature=(int32_t)(sensorValue-TEMP_SENSOR_VOLTAGE_MV_AT_25) / TEMP_SENSOR_AVG_SLOPE_MV_PER_CELCIUS+25);
                                                                     ^~~~~~~~~~~~~~~~~~~~~~~~~~~~~~~~~~~~
../Src/ADCClass.cpp:74:69: note: suggested alternative: 'TEMP_SENSOR_AVG_SLOPE_MV_PER_CELSIUS'
   temperature=(int32_t)(sensorValue-TEMP_SENSOR_VOLTAGE_MV_AT_25) / TEMP_SENSOR_AVG_SLOPE_MV_PER_CELCIUS+25);
                                                                     ^~~~~~~~~~~~~~~~~~~~~~~~~~~~~~~~~~~~
                                                                     TEMP_SENSOR_AVG_SLOPE_MV_PER_CELSIUS
../Src/ADCClass.cpp:78:7: error: redeclaration of 'int analogValue_voltage'
   int analogValue_voltage = HAL_ADC_GetValue(&hadc1);
       ^~~~~~~~~~~~~~~~~~~
../Src/ADCClass.cpp:67:7: note: 'int analogValue_voltage' previously declared here
   int analogValue_voltage = HAL_ADC_GetValue(&hadc1);
       ^~~~~~~~~~~~~~~~~~~
../Src/ADCClass.cpp:81:10: error: invalid conversion from 'uint8_t* {aka unsigned char*}' to 'int' [-fpermissive]
   return adcBuffer;
          ^~~~~~~~~
make: *** [Src/subdir.mk:58: Src/ADCClass.o] Error 1
make: *** Waiting for unfinished jobs....
../Src/main.cpp: In function 'int main()':
../Src/main.cpp:135:7: warning: unused variable 'val' [-Wunused-variable]
   int val=Adc1.getAnalogValue();
       ^~~
"make -j12 all" terminated with exit code 2. Build might be incomplete.
16:49:06 **** Incremental Build of configuration Debug for project STM32_Project_Graduation ****
make -j12 all 
arm-none-eabi-g++ "../Src/ADCClass.cpp" -mcpu=cortex-m4 -std=gnu++14 -g3 -DUSE_HAL_DRIVER -DSTM32F446xx -DDEBUG -DUSE_FULL_ASSERT -c -I../Inc -I../Drivers/CMSIS/Include -I../Drivers/STM32F4xx_HAL_Driver/Inc -I../Drivers/CMSIS/Device/ST/STM32F4xx/Include -I../Drivers/STM32F4xx_HAL_Driver/Inc/Legacy -O0 -ffunction-sections -fdata-sections -fno-exceptions -fno-rtti -fno-threadsafe-statics -fno-use-cxa-atexit -Wall -fstack-usage -MMD -MP -MF"Src/ADCClass.d" -MT"Src/ADCClass.o"  -mfpu=fpv4-sp-d16 -mfloat-abi=hard -mthumb -o "Src/ADCClass.o"
arm-none-eabi-g++ "../Src/main.cpp" -mcpu=cortex-m4 -std=gnu++14 -g3 -DUSE_HAL_DRIVER -DSTM32F446xx -DDEBUG -DUSE_FULL_ASSERT -c -I../Inc -I../Drivers/CMSIS/Include -I../Drivers/STM32F4xx_HAL_Driver/Inc -I../Drivers/CMSIS/Device/ST/STM32F4xx/Include -I../Drivers/STM32F4xx_HAL_Driver/Inc/Legacy -O0 -ffunction-sections -fdata-sections -fno-exceptions -fno-rtti -fno-threadsafe-statics -fno-use-cxa-atexit -Wall -fstack-usage -MMD -MP -MF"Src/main.d" -MT"Src/main.o"  -mfpu=fpv4-sp-d16 -mfloat-abi=hard -mthumb -o "Src/main.o"
../Src/ADCClass.cpp: In member function 'int ADCClass::getAnalogValue()':
../Src/ADCClass.cpp:74:78: error: 'TEMP_SENSOR_AVG_SLOPE_MV_PER_CELCIUS' was not declared in this scope
   uint32_t temperature=(int32_t)(sensorValue-TEMP_SENSOR_VOLTAGE_MV_AT_25) / TEMP_SENSOR_AVG_SLOPE_MV_PER_CELCIUS+25);
                                                                              ^~~~~~~~~~~~~~~~~~~~~~~~~~~~~~~~~~~~
../Src/ADCClass.cpp:74:78: note: suggested alternative: 'TEMP_SENSOR_AVG_SLOPE_MV_PER_CELSIUS'
   uint32_t temperature=(int32_t)(sensorValue-TEMP_SENSOR_VOLTAGE_MV_AT_25) / TEMP_SENSOR_AVG_SLOPE_MV_PER_CELCIUS+25);
                                                                              ^~~~~~~~~~~~~~~~~~~~~~~~~~~~~~~~~~~~
                                                                              TEMP_SENSOR_AVG_SLOPE_MV_PER_CELSIUS
../Src/ADCClass.cpp:78:12: error: redeclaration of 'uint32_t analogValue_voltage'
   uint32_t analogValue_voltage = HAL_ADC_GetValue(&hadc1);
            ^~~~~~~~~~~~~~~~~~~
../Src/ADCClass.cpp:67:12: note: 'uint32_t analogValue_voltage' previously declared here
   uint32_t analogValue_voltage = HAL_ADC_GetValue(&hadc1);
            ^~~~~~~~~~~~~~~~~~~
../Src/ADCClass.cpp:81:10: error: invalid conversion from 'uint8_t* {aka unsigned char*}' to 'int' [-fpermissive]
   return adcBuffer;
          ^~~~~~~~~
../Src/ADCClass.cpp:74:12: warning: unused variable 'temperature' [-Wunused-variable]
   uint32_t temperature=(int32_t)(sensorValue-TEMP_SENSOR_VOLTAGE_MV_AT_25) / TEMP_SENSOR_AVG_SLOPE_MV_PER_CELCIUS+25);
            ^~~~~~~~~~~
make: *** [Src/subdir.mk:58: Src/ADCClass.o] Error 1
make: *** Waiting for unfinished jobs....
../Src/main.cpp: In function 'int main()':
../Src/main.cpp:135:7: warning: unused variable 'val' [-Wunused-variable]
   int val=Adc1.getAnalogValue();
       ^~~
"make -j12 all" terminated with exit code 2. Build might be incomplete.
16:55:51 **** Incremental Build of configuration Debug for project STM32_Project_Graduation ****
make -j12 all 
arm-none-eabi-g++ "../Src/ADCClass.cpp" -mcpu=cortex-m4 -std=gnu++14 -g3 -DUSE_HAL_DRIVER -DSTM32F446xx -DDEBUG -DUSE_FULL_ASSERT -c -I../Inc -I../Drivers/CMSIS/Include -I../Drivers/STM32F4xx_HAL_Driver/Inc -I../Drivers/CMSIS/Device/ST/STM32F4xx/Include -I../Drivers/STM32F4xx_HAL_Driver/Inc/Legacy -O0 -ffunction-sections -fdata-sections -fno-exceptions -fno-rtti -fno-threadsafe-statics -fno-use-cxa-atexit -Wall -fstack-usage -MMD -MP -MF"Src/ADCClass.d" -MT"Src/ADCClass.o"  -mfpu=fpv4-sp-d16 -mfloat-abi=hard -mthumb -o "Src/ADCClass.o"
../Src/ADCClass.cpp: In member function 'int ADCClass::getAnalogValue()':
../Src/ADCClass.cpp:74:117: error: expected ',' or ';' before ')' token
   uint32_t temperature=(int32_t)(sensorValue-TEMP_SENSOR_VOLTAGE_MV_AT_25) / TEMP_SENSOR_AVG_SLOPE_MV_PER_CELCIUS+25);
                                                                                                                     ^
../Src/ADCClass.cpp:81:10: error: invalid conversion from 'uint8_t* {aka unsigned char*}' to 'int' [-fpermissive]
   return adcBuffer;
          ^~~~~~~~~
../Src/ADCClass.cpp:74:12: warning: unused variable 'temperature' [-Wunused-variable]
   uint32_t temperature=(int32_t)(sensorValue-TEMP_SENSOR_VOLTAGE_MV_AT_25) / TEMP_SENSOR_AVG_SLOPE_MV_PER_CELCIUS+25);
            ^~~~~~~~~~~
make: *** [Src/subdir.mk:58: Src/ADCClass.o] Error 1
"make -j12 all" terminated with exit code 2. Build might be incomplete.
16:56:20 **** Incremental Build of configuration Debug for project STM32_Project_Graduation ****
make -j12 all 
arm-none-eabi-g++ "../Src/ADCClass.cpp" -mcpu=cortex-m4 -std=gnu++14 -g3 -DUSE_HAL_DRIVER -DSTM32F446xx -DDEBUG -DUSE_FULL_ASSERT -c -I../Inc -I../Drivers/CMSIS/Include -I../Drivers/STM32F4xx_HAL_Driver/Inc -I../Drivers/CMSIS/Device/ST/STM32F4xx/Include -I../Drivers/STM32F4xx_HAL_Driver/Inc/Legacy -O0 -ffunction-sections -fdata-sections -fno-exceptions -fno-rtti -fno-threadsafe-statics -fno-use-cxa-atexit -Wall -fstack-usage -MMD -MP -MF"Src/ADCClass.d" -MT"Src/ADCClass.o"  -mfpu=fpv4-sp-d16 -mfloat-abi=hard -mthumb -o "Src/ADCClass.o"
../Src/ADCClass.cpp: In member function 'int ADCClass::getAnalogValue()':
../Src/ADCClass.cpp:81:10: error: invalid conversion from 'uint8_t* {aka unsigned char*}' to 'int' [-fpermissive]
   return adcBuffer;
          ^~~~~~~~~
../Src/ADCClass.cpp:74:12: warning: unused variable 'temperature' [-Wunused-variable]
   uint32_t temperature=(int32_t)(sensorValue-TEMP_SENSOR_VOLTAGE_MV_AT_25) / (TEMP_SENSOR_AVG_SLOPE_MV_PER_CELCIUS+25);
            ^~~~~~~~~~~
make: *** [Src/subdir.mk:58: Src/ADCClass.o] Error 1
"make -j12 all" terminated with exit code 2. Build might be incomplete.
16:57:08 **** Incremental Build of configuration Debug for project STM32_Project_Graduation ****
make -j12 all 
arm-none-eabi-g++ "../Src/ADCClass.cpp" -mcpu=cortex-m4 -std=gnu++14 -g3 -DUSE_HAL_DRIVER -DSTM32F446xx -DDEBUG -DUSE_FULL_ASSERT -c -I../Inc -I../Drivers/CMSIS/Include -I../Drivers/STM32F4xx_HAL_Driver/Inc -I../Drivers/CMSIS/Device/ST/STM32F4xx/Include -I../Drivers/STM32F4xx_HAL_Driver/Inc/Legacy -O0 -ffunction-sections -fdata-sections -fno-exceptions -fno-rtti -fno-threadsafe-statics -fno-use-cxa-atexit -Wall -fstack-usage -MMD -MP -MF"Src/ADCClass.d" -MT"Src/ADCClass.o"  -mfpu=fpv4-sp-d16 -mfloat-abi=hard -mthumb -o "Src/ADCClass.o"
../Src/ADCClass.cpp:58:9: error: prototype for 'uint8_t ADCClass::getAnalogValue()' does not match any in class 'ADCClass'
 uint8_t ADCClass::getAnalogValue(void){
         ^~~~~~~~
In file included from ../Src/ADCClass.cpp:8:0:
../Inc/ADCClass.h:19:11: error: candidate is: int ADCClass::getAnalogValue()
   int     getAnalogValue();
           ^~~~~~~~~~~~~~
make: *** [Src/subdir.mk:58: Src/ADCClass.o] Error 1
"make -j12 all" terminated with exit code 2. Build might be incomplete.
16:58:00 **** Incremental Build of configuration Debug for project STM32_Project_Graduation ****
make -j12 all 
arm-none-eabi-g++ "../Src/ADCClass.cpp" -mcpu=cortex-m4 -std=gnu++14 -g3 -DUSE_HAL_DRIVER -DSTM32F446xx -DDEBUG -DUSE_FULL_ASSERT -c -I../Inc -I../Drivers/CMSIS/Include -I../Drivers/STM32F4xx_HAL_Driver/Inc -I../Drivers/CMSIS/Device/ST/STM32F4xx/Include -I../Drivers/STM32F4xx_HAL_Driver/Inc/Legacy -O0 -ffunction-sections -fdata-sections -fno-exceptions -fno-rtti -fno-threadsafe-statics -fno-use-cxa-atexit -Wall -fstack-usage -MMD -MP -MF"Src/ADCClass.d" -MT"Src/ADCClass.o"  -mfpu=fpv4-sp-d16 -mfloat-abi=hard -mthumb -o "Src/ADCClass.o"
arm-none-eabi-g++ "../Src/main.cpp" -mcpu=cortex-m4 -std=gnu++14 -g3 -DUSE_HAL_DRIVER -DSTM32F446xx -DDEBUG -DUSE_FULL_ASSERT -c -I../Inc -I../Drivers/CMSIS/Include -I../Drivers/STM32F4xx_HAL_Driver/Inc -I../Drivers/CMSIS/Device/ST/STM32F4xx/Include -I../Drivers/STM32F4xx_HAL_Driver/Inc/Legacy -O0 -ffunction-sections -fdata-sections -fno-exceptions -fno-rtti -fno-threadsafe-statics -fno-use-cxa-atexit -Wall -fstack-usage -MMD -MP -MF"Src/main.d" -MT"Src/main.o"  -mfpu=fpv4-sp-d16 -mfloat-abi=hard -mthumb -o "Src/main.o"
../Src/ADCClass.cpp: In member function 'uint8_t ADCClass::getAnalogValue()':
../Src/ADCClass.cpp:81:10: error: invalid conversion from 'uint8_t* {aka unsigned char*}' to 'uint8_t {aka unsigned char}' [-fpermissive]
   return adcBuffer;
          ^~~~~~~~~
../Src/ADCClass.cpp:74:12: warning: unused variable 'temperature' [-Wunused-variable]
   uint32_t temperature=(int32_t)(sensorValue-TEMP_SENSOR_VOLTAGE_MV_AT_25) / (TEMP_SENSOR_AVG_SLOPE_MV_PER_CELCIUS+25);
            ^~~~~~~~~~~
make: *** [Src/subdir.mk:58: Src/ADCClass.o] Error 1
make: *** Waiting for unfinished jobs....
../Src/main.cpp: In function 'int main()':
../Src/main.cpp:135:7: warning: unused variable 'val' [-Wunused-variable]
   int val=Adc1.getAnalogValue();
       ^~~
"make -j12 all" terminated with exit code 2. Build might be incomplete.
16:58:53 **** Incremental Build of configuration Debug for project STM32_Project_Graduation ****
make -j12 all 
arm-none-eabi-g++ "../Src/ADCClass.cpp" -mcpu=cortex-m4 -std=gnu++14 -g3 -DUSE_HAL_DRIVER -DSTM32F446xx -DDEBUG -DUSE_FULL_ASSERT -c -I../Inc -I../Drivers/CMSIS/Include -I../Drivers/STM32F4xx_HAL_Driver/Inc -I../Drivers/CMSIS/Device/ST/STM32F4xx/Include -I../Drivers/STM32F4xx_HAL_Driver/Inc/Legacy -O0 -ffunction-sections -fdata-sections -fno-exceptions -fno-rtti -fno-threadsafe-statics -fno-use-cxa-atexit -Wall -fstack-usage -MMD -MP -MF"Src/ADCClass.d" -MT"Src/ADCClass.o"  -mfpu=fpv4-sp-d16 -mfloat-abi=hard -mthumb -o "Src/ADCClass.o"
../Src/ADCClass.cpp: In member function 'uint8_t ADCClass::getAnalogValue()':
../Src/ADCClass.cpp:74:12: warning: unused variable 'temperature' [-Wunused-variable]
   uint32_t temperature=(int32_t)(sensorValue-TEMP_SENSOR_VOLTAGE_MV_AT_25) / (TEMP_SENSOR_AVG_SLOPE_MV_PER_CELCIUS+25);
            ^~~~~~~~~~~
../Src/ADCClass.cpp:73:35: warning: 'sensorValue' is used uninitialized in this function [-Wuninitialized]
   uint32_t sensorValue=sensorValue*ADC_REFERENCE_VOLTAGE_MV / ADC_MAX_OUTPUT_VALUE;
                                   ^
arm-none-eabi-g++ -o "STM32_Project_Graduation.elf" @"objects.list"   -mcpu=cortex-m4 -T"C:\Users\59488\Documents\GitHub\MaokunWang\STM32_Project_Graduation\STM32F446RETX_FLASH.ld" -Wl,-Map="STM32_Project_Graduation.map" -Wl,--gc-sections -static  -mfpu=fpv4-sp-d16 -mfloat-abi=hard -mthumb -Wl,--start-group -lc -lm -lstdc++ -lsupc++ -Wl,--end-group
Finished building target: STM32_Project_Graduation.elf
 
arm-none-eabi-objdump -h -S  STM32_Project_Graduation.elf  > "STM32_Project_Graduation.list"
arm-none-eabi-objcopy  -O binary  STM32_Project_Graduation.elf  "STM32_Project_Graduation.bin"
arm-none-eabi-size   STM32_Project_Graduation.elf 
   text	   data	    bss	    dec	    hex	filename
 305160	   2796	   7584	 315540	  4d094	STM32_Project_Graduation.elf
Finished building: default.size.stdout
 
Finished building: STM32_Project_Graduation.bin
 
Finished building: STM32_Project_Graduation.list
 
10:59:31 **** Incremental Build of configuration Debug for project STM32_Project_Graduation ****
make -j12 all 
arm-none-eabi-g++ "../Src/ADCClass.cpp" -mcpu=cortex-m4 -std=gnu++14 -g3 -DUSE_HAL_DRIVER -DSTM32F446xx -DDEBUG -DUSE_FULL_ASSERT -c -I../Inc -I../Drivers/CMSIS/Include -I../Drivers/STM32F4xx_HAL_Driver/Inc -I../Drivers/CMSIS/Device/ST/STM32F4xx/Include -I../Drivers/STM32F4xx_HAL_Driver/Inc/Legacy -O0 -ffunction-sections -fdata-sections -fno-exceptions -fno-rtti -fno-threadsafe-statics -fno-use-cxa-atexit -Wall -fstack-usage -MMD -MP -MF"Src/ADCClass.d" -MT"Src/ADCClass.o"  -mfpu=fpv4-sp-d16 -mfloat-abi=hard -mthumb -o "Src/ADCClass.o"
arm-none-eabi-g++ "../Src/main.cpp" -mcpu=cortex-m4 -std=gnu++14 -g3 -DUSE_HAL_DRIVER -DSTM32F446xx -DDEBUG -DUSE_FULL_ASSERT -c -I../Inc -I../Drivers/CMSIS/Include -I../Drivers/STM32F4xx_HAL_Driver/Inc -I../Drivers/CMSIS/Device/ST/STM32F4xx/Include -I../Drivers/STM32F4xx_HAL_Driver/Inc/Legacy -O0 -ffunction-sections -fdata-sections -fno-exceptions -fno-rtti -fno-threadsafe-statics -fno-use-cxa-atexit -Wall -fstack-usage -MMD -MP -MF"Src/main.d" -MT"Src/main.o"  -mfpu=fpv4-sp-d16 -mfloat-abi=hard -mthumb -o "Src/main.o"
../Src/ADCClass.cpp: In member function 'uint8_t ADCClass::getAnalogValue()':
../Src/ADCClass.cpp:81:10: error: invalid conversion from 'uint8_t** {aka unsigned char**}' to 'uint8_t {aka unsigned char}' [-fpermissive]
   return adcBuffer;
          ^~~~~~~~~
../Src/ADCClass.cpp:74:12: warning: unused variable 'temperature' [-Wunused-variable]
   uint32_t temperature=(int32_t)(sensorValue-TEMP_SENSOR_VOLTAGE_MV_AT_25) / (TEMP_SENSOR_AVG_SLOPE_MV_PER_CELCIUS+25);
            ^~~~~~~~~~~
make: *** [Src/subdir.mk:58: Src/ADCClass.o] Error 1
make: *** Waiting for unfinished jobs....
../Src/main.cpp: In function 'int main()':
../Src/main.cpp:135:7: warning: unused variable 'val' [-Wunused-variable]
   int val=Adc1.getAnalogValue();
       ^~~
"make -j12 all" terminated with exit code 2. Build might be incomplete.
10:59:54 **** Incremental Build of configuration Debug for project STM32_Project_Graduation ****
make -j12 all 
arm-none-eabi-g++ "../Src/ADCClass.cpp" -mcpu=cortex-m4 -std=gnu++14 -g3 -DUSE_HAL_DRIVER -DSTM32F446xx -DDEBUG -DUSE_FULL_ASSERT -c -I../Inc -I../Drivers/CMSIS/Include -I../Drivers/STM32F4xx_HAL_Driver/Inc -I../Drivers/CMSIS/Device/ST/STM32F4xx/Include -I../Drivers/STM32F4xx_HAL_Driver/Inc/Legacy -O0 -ffunction-sections -fdata-sections -fno-exceptions -fno-rtti -fno-threadsafe-statics -fno-use-cxa-atexit -Wall -fstack-usage -MMD -MP -MF"Src/ADCClass.d" -MT"Src/ADCClass.o"  -mfpu=fpv4-sp-d16 -mfloat-abi=hard -mthumb -o "Src/ADCClass.o"
../Src/ADCClass.cpp: In member function 'uint8_t ADCClass::getAnalogValue()':
../Src/ADCClass.cpp:81:10: error: invalid conversion from 'uint8_t* {aka unsigned char*}' to 'uint8_t {aka unsigned char}' [-fpermissive]
   return *adcBuffer;
          ^~~~~~~~~~
../Src/ADCClass.cpp:74:12: warning: unused variable 'temperature' [-Wunused-variable]
   uint32_t temperature=(int32_t)(sensorValue-TEMP_SENSOR_VOLTAGE_MV_AT_25) / (TEMP_SENSOR_AVG_SLOPE_MV_PER_CELCIUS+25);
            ^~~~~~~~~~~
make: *** [Src/subdir.mk:58: Src/ADCClass.o] Error 1
"make -j12 all" terminated with exit code 2. Build might be incomplete.
11:01:22 **** Incremental Build of configuration Debug for project STM32_Project_Graduation ****
make -j12 all 
arm-none-eabi-g++ "../Src/ADCClass.cpp" -mcpu=cortex-m4 -std=gnu++14 -g3 -DUSE_HAL_DRIVER -DSTM32F446xx -DDEBUG -DUSE_FULL_ASSERT -c -I../Inc -I../Drivers/CMSIS/Include -I../Drivers/STM32F4xx_HAL_Driver/Inc -I../Drivers/CMSIS/Device/ST/STM32F4xx/Include -I../Drivers/STM32F4xx_HAL_Driver/Inc/Legacy -O0 -ffunction-sections -fdata-sections -fno-exceptions -fno-rtti -fno-threadsafe-statics -fno-use-cxa-atexit -Wall -fstack-usage -MMD -MP -MF"Src/ADCClass.d" -MT"Src/ADCClass.o"  -mfpu=fpv4-sp-d16 -mfloat-abi=hard -mthumb -o "Src/ADCClass.o"
../Src/ADCClass.cpp: In member function 'uint8_t ADCClass::getAnalogValue()':
../Src/ADCClass.cpp:68:42: error: invalid conversion from 'long unsigned int' to 'uint8_t* {aka unsigned char*}' [-fpermissive]
   adcBuffer[0] = 3300*(*VREFINT_CAL_ADDR)/analogValue_voltage;
                  ~~~~~~~~~~~~~~~~~~~~~~~~^~~~~~~~~~~~~~~~~~~~
../Src/ADCClass.cpp:75:43: error: cannot convert 'double' to 'uint8_t* {aka unsigned char*}' in assignment
   adcBuffer[1] = ((temp - 760.0) / 2.5) + 25;
                                           ^~
../Src/ADCClass.cpp:79:42: error: invalid conversion from 'long unsigned int' to 'uint8_t* {aka unsigned char*}' [-fpermissive]
   adcBuffer[2] = 3300*(*VREFINT_CAL_ADDR)/analogValue_voltage;
                  ~~~~~~~~~~~~~~~~~~~~~~~~^~~~~~~~~~~~~~~~~~~~
../Src/ADCClass.cpp:81:10: error: invalid conversion from 'uint8_t** {aka unsigned char**}' to 'uint8_t {aka unsigned char}' [-fpermissive]
   return adcBuffer;
          ^~~~~~~~~
../Src/ADCClass.cpp:74:12: warning: unused variable 'temperature' [-Wunused-variable]
   uint32_t temperature=(int32_t)(sensorValue-TEMP_SENSOR_VOLTAGE_MV_AT_25) / (TEMP_SENSOR_AVG_SLOPE_MV_PER_CELCIUS+25);
            ^~~~~~~~~~~
make: *** [Src/subdir.mk:58: Src/ADCClass.o] Error 1
"make -j12 all" terminated with exit code 2. Build might be incomplete.
11:01:51 **** Incremental Build of configuration Debug for project STM32_Project_Graduation ****
make -j12 all 
arm-none-eabi-g++ "../Src/ADCClass.cpp" -mcpu=cortex-m4 -std=gnu++14 -g3 -DUSE_HAL_DRIVER -DSTM32F446xx -DDEBUG -DUSE_FULL_ASSERT -c -I../Inc -I../Drivers/CMSIS/Include -I../Drivers/STM32F4xx_HAL_Driver/Inc -I../Drivers/CMSIS/Device/ST/STM32F4xx/Include -I../Drivers/STM32F4xx_HAL_Driver/Inc/Legacy -O0 -ffunction-sections -fdata-sections -fno-exceptions -fno-rtti -fno-threadsafe-statics -fno-use-cxa-atexit -Wall -fstack-usage -MMD -MP -MF"Src/ADCClass.d" -MT"Src/ADCClass.o"  -mfpu=fpv4-sp-d16 -mfloat-abi=hard -mthumb -o "Src/ADCClass.o"
arm-none-eabi-g++ "../Src/main.cpp" -mcpu=cortex-m4 -std=gnu++14 -g3 -DUSE_HAL_DRIVER -DSTM32F446xx -DDEBUG -DUSE_FULL_ASSERT -c -I../Inc -I../Drivers/CMSIS/Include -I../Drivers/STM32F4xx_HAL_Driver/Inc -I../Drivers/CMSIS/Device/ST/STM32F4xx/Include -I../Drivers/STM32F4xx_HAL_Driver/Inc/Legacy -O0 -ffunction-sections -fdata-sections -fno-exceptions -fno-rtti -fno-threadsafe-statics -fno-use-cxa-atexit -Wall -fstack-usage -MMD -MP -MF"Src/main.d" -MT"Src/main.o"  -mfpu=fpv4-sp-d16 -mfloat-abi=hard -mthumb -o "Src/main.o"
../Src/ADCClass.cpp: In member function 'uint8_t ADCClass::getAnalogValue()':
../Src/ADCClass.cpp:68:15: error: invalid type argument of unary '*' (have 'uint8_t {aka unsigned char}')
   *adcBuffer[0] = 3300*(*VREFINT_CAL_ADDR)/analogValue_voltage;
               ^
../Src/ADCClass.cpp:75:15: error: invalid type argument of unary '*' (have 'uint8_t {aka unsigned char}')
   *adcBuffer[1] = ((temp - 760.0) / 2.5) + 25;
               ^
../Src/ADCClass.cpp:79:15: error: invalid type argument of unary '*' (have 'uint8_t {aka unsigned char}')
   *adcBuffer[2] = 3300*(*VREFINT_CAL_ADDR)/analogValue_voltage;
               ^
../Src/ADCClass.cpp:81:10: error: invalid conversion from 'uint8_t* {aka unsigned char*}' to 'uint8_t {aka unsigned char}' [-fpermissive]
   return adcBuffer;
          ^~~~~~~~~
../Src/ADCClass.cpp:74:12: warning: unused variable 'temperature' [-Wunused-variable]
   uint32_t temperature=(int32_t)(sensorValue-TEMP_SENSOR_VOLTAGE_MV_AT_25) / (TEMP_SENSOR_AVG_SLOPE_MV_PER_CELCIUS+25);
            ^~~~~~~~~~~
make: *** [Src/subdir.mk:58: Src/ADCClass.o] Error 1
make: *** Waiting for unfinished jobs....
../Src/main.cpp: In function 'int main()':
../Src/main.cpp:135:7: warning: unused variable 'val' [-Wunused-variable]
   int val=Adc1.getAnalogValue();
       ^~~
"make -j12 all" terminated with exit code 2. Build might be incomplete.
11:02:13 **** Incremental Build of configuration Debug for project STM32_Project_Graduation ****
make -j12 all 
arm-none-eabi-g++ "../Src/ADCClass.cpp" -mcpu=cortex-m4 -std=gnu++14 -g3 -DUSE_HAL_DRIVER -DSTM32F446xx -DDEBUG -DUSE_FULL_ASSERT -c -I../Inc -I../Drivers/CMSIS/Include -I../Drivers/STM32F4xx_HAL_Driver/Inc -I../Drivers/CMSIS/Device/ST/STM32F4xx/Include -I../Drivers/STM32F4xx_HAL_Driver/Inc/Legacy -O0 -ffunction-sections -fdata-sections -fno-exceptions -fno-rtti -fno-threadsafe-statics -fno-use-cxa-atexit -Wall -fstack-usage -MMD -MP -MF"Src/ADCClass.d" -MT"Src/ADCClass.o"  -mfpu=fpv4-sp-d16 -mfloat-abi=hard -mthumb -o "Src/ADCClass.o"
../Src/ADCClass.cpp: In member function 'uint8_t ADCClass::getAnalogValue()':
../Src/ADCClass.cpp:74:12: warning: unused variable 'temperature' [-Wunused-variable]
   uint32_t temperature=(int32_t)(sensorValue-TEMP_SENSOR_VOLTAGE_MV_AT_25) / (TEMP_SENSOR_AVG_SLOPE_MV_PER_CELCIUS+25);
            ^~~~~~~~~~~
../Src/ADCClass.cpp:73:35: warning: 'sensorValue' is used uninitialized in this function [-Wuninitialized]
   uint32_t sensorValue=sensorValue*ADC_REFERENCE_VOLTAGE_MV / ADC_MAX_OUTPUT_VALUE;
                                   ^
arm-none-eabi-g++ -o "STM32_Project_Graduation.elf" @"objects.list"   -mcpu=cortex-m4 -T"C:\Users\59488\Documents\GitHub\MaokunWang\STM32_Project_Graduation\STM32F446RETX_FLASH.ld" -Wl,-Map="STM32_Project_Graduation.map" -Wl,--gc-sections -static  -mfpu=fpv4-sp-d16 -mfloat-abi=hard -mthumb -Wl,--start-group -lc -lm -lstdc++ -lsupc++ -Wl,--end-group
Finished building target: STM32_Project_Graduation.elf
 
arm-none-eabi-objdump -h -S  STM32_Project_Graduation.elf  > "STM32_Project_Graduation.list"
arm-none-eabi-objcopy  -O binary  STM32_Project_Graduation.elf  "STM32_Project_Graduation.bin"
arm-none-eabi-size   STM32_Project_Graduation.elf 
   text	   data	    bss	    dec	    hex	filename
 305160	   2796	   7584	 315540	  4d094	STM32_Project_Graduation.elf
Finished building: default.size.stdout
 
Finished building: STM32_Project_Graduation.bin
 
Finished building: STM32_Project_Graduation.list
 
11:04:10 **** Incremental Build of configuration Debug for project STM32_Project_Graduation ****
make -j12 all 
arm-none-eabi-g++ "../Src/ADCClass.cpp" -mcpu=cortex-m4 -std=gnu++14 -g3 -DUSE_HAL_DRIVER -DSTM32F446xx -DDEBUG -DUSE_FULL_ASSERT -c -I../Inc -I../Drivers/CMSIS/Include -I../Drivers/STM32F4xx_HAL_Driver/Inc -I../Drivers/CMSIS/Device/ST/STM32F4xx/Include -I../Drivers/STM32F4xx_HAL_Driver/Inc/Legacy -O0 -ffunction-sections -fdata-sections -fno-exceptions -fno-rtti -fno-threadsafe-statics -fno-use-cxa-atexit -Wall -fstack-usage -MMD -MP -MF"Src/ADCClass.d" -MT"Src/ADCClass.o"  -mfpu=fpv4-sp-d16 -mfloat-abi=hard -mthumb -o "Src/ADCClass.o"
arm-none-eabi-g++ "../Src/main.cpp" -mcpu=cortex-m4 -std=gnu++14 -g3 -DUSE_HAL_DRIVER -DSTM32F446xx -DDEBUG -DUSE_FULL_ASSERT -c -I../Inc -I../Drivers/CMSIS/Include -I../Drivers/STM32F4xx_HAL_Driver/Inc -I../Drivers/CMSIS/Device/ST/STM32F4xx/Include -I../Drivers/STM32F4xx_HAL_Driver/Inc/Legacy -O0 -ffunction-sections -fdata-sections -fno-exceptions -fno-rtti -fno-threadsafe-statics -fno-use-cxa-atexit -Wall -fstack-usage -MMD -MP -MF"Src/main.d" -MT"Src/main.o"  -mfpu=fpv4-sp-d16 -mfloat-abi=hard -mthumb -o "Src/main.o"
../Src/ADCClass.cpp: In member function 'uint8_t ADCClass::getAnalogValue()':
../Src/ADCClass.cpp:81:10: error: invalid conversion from 'uint8_t** {aka unsigned char**}' to 'uint8_t {aka unsigned char}' [-fpermissive]
   return adcBuffer;
          ^~~~~~~~~
../Src/ADCClass.cpp:74:12: warning: unused variable 'temperature' [-Wunused-variable]
   uint32_t temperature=(int32_t)(sensorValue-TEMP_SENSOR_VOLTAGE_MV_AT_25) / (TEMP_SENSOR_AVG_SLOPE_MV_PER_CELCIUS+25);
            ^~~~~~~~~~~
make: *** [Src/subdir.mk:58: Src/ADCClass.o] Error 1
make: *** Waiting for unfinished jobs....
../Src/main.cpp: In function 'int main()':
../Src/main.cpp:135:7: warning: unused variable 'val' [-Wunused-variable]
   int val=Adc1.getAnalogValue();
       ^~~
"make -j12 all" terminated with exit code 2. Build might be incomplete.
11:04:38 **** Incremental Build of configuration Debug for project STM32_Project_Graduation ****
make -j12 all 
arm-none-eabi-g++ "../Src/ADCClass.cpp" -mcpu=cortex-m4 -std=gnu++14 -g3 -DUSE_HAL_DRIVER -DSTM32F446xx -DDEBUG -DUSE_FULL_ASSERT -c -I../Inc -I../Drivers/CMSIS/Include -I../Drivers/STM32F4xx_HAL_Driver/Inc -I../Drivers/CMSIS/Device/ST/STM32F4xx/Include -I../Drivers/STM32F4xx_HAL_Driver/Inc/Legacy -O0 -ffunction-sections -fdata-sections -fno-exceptions -fno-rtti -fno-threadsafe-statics -fno-use-cxa-atexit -Wall -fstack-usage -MMD -MP -MF"Src/ADCClass.d" -MT"Src/ADCClass.o"  -mfpu=fpv4-sp-d16 -mfloat-abi=hard -mthumb -o "Src/ADCClass.o"
../Src/ADCClass.cpp: In member function 'uint8_t ADCClass::getAnalogValue()':
../Src/ADCClass.cpp:81:10: error: invalid conversion from 'uint8_t* {aka unsigned char*}' to 'uint8_t {aka unsigned char}' [-fpermissive]
   return *adcBuffer;
          ^~~~~~~~~~
../Src/ADCClass.cpp:74:12: warning: unused variable 'temperature' [-Wunused-variable]
   uint32_t temperature=(int32_t)(sensorValue-TEMP_SENSOR_VOLTAGE_MV_AT_25) / (TEMP_SENSOR_AVG_SLOPE_MV_PER_CELCIUS+25);
            ^~~~~~~~~~~
make: *** [Src/subdir.mk:58: Src/ADCClass.o] Error 1
"make -j12 all" terminated with exit code 2. Build might be incomplete.
11:04:56 **** Incremental Build of configuration Debug for project STM32_Project_Graduation ****
make -j12 all 
arm-none-eabi-g++ "../Src/ADCClass.cpp" -mcpu=cortex-m4 -std=gnu++14 -g3 -DUSE_HAL_DRIVER -DSTM32F446xx -DDEBUG -DUSE_FULL_ASSERT -c -I../Inc -I../Drivers/CMSIS/Include -I../Drivers/STM32F4xx_HAL_Driver/Inc -I../Drivers/CMSIS/Device/ST/STM32F4xx/Include -I../Drivers/STM32F4xx_HAL_Driver/Inc/Legacy -O0 -ffunction-sections -fdata-sections -fno-exceptions -fno-rtti -fno-threadsafe-statics -fno-use-cxa-atexit -Wall -fstack-usage -MMD -MP -MF"Src/ADCClass.d" -MT"Src/ADCClass.o"  -mfpu=fpv4-sp-d16 -mfloat-abi=hard -mthumb -o "Src/ADCClass.o"
../Src/ADCClass.cpp: In member function 'uint8_t ADCClass::getAnalogValue()':
../Src/ADCClass.cpp:81:10: error: invalid conversion from 'uint8_t** {aka unsigned char**}' to 'uint8_t {aka unsigned char}' [-fpermissive]
   return adcBuffer;
          ^~~~~~~~~
../Src/ADCClass.cpp:74:12: warning: unused variable 'temperature' [-Wunused-variable]
   uint32_t temperature=(int32_t)(sensorValue-TEMP_SENSOR_VOLTAGE_MV_AT_25) / (TEMP_SENSOR_AVG_SLOPE_MV_PER_CELCIUS+25);
            ^~~~~~~~~~~
make: *** [Src/subdir.mk:58: Src/ADCClass.o] Error 1
"make -j12 all" terminated with exit code 2. Build might be incomplete.
11:05:24 **** Incremental Build of configuration Debug for project STM32_Project_Graduation ****
make -j12 all 
arm-none-eabi-g++ "../Src/ADCClass.cpp" -mcpu=cortex-m4 -std=gnu++14 -g3 -DUSE_HAL_DRIVER -DSTM32F446xx -DDEBUG -DUSE_FULL_ASSERT -c -I../Inc -I../Drivers/CMSIS/Include -I../Drivers/STM32F4xx_HAL_Driver/Inc -I../Drivers/CMSIS/Device/ST/STM32F4xx/Include -I../Drivers/STM32F4xx_HAL_Driver/Inc/Legacy -O0 -ffunction-sections -fdata-sections -fno-exceptions -fno-rtti -fno-threadsafe-statics -fno-use-cxa-atexit -Wall -fstack-usage -MMD -MP -MF"Src/ADCClass.d" -MT"Src/ADCClass.o"  -mfpu=fpv4-sp-d16 -mfloat-abi=hard -mthumb -o "Src/ADCClass.o"
../Src/ADCClass.cpp: In member function 'uint8_t ADCClass::getAnalogValue()':
../Src/ADCClass.cpp:81:10: error: invalid conversion from 'uint8_t* (*)[3] {aka unsigned char* (*)[3]}' to 'uint8_t {aka unsigned char}' [-fpermissive]
   return &adcBuffer;
          ^~~~~~~~~~
../Src/ADCClass.cpp:74:12: warning: unused variable 'temperature' [-Wunused-variable]
   uint32_t temperature=(int32_t)(sensorValue-TEMP_SENSOR_VOLTAGE_MV_AT_25) / (TEMP_SENSOR_AVG_SLOPE_MV_PER_CELCIUS+25);
            ^~~~~~~~~~~
make: *** [Src/subdir.mk:58: Src/ADCClass.o] Error 1
"make -j12 all" terminated with exit code 2. Build might be incomplete.
11:05:35 **** Incremental Build of configuration Debug for project STM32_Project_Graduation ****
make -j12 all 
arm-none-eabi-g++ "../Src/ADCClass.cpp" -mcpu=cortex-m4 -std=gnu++14 -g3 -DUSE_HAL_DRIVER -DSTM32F446xx -DDEBUG -DUSE_FULL_ASSERT -c -I../Inc -I../Drivers/CMSIS/Include -I../Drivers/STM32F4xx_HAL_Driver/Inc -I../Drivers/CMSIS/Device/ST/STM32F4xx/Include -I../Drivers/STM32F4xx_HAL_Driver/Inc/Legacy -O0 -ffunction-sections -fdata-sections -fno-exceptions -fno-rtti -fno-threadsafe-statics -fno-use-cxa-atexit -Wall -fstack-usage -MMD -MP -MF"Src/ADCClass.d" -MT"Src/ADCClass.o"  -mfpu=fpv4-sp-d16 -mfloat-abi=hard -mthumb -o "Src/ADCClass.o"
../Src/ADCClass.cpp: In member function 'uint8_t ADCClass::getAnalogValue()':
../Src/ADCClass.cpp:81:10: error: invalid conversion from 'uint8_t** {aka unsigned char**}' to 'uint8_t {aka unsigned char}' [-fpermissive]
   return adcBuffer;
          ^~~~~~~~~
../Src/ADCClass.cpp:74:12: warning: unused variable 'temperature' [-Wunused-variable]
   uint32_t temperature=(int32_t)(sensorValue-TEMP_SENSOR_VOLTAGE_MV_AT_25) / (TEMP_SENSOR_AVG_SLOPE_MV_PER_CELCIUS+25);
            ^~~~~~~~~~~
make: *** [Src/subdir.mk:58: Src/ADCClass.o] Error 1
"make -j12 all" terminated with exit code 2. Build might be incomplete.
11:08:15 **** Incremental Build of configuration Debug for project STM32_Project_Graduation ****
make -j12 all 
[...]
    TIM_ITConfig(TIM8, TIM_IT_Update, ENABLE);
                       ^~~~~~~~~~~~~
../Src/SpeedMeasurement.cpp:66:23: note: suggested alternative: 'TIM_IT_UPDATE'
    TIM_ITConfig(TIM8, TIM_IT_Update, ENABLE);
                       ^~~~~~~~~~~~~
                       TIM_IT_UPDATE
../Src/SpeedMeasurement.cpp:66:4: error: 'TIM_ITConfig' was not declared in this scope
    TIM_ITConfig(TIM8, TIM_IT_Update, ENABLE);
    ^~~~~~~~~~~~
../Src/SpeedMeasurement.cpp:66:4: note: suggested alternative: 'TIM_TI1_SetConfig'
    TIM_ITConfig(TIM8, TIM_IT_Update, ENABLE);
    ^~~~~~~~~~~~
    TIM_TI1_SetConfig
../Src/SpeedMeasurement.cpp:68:4: error: 'TIM_SetCounter' was not declared in this scope
    TIM_SetCounter(TIM8,0);
    ^~~~~~~~~~~~~~
../Src/SpeedMeasurement.cpp:68:4: note: suggested alternative: '__HAL_TIM_SetCounter'
    TIM_SetCounter(TIM8,0);
    ^~~~~~~~~~~~~~
    __HAL_TIM_SetCounter
../Src/SpeedMeasurement.cpp:69:4: error: 'TIM_Cmd' was not declared in this scope
    TIM_Cmd(TIM8, ENABLE);
    ^~~~~~~
make: *** [Src/subdir.mk:67: Src/SpeedMeasurement.o] Error 1
"make -j12 all" terminated with exit code 2. Build might be incomplete.
06:35:21 **** Incremental Build of configuration Debug for project STM32_Project_Graduation ****
make -j12 all 
arm-none-eabi-g++ "../Src/SpeedMeasurement.cpp" -mcpu=cortex-m4 -std=gnu++14 -g3 -DUSE_HAL_DRIVER -DSTM32F407xx -DDEBUG -DUSE_FULL_ASSERT -c -I../Inc -I../Drivers/CMSIS/Include -I../Drivers/STM32F4xx_HAL_Driver/Inc -I../Drivers/CMSIS/Device/ST/STM32F4xx/Include -I../Drivers/STM32F4xx_HAL_Driver/Inc/Legacy -O0 -ffunction-sections -fdata-sections -fno-exceptions -fno-rtti -fno-threadsafe-statics -fno-use-cxa-atexit -Wall -fstack-usage -MMD -MP -MF"Src/SpeedMeasurement.d" -MT"Src/SpeedMeasurement.o"  -mfpu=fpv4-sp-d16 -mfloat-abi=hard -mthumb -o "Src/SpeedMeasurement.o"
arm-none-eabi-g++ -o "STM32_Project_Graduation.elf" @"objects.list"   -mcpu=cortex-m4 -T"C:\Users\59488\Documents\GitHub\MaokunWang\STM32_Project_Graduation\STM32F407VGTX_FLASH.ld" -Wl,-Map="STM32_Project_Graduation.map" -Wl,--gc-sections -static  -mfpu=fpv4-sp-d16 -mfloat-abi=hard -mthumb -Wl,--start-group -lc -lm -lstdc++ -lsupc++ -Wl,--end-group
Finished building target: STM32_Project_Graduation.elf
 
arm-none-eabi-objdump -h -S  STM32_Project_Graduation.elf  > "STM32_Project_Graduation.list"
arm-none-eabi-objcopy  -O binary  STM32_Project_Graduation.elf  "STM32_Project_Graduation.bin"
arm-none-eabi-size   STM32_Project_Graduation.elf 
   text	   data	    bss	    dec	    hex	filename
 303124	   2788	   7048	 312960	  4c680	STM32_Project_Graduation.elf
Finished building: default.size.stdout
 
Finished building: STM32_Project_Graduation.bin
 
Finished building: STM32_Project_Graduation.list
 
06:41:47 **** Incremental Build of configuration Debug for project STM32_Project_Graduation ****
make -j12 all 
arm-none-eabi-g++ "../Src/SpeedMeasurement.cpp" -mcpu=cortex-m4 -std=gnu++14 -g3 -DUSE_HAL_DRIVER -DSTM32F407xx -DDEBUG -DUSE_FULL_ASSERT -c -I../Inc -I../Drivers/CMSIS/Include -I../Drivers/STM32F4xx_HAL_Driver/Inc -I../Drivers/CMSIS/Device/ST/STM32F4xx/Include -I../Drivers/STM32F4xx_HAL_Driver/Inc/Legacy -O0 -ffunction-sections -fdata-sections -fno-exceptions -fno-rtti -fno-threadsafe-statics -fno-use-cxa-atexit -Wall -fstack-usage -MMD -MP -MF"Src/SpeedMeasurement.d" -MT"Src/SpeedMeasurement.o"  -mfpu=fpv4-sp-d16 -mfloat-abi=hard -mthumb -o "Src/SpeedMeasurement.o"
arm-none-eabi-g++ "../Src/main.cpp" -mcpu=cortex-m4 -std=gnu++14 -g3 -DUSE_HAL_DRIVER -DSTM32F407xx -DDEBUG -DUSE_FULL_ASSERT -c -I../Inc -I../Drivers/CMSIS/Include -I../Drivers/STM32F4xx_HAL_Driver/Inc -I../Drivers/CMSIS/Device/ST/STM32F4xx/Include -I../Drivers/STM32F4xx_HAL_Driver/Inc/Legacy -O0 -ffunction-sections -fdata-sections -fno-exceptions -fno-rtti -fno-threadsafe-statics -fno-use-cxa-atexit -Wall -fstack-usage -MMD -MP -MF"Src/main.d" -MT"Src/main.o"  -mfpu=fpv4-sp-d16 -mfloat-abi=hard -mthumb -o "Src/main.o"
../Src/SpeedMeasurement.cpp: In member function 'void SpeedMeasurement::Encoder_Init_TIM8()':
../Src/SpeedMeasurement.cpp:30:23: error: 'struct GPIO_InitTypeDef' has no member named 'GPIO_Pin'
    GPIO_InitStructure.GPIO_Pin = GPIO_Pin_6|GPIO_Pin_7; //端口配置
                       ^~~~~~~~
../Src/SpeedMeasurement.cpp:30:34: error: 'GPIO_Pin_6' was not declared in this scope
    GPIO_InitStructure.GPIO_Pin = GPIO_Pin_6|GPIO_Pin_7; //端口配置
                                  ^~~~~~~~~~
../Src/SpeedMeasurement.cpp:30:34: note: suggested alternative: 'GPIO_PIN_6'
    GPIO_InitStructure.GPIO_Pin = GPIO_Pin_6|GPIO_Pin_7; //端口配置
                                  ^~~~~~~~~~
                                  GPIO_PIN_6
../Src/SpeedMeasurement.cpp:30:45: error: 'GPIO_Pin_7' was not declared in this scope
    GPIO_InitStructure.GPIO_Pin = GPIO_Pin_6|GPIO_Pin_7; //端口配置
                                             ^~~~~~~~~~
../Src/SpeedMeasurement.cpp:30:45: note: suggested alternative: 'GPIO_PIN_7'
    GPIO_InitStructure.GPIO_Pin = GPIO_Pin_6|GPIO_Pin_7; //端口配置
                                             ^~~~~~~~~~
                                             GPIO_PIN_7
../Src/SpeedMeasurement.cpp:31:23: error: 'struct GPIO_InitTypeDef' has no member named 'GPIO_Mode'
    GPIO_InitStructure.GPIO_Mode = GPIO_Mode_IN_FLOATING;   //浮空输入
                       ^~~~~~~~~
../Src/SpeedMeasurement.cpp:31:35: error: 'GPIO_Mode_IN_FLOATING' was not declared in this scope
    GPIO_InitStructure.GPIO_Mode = GPIO_Mode_IN_FLOATING;   //浮空输入
                                   ^~~~~~~~~~~~~~~~~~~~~
../Src/SpeedMeasurement.cpp:31:35: note: suggested alternative: 'GPIO_MODE_IT_FALLING'
    GPIO_InitStructure.GPIO_Mode = GPIO_Mode_IN_FLOATING;   //浮空输入
                                   ^~~~~~~~~~~~~~~~~~~~~
                                   GPIO_MODE_IT_FALLING
../Src/SpeedMeasurement.cpp:32:4: error: 'GPIO_Init' was not declared in this scope
    GPIO_Init(GPIOC, &GPIO_InitStructure);
    ^~~~~~~~~
../Src/SpeedMeasurement.cpp:32:4: note: suggested alternative: 'HAL_Init'
    GPIO_Init(GPIOC, &GPIO_InitStructure);
    ^~~~~~~~~
    HAL_Init
../Src/SpeedMeasurement.cpp:59:4: error: 'TIM_SetCounter' was not declared in this scope
    TIM_SetCounter(TIM8,0);
    ^~~~~~~~~~~~~~
../Src/SpeedMeasurement.cpp:59:4: note: suggested alternative: '__HAL_TIM_SetCounter'
    TIM_SetCounter(TIM8,0);
    ^~~~~~~~~~~~~~
    __HAL_TIM_SetCounter
../Src/SpeedMeasurement.cpp:61:5: error: 'TIM_Cmd' was not declared in this scope
     TIM_Cmd(TIM8, ENABLE);
     ^~~~~~~
make: *** [Src/subdir.mk:67: Src/SpeedMeasurement.o] Error 1
make: *** Waiting for unfinished jobs....
"make -j12 all" terminated with exit code 2. Build might be incomplete.
06:43:13 **** Incremental Build of configuration Debug for project STM32_Project_Graduation ****
make -j12 all 
arm-none-eabi-g++ "../Src/SpeedMeasurement.cpp" -mcpu=cortex-m4 -std=gnu++14 -g3 -DUSE_HAL_DRIVER -DSTM32F407xx -DDEBUG -DUSE_FULL_ASSERT -c -I../Inc -I../Drivers/CMSIS/Include -I../Drivers/STM32F4xx_HAL_Driver/Inc -I../Drivers/CMSIS/Device/ST/STM32F4xx/Include -I../Drivers/STM32F4xx_HAL_Driver/Inc/Legacy -O0 -ffunction-sections -fdata-sections -fno-exceptions -fno-rtti -fno-threadsafe-statics -fno-use-cxa-atexit -Wall -fstack-usage -MMD -MP -MF"Src/SpeedMeasurement.d" -MT"Src/SpeedMeasurement.o"  -mfpu=fpv4-sp-d16 -mfloat-abi=hard -mthumb -o "Src/SpeedMeasurement.o"
../Src/SpeedMeasurement.cpp: In member function 'void SpeedMeasurement::Encoder_Init_TIM8()':
../Src/SpeedMeasurement.cpp:30:29: error: 'GPIO_Pin_6' was not declared in this scope
    GPIO_InitStructure.Pin = GPIO_Pin_6|GPIO_Pin_7; //端口配置
                             ^~~~~~~~~~
../Src/SpeedMeasurement.cpp:30:29: note: suggested alternative: 'GPIO_PIN_6'
    GPIO_InitStructure.Pin = GPIO_Pin_6|GPIO_Pin_7; //端口配置
                             ^~~~~~~~~~
                             GPIO_PIN_6
../Src/SpeedMeasurement.cpp:30:40: error: 'GPIO_Pin_7' was not declared in this scope
    GPIO_InitStructure.Pin = GPIO_Pin_6|GPIO_Pin_7; //端口配置
                                        ^~~~~~~~~~
../Src/SpeedMeasurement.cpp:30:40: note: suggested alternative: 'GPIO_PIN_7'
    GPIO_InitStructure.Pin = GPIO_Pin_6|GPIO_Pin_7; //端口配置
                                        ^~~~~~~~~~
                                        GPIO_PIN_7
../Src/SpeedMeasurement.cpp:31:30: error: 'GPIO_Mode_IN_FLOATING' was not declared in this scope
    GPIO_InitStructure.Mode = GPIO_Mode_IN_FLOATING;   //浮空输入
                              ^~~~~~~~~~~~~~~~~~~~~
../Src/SpeedMeasurement.cpp:31:30: note: suggested alternative: 'GPIO_MODE_IT_FALLING'
    GPIO_InitStructure.Mode = GPIO_Mode_IN_FLOATING;   //浮空输入
                              ^~~~~~~~~~~~~~~~~~~~~
                              GPIO_MODE_IT_FALLING
../Src/SpeedMeasurement.cpp:59:4: error: 'TIM_SetCounter' was not declared in this scope
    TIM_SetCounter(TIM8,0);
    ^~~~~~~~~~~~~~
../Src/SpeedMeasurement.cpp:59:4: note: suggested alternative: '__HAL_TIM_SetCounter'
    TIM_SetCounter(TIM8,0);
    ^~~~~~~~~~~~~~
    __HAL_TIM_SetCounter
../Src/SpeedMeasurement.cpp:61:5: error: 'TIM_Cmd' was not declared in this scope
     TIM_Cmd(TIM8, ENABLE);
     ^~~~~~~
make: *** [Src/subdir.mk:67: Src/SpeedMeasurement.o] Error 1
"make -j12 all" terminated with exit code 2. Build might be incomplete.
06:44:42 **** Incremental Build of configuration Debug for project STM32_Project_Graduation ****
make -j12 all 
arm-none-eabi-g++ "../Src/SpeedMeasurement.cpp" -mcpu=cortex-m4 -std=gnu++14 -g3 -DUSE_HAL_DRIVER -DSTM32F407xx -DDEBUG -DUSE_FULL_ASSERT -c -I../Inc -I../Drivers/CMSIS/Include -I../Drivers/STM32F4xx_HAL_Driver/Inc -I../Drivers/CMSIS/Device/ST/STM32F4xx/Include -I../Drivers/STM32F4xx_HAL_Driver/Inc/Legacy -O0 -ffunction-sections -fdata-sections -fno-exceptions -fno-rtti -fno-threadsafe-statics -fno-use-cxa-atexit -Wall -fstack-usage -MMD -MP -MF"Src/SpeedMeasurement.d" -MT"Src/SpeedMeasurement.o"  -mfpu=fpv4-sp-d16 -mfloat-abi=hard -mthumb -o "Src/SpeedMeasurement.o"
../Src/SpeedMeasurement.cpp: In member function 'void SpeedMeasurement::Encoder_Init_TIM8()':
../Src/SpeedMeasurement.cpp:59:4: error: 'TIM_SetCounter' was not declared in this scope
    TIM_SetCounter(TIM8,0);
    ^~~~~~~~~~~~~~
../Src/SpeedMeasurement.cpp:59:4: note: suggested alternative: '__HAL_TIM_SetCounter'
    TIM_SetCounter(TIM8,0);
    ^~~~~~~~~~~~~~
    __HAL_TIM_SetCounter
../Src/SpeedMeasurement.cpp:61:5: error: 'TIM_Cmd' was not declared in this scope
     TIM_Cmd(TIM8, ENABLE);
     ^~~~~~~
make: *** [Src/subdir.mk:67: Src/SpeedMeasurement.o] Error 1
"make -j12 all" terminated with exit code 2. Build might be incomplete.
06:51:20 **** Incremental Build of configuration Debug for project STM32_Project_Graduation ****
make -j12 all 
arm-none-eabi-g++ "../Src/SpeedMeasurement.cpp" -mcpu=cortex-m4 -std=gnu++14 -g3 -DUSE_HAL_DRIVER -DSTM32F407xx -DDEBUG -DUSE_FULL_ASSERT -c -I../Inc -I../Drivers/CMSIS/Include -I../Drivers/STM32F4xx_HAL_Driver/Inc -I../Drivers/CMSIS/Device/ST/STM32F4xx/Include -I../Drivers/STM32F4xx_HAL_Driver/Inc/Legacy -O0 -ffunction-sections -fdata-sections -fno-exceptions -fno-rtti -fno-threadsafe-statics -fno-use-cxa-atexit -Wall -fstack-usage -MMD -MP -MF"Src/SpeedMeasurement.d" -MT"Src/SpeedMeasurement.o"  -mfpu=fpv4-sp-d16 -mfloat-abi=hard -mthumb -o "Src/SpeedMeasurement.o"
arm-none-eabi-g++ -o "STM32_Project_Graduation.elf" @"objects.list"   -mcpu=cortex-m4 -T"C:\Users\59488\Documents\GitHub\MaokunWang\STM32_Project_Graduation\STM32F407VGTX_FLASH.ld" -Wl,-Map="STM32_Project_Graduation.map" -Wl,--gc-sections -static  -mfpu=fpv4-sp-d16 -mfloat-abi=hard -mthumb -Wl,--start-group -lc -lm -lstdc++ -lsupc++ -Wl,--end-group
Finished building target: STM32_Project_Graduation.elf
 
arm-none-eabi-objdump -h -S  STM32_Project_Graduation.elf  > "STM32_Project_Graduation.list"
arm-none-eabi-objcopy  -O binary  STM32_Project_Graduation.elf  "STM32_Project_Graduation.bin"
arm-none-eabi-size   STM32_Project_Graduation.elf 
   text	   data	    bss	    dec	    hex	filename
 303164	   2788	   7048	 313000	  4c6a8	STM32_Project_Graduation.elf
Finished building: default.size.stdout
 
Finished building: STM32_Project_Graduation.bin
 
Finished building: STM32_Project_Graduation.list
 
07:23:26 **** Incremental Build of configuration Debug for project STM32_Project_Graduation ****
make -j12 all 
arm-none-eabi-g++ "../Src/SpeedMeasurement.cpp" -mcpu=cortex-m4 -std=gnu++14 -g3 -DUSE_HAL_DRIVER -DSTM32F407xx -DDEBUG -DUSE_FULL_ASSERT -c -I../Inc -I../Drivers/CMSIS/Include -I../Drivers/STM32F4xx_HAL_Driver/Inc -I../Drivers/CMSIS/Device/ST/STM32F4xx/Include -I../Drivers/STM32F4xx_HAL_Driver/Inc/Legacy -O0 -ffunction-sections -fdata-sections -fno-exceptions -fno-rtti -fno-threadsafe-statics -fno-use-cxa-atexit -Wall -fstack-usage -MMD -MP -MF"Src/SpeedMeasurement.d" -MT"Src/SpeedMeasurement.o"  -mfpu=fpv4-sp-d16 -mfloat-abi=hard -mthumb -o "Src/SpeedMeasurement.o"
arm-none-eabi-g++ "../Src/main.cpp" -mcpu=cortex-m4 -std=gnu++14 -g3 -DUSE_HAL_DRIVER -DSTM32F407xx -DDEBUG -DUSE_FULL_ASSERT -c -I../Inc -I../Drivers/CMSIS/Include -I../Drivers/STM32F4xx_HAL_Driver/Inc -I../Drivers/CMSIS/Device/ST/STM32F4xx/Include -I../Drivers/STM32F4xx_HAL_Driver/Inc/Legacy -O0 -ffunction-sections -fdata-sections -fno-exceptions -fno-rtti -fno-threadsafe-statics -fno-use-cxa-atexit -Wall -fstack-usage -MMD -MP -MF"Src/main.d" -MT"Src/main.o"  -mfpu=fpv4-sp-d16 -mfloat-abi=hard -mthumb -o "Src/main.o"
../Src/main.cpp: In function 'void getMotorSpeed(SpeedMeasurement&)':
../Src/main.cpp:159:25: error: 'getTIMx_DetaCnt' was not declared in this scope
  leftWheelEncoderNow += getTIMx_DetaCnt(TIM8->CCR1);
                         ^~~~~~~~~~~~~~~
../Src/main.cpp:163:2: error: 'leftSpeed' was not declared in this scope
  leftSpeed   = (leftWheelEncoderNow - leftWheelEncoderLast)*1000*200*2*3.14*0.003/1000;
  ^~~~~~~~~
../Src/main.cpp:163:2: note: suggested alternative: 'realLeftSpeed'
  leftSpeed   = (leftWheelEncoderNow - leftWheelEncoderLast)*1000*200*2*3.14*0.003/1000;
  ^~~~~~~~~
  realLeftSpeed
../Src/main.cpp:164:2: error: 'rightSpeed' was not declared in this scope
  rightSpeed  = (rightWheelEncoderNow - rightWheelEncoderLast)*1000*200*2*3.14*0.003/1000;
  ^~~~~~~~~~
../Src/main.cpp:164:2: note: suggested alternative: 'realRightSpeed'
  rightSpeed  = (rightWheelEncoderNow - rightWheelEncoderLast)*1000*200*2*3.14*0.003/1000;
  ^~~~~~~~~~
  realRightSpeed
make: *** [Src/subdir.mk:69: Src/main.o] Error 1
"make -j12 all" terminated with exit code 2. Build might be incomplete.
07:25:11 **** Incremental Build of configuration Debug for project STM32_Project_Graduation ****
make -j12 all 
arm-none-eabi-g++ "../Src/SpeedMeasurement.cpp" -mcpu=cortex-m4 -std=gnu++14 -g3 -DUSE_HAL_DRIVER -DSTM32F407xx -DDEBUG -DUSE_FULL_ASSERT -c -I../Inc -I../Drivers/CMSIS/Include -I../Drivers/STM32F4xx_HAL_Driver/Inc -I../Drivers/CMSIS/Device/ST/STM32F4xx/Include -I../Drivers/STM32F4xx_HAL_Driver/Inc/Legacy -O0 -ffunction-sections -fdata-sections -fno-exceptions -fno-rtti -fno-threadsafe-statics -fno-use-cxa-atexit -Wall -fstack-usage -MMD -MP -MF"Src/SpeedMeasurement.d" -MT"Src/SpeedMeasurement.o"  -mfpu=fpv4-sp-d16 -mfloat-abi=hard -mthumb -o "Src/SpeedMeasurement.o"
arm-none-eabi-g++ "../Src/main.cpp" -mcpu=cortex-m4 -std=gnu++14 -g3 -DUSE_HAL_DRIVER -DSTM32F407xx -DDEBUG -DUSE_FULL_ASSERT -c -I../Inc -I../Drivers/CMSIS/Include -I../Drivers/STM32F4xx_HAL_Driver/Inc -I../Drivers/CMSIS/Device/ST/STM32F4xx/Include -I../Drivers/STM32F4xx_HAL_Driver/Inc/Legacy -O0 -ffunction-sections -fdata-sections -fno-exceptions -fno-rtti -fno-threadsafe-statics -fno-use-cxa-atexit -Wall -fstack-usage -MMD -MP -MF"Src/main.d" -MT"Src/main.o"  -mfpu=fpv4-sp-d16 -mfloat-abi=hard -mthumb -o "Src/main.o"
../Src/main.cpp: In function 'void getMotorSpeed(SpeedMeasurement&)':
../Src/main.cpp:159:25: error: 'getTIMx_DetaCnt' was not declared in this scope
  leftWheelEncoderNow += getTIMx_DetaCnt(TIM8); //(TIM8->CCR1);
                         ^~~~~~~~~~~~~~~
make: *** [Src/subdir.mk:69: Src/main.o] Error 1
"make -j12 all" terminated with exit code 2. Build might be incomplete.
07:25:25 **** Incremental Build of configuration Debug for project STM32_Project_Graduation ****
make -j12 all 
arm-none-eabi-g++ "../Src/main.cpp" -mcpu=cortex-m4 -std=gnu++14 -g3 -DUSE_HAL_DRIVER -DSTM32F407xx -DDEBUG -DUSE_FULL_ASSERT -c -I../Inc -I../Drivers/CMSIS/Include -I../Drivers/STM32F4xx_HAL_Driver/Inc -I../Drivers/CMSIS/Device/ST/STM32F4xx/Include -I../Drivers/STM32F4xx_HAL_Driver/Inc/Legacy -O0 -ffunction-sections -fdata-sections -fno-exceptions -fno-rtti -fno-threadsafe-statics -fno-use-cxa-atexit -Wall -fstack-usage -MMD -MP -MF"Src/main.d" -MT"Src/main.o"  -mfpu=fpv4-sp-d16 -mfloat-abi=hard -mthumb -o "Src/main.o"
../Src/main.cpp: In function 'void getMotorSpeed(SpeedMeasurement&)':
../Src/main.cpp:159:25: error: 'getTIMx_DeltaCnt' was not declared in this scope
  leftWheelEncoderNow += getTIMx_DeltaCnt(TIM8); //(TIM8->CCR1);
                         ^~~~~~~~~~~~~~~~
../Src/main.cpp:160:25: error: 'getTIMx_DetaCnt' was not declared in this scope
  rightWheelEncoderNow+= getTIMx_DetaCnt(TIM8);//(TIM8->CCR2);
                         ^~~~~~~~~~~~~~~
make: *** [Src/subdir.mk:69: Src/main.o] Error 1
"make -j12 all" terminated with exit code 2. Build might be incomplete.
07:25:37 **** Incremental Build of configuration Debug for project STM32_Project_Graduation ****
make -j12 all 
arm-none-eabi-g++ "../Src/main.cpp" -mcpu=cortex-m4 -std=gnu++14 -g3 -DUSE_HAL_DRIVER -DSTM32F407xx -DDEBUG -DUSE_FULL_ASSERT -c -I../Inc -I../Drivers/CMSIS/Include -I../Drivers/STM32F4xx_HAL_Driver/Inc -I../Drivers/CMSIS/Device/ST/STM32F4xx/Include -I../Drivers/STM32F4xx_HAL_Driver/Inc/Legacy -O0 -ffunction-sections -fdata-sections -fno-exceptions -fno-rtti -fno-threadsafe-statics -fno-use-cxa-atexit -Wall -fstack-usage -MMD -MP -MF"Src/main.d" -MT"Src/main.o"  -mfpu=fpv4-sp-d16 -mfloat-abi=hard -mthumb -o "Src/main.o"
../Src/main.cpp: In function 'void getMotorSpeed(SpeedMeasurement&)':
../Src/main.cpp:159:25: error: 'getTIMx_DeltaCnt' was not declared in this scope
  leftWheelEncoderNow += getTIMx_DeltaCnt(TIM8); //(TIM8->CCR1);
                         ^~~~~~~~~~~~~~~~
make: *** [Src/subdir.mk:69: Src/main.o] Error 1
"make -j12 all" terminated with exit code 2. Build might be incomplete.
07:26:25 **** Incremental Build of configuration Debug for project STM32_Project_Graduation ****
make -j12 all 
arm-none-eabi-g++ "../Src/main.cpp" -mcpu=cortex-m4 -std=gnu++14 -g3 -DUSE_HAL_DRIVER -DSTM32F407xx -DDEBUG -DUSE_FULL_ASSERT -c -I../Inc -I../Drivers/CMSIS/Include -I../Drivers/STM32F4xx_HAL_Driver/Inc -I../Drivers/CMSIS/Device/ST/STM32F4xx/Include -I../Drivers/STM32F4xx_HAL_Driver/Inc/Legacy -O0 -ffunction-sections -fdata-sections -fno-exceptions -fno-rtti -fno-threadsafe-statics -fno-use-cxa-atexit -Wall -fstack-usage -MMD -MP -MF"Src/main.d" -MT"Src/main.o"  -mfpu=fpv4-sp-d16 -mfloat-abi=hard -mthumb -o "Src/main.o"
arm-none-eabi-g++ -o "STM32_Project_Graduation.elf" @"objects.list"   -mcpu=cortex-m4 -T"C:\Users\59488\Documents\GitHub\MaokunWang\STM32_Project_Graduation\STM32F407VGTX_FLASH.ld" -Wl,-Map="STM32_Project_Graduation.map" -Wl,--gc-sections -static  -mfpu=fpv4-sp-d16 -mfloat-abi=hard -mthumb -Wl,--start-group -lc -lm -lstdc++ -lsupc++ -Wl,--end-group
Src/main.o: In function `getMotorSpeed(SpeedMeasurement&)':
C:/Users/59488/Documents/GitHub/MaokunWang/STM32_Project_Graduation/Debug/../Src/main.cpp:159: undefined reference to `SpeedMeasurement::getTIMx_DeltaCnt(TIM_TypeDef*)'
C:/Users/59488/Documents/GitHub/MaokunWang/STM32_Project_Graduation/Debug/../Src/main.cpp:160: undefined reference to `SpeedMeasurement::getTIMx_DeltaCnt(TIM_TypeDef*)'
collect2.exe: error: ld returned 1 exit status
make: *** [makefile:59: STM32_Project_Graduation.elf] Error 1
"make -j12 all" terminated with exit code 2. Build might be incomplete.
