22:42:53 **** Build of configuration Debug for project STM32_Project_Graduation ****
make -j12 all 
arm-none-eabi-gcc -mcpu=cortex-m4 -g -c -x assembler-with-cpp --specs=nano.specs -mfpu=fpv4-sp-d16 -mfloat-abi=hard -mthumb -o "Startup/startup_stm32f407xx.o" "../Startup/startup_stm32f407xx.s"
arm-none-eabi-g++ "../Src/ADCClass.cpp" -mcpu=cortex-m4 -std=gnu++14 -g -DUSE_HAL_DRIVER -DDEBUG -DSTM32F407xx -c -I../Inc -I../Drivers/CMSIS/Include -I../Drivers/STM32F4xx_HAL_Driver/Inc -I../Drivers/CMSIS/Device/ST/STM32F4xx/Include -I../Drivers/STM32F4xx_HAL_Driver/Inc/Legacy -O0 -ffunction-sections -fdata-sections -fno-exceptions -fno-rtti -fno-threadsafe-statics -fno-use-cxa-atexit -Wall -fstack-usage -MMD -MP -MF"Src/ADCClass.d" -MT"Src/ADCClass.o" --specs=nano.specs -mfpu=fpv4-sp-d16 -mfloat-abi=hard -mthumb -o "Src/ADCClass.o"
arm-none-eabi-g++ "../Src/ClassUartTest.cpp" -mcpu=cortex-m4 -std=gnu++14 -g -DUSE_HAL_DRIVER -DDEBUG -DSTM32F407xx -c -I../Inc -I../Drivers/CMSIS/Include -I../Drivers/STM32F4xx_HAL_Driver/Inc -I../Drivers/CMSIS/Device/ST/STM32F4xx/Include -I../Drivers/STM32F4xx_HAL_Driver/Inc/Legacy -O0 -ffunction-sections -fdata-sections -fno-exceptions -fno-rtti -fno-threadsafe-statics -fno-use-cxa-atexit -Wall -fstack-usage -MMD -MP -MF"Src/ClassUartTest.d" -MT"Src/ClassUartTest.o" --specs=nano.specs -mfpu=fpv4-sp-d16 -mfloat-abi=hard -mthumb -o "Src/ClassUartTest.o"
arm-none-eabi-g++ "../Src/HighLevelComm.cpp" -mcpu=cortex-m4 -std=gnu++14 -g -DUSE_HAL_DRIVER -DDEBUG -DSTM32F407xx -c -I../Inc -I../Drivers/CMSIS/Include -I../Drivers/STM32F4xx_HAL_Driver/Inc -I../Drivers/CMSIS/Device/ST/STM32F4xx/Include -I../Drivers/STM32F4xx_HAL_Driver/Inc/Legacy -O0 -ffunction-sections -fdata-sections -fno-exceptions -fno-rtti -fno-threadsafe-statics -fno-use-cxa-atexit -Wall -fstack-usage -MMD -MP -MF"Src/HighLevelComm.d" -MT"Src/HighLevelComm.o" --specs=nano.specs -mfpu=fpv4-sp-d16 -mfloat-abi=hard -mthumb -o "Src/HighLevelComm.o"
arm-none-eabi-g++ "../Src/PIDController.cpp" -mcpu=cortex-m4 -std=gnu++14 -g -DUSE_HAL_DRIVER -DDEBUG -DSTM32F407xx -c -I../Inc -I../Drivers/CMSIS/Include -I../Drivers/STM32F4xx_HAL_Driver/Inc -I../Drivers/CMSIS/Device/ST/STM32F4xx/Include -I../Drivers/STM32F4xx_HAL_Driver/Inc/Legacy -O0 -ffunction-sections -fdata-sections -fno-exceptions -fno-rtti -fno-threadsafe-statics -fno-use-cxa-atexit -Wall -fstack-usage -MMD -MP -MF"Src/PIDController.d" -MT"Src/PIDController.o" --specs=nano.specs -mfpu=fpv4-sp-d16 -mfloat-abi=hard -mthumb -o "Src/PIDController.o"
arm-none-eabi-g++ "../Src/PWM.cpp" -mcpu=cortex-m4 -std=gnu++14 -g -DUSE_HAL_DRIVER -DDEBUG -DSTM32F407xx -c -I../Inc -I../Drivers/CMSIS/Include -I../Drivers/STM32F4xx_HAL_Driver/Inc -I../Drivers/CMSIS/Device/ST/STM32F4xx/Include -I../Drivers/STM32F4xx_HAL_Driver/Inc/Legacy -O0 -ffunction-sections -fdata-sections -fno-exceptions -fno-rtti -fno-threadsafe-statics -fno-use-cxa-atexit -Wall -fstack-usage -MMD -MP -MF"Src/PWM.d" -MT"Src/PWM.o" --specs=nano.specs -mfpu=fpv4-sp-d16 -mfloat-abi=hard -mthumb -o "Src/PWM.o"
arm-none-eabi-g++ "../Src/Queue.cpp" -mcpu=cortex-m4 -std=gnu++14 -g -DUSE_HAL_DRIVER -DDEBUG -DSTM32F407xx -c -I../Inc -I../Drivers/CMSIS/Include -I../Drivers/STM32F4xx_HAL_Driver/Inc -I../Drivers/CMSIS/Device/ST/STM32F4xx/Include -I../Drivers/STM32F4xx_HAL_Driver/Inc/Legacy -O0 -ffunction-sections -fdata-sections -fno-exceptions -fno-rtti -fno-threadsafe-statics -fno-use-cxa-atexit -Wall -fstack-usage -MMD -MP -MF"Src/Queue.d" -MT"Src/Queue.o" --specs=nano.specs -mfpu=fpv4-sp-d16 -mfloat-abi=hard -mthumb -o "Src/Queue.o"
arm-none-eabi-g++ "../Src/SpeedMeasurement.cpp" -mcpu=cortex-m4 -std=gnu++14 -g -DUSE_HAL_DRIVER -DDEBUG -DSTM32F407xx -c -I../Inc -I../Drivers/CMSIS/Include -I../Drivers/STM32F4xx_HAL_Driver/Inc -I../Drivers/CMSIS/Device/ST/STM32F4xx/Include -I../Drivers/STM32F4xx_HAL_Driver/Inc/Legacy -O0 -ffunction-sections -fdata-sections -fno-exceptions -fno-rtti -fno-threadsafe-statics -fno-use-cxa-atexit -Wall -fstack-usage -MMD -MP -MF"Src/SpeedMeasurement.d" -MT"Src/SpeedMeasurement.o" --specs=nano.specs -mfpu=fpv4-sp-d16 -mfloat-abi=hard -mthumb -o "Src/SpeedMeasurement.o"
arm-none-eabi-g++ "../Src/main.cpp" -mcpu=cortex-m4 -std=gnu++14 -g -DUSE_HAL_DRIVER -DDEBUG -DSTM32F407xx -c -I../Inc -I../Drivers/CMSIS/Include -I../Drivers/STM32F4xx_HAL_Driver/Inc -I../Drivers/CMSIS/Device/ST/STM32F4xx/Include -I../Drivers/STM32F4xx_HAL_Driver/Inc/Legacy -O0 -ffunction-sections -fdata-sections -fno-exceptions -fno-rtti -fno-threadsafe-statics -fno-use-cxa-atexit -Wall -fstack-usage -MMD -MP -MF"Src/main.d" -MT"Src/main.o" --specs=nano.specs -mfpu=fpv4-sp-d16 -mfloat-abi=hard -mthumb -o "Src/main.o"
arm-none-eabi-gcc "../Src/stm32f4xx_it.c" -mcpu=cortex-m4 -g -DUSE_HAL_DRIVER -DDEBUG -DSTM32F407xx -c -I../Inc -I../Drivers/CMSIS/Include -I../Drivers/STM32F4xx_HAL_Driver/Inc -I../Drivers/CMSIS/Device/ST/STM32F4xx/Include -I../Drivers/STM32F4xx_HAL_Driver/Inc/Legacy -O0 -ffunction-sections -fdata-sections -Wall -fstack-usage -MMD -MP -MF"Src/stm32f4xx_it.d" -MT"Src/stm32f4xx_it.o" --specs=nano.specs -mfpu=fpv4-sp-d16 -mfloat-abi=hard -mthumb -o "Src/stm32f4xx_it.o"
arm-none-eabi-gcc "../Src/syscalls.c" -mcpu=cortex-m4 -g -DUSE_HAL_DRIVER -DDEBUG -DSTM32F407xx -c -I../Inc -I../Drivers/CMSIS/Include -I../Drivers/STM32F4xx_HAL_Driver/Inc -I../Drivers/CMSIS/Device/ST/STM32F4xx/Include -I../Drivers/STM32F4xx_HAL_Driver/Inc/Legacy -O0 -ffunction-sections -fdata-sections -Wall -fstack-usage -MMD -MP -MF"Src/syscalls.d" -MT"Src/syscalls.o" --specs=nano.specs -mfpu=fpv4-sp-d16 -mfloat-abi=hard -mthumb -o "Src/syscalls.o"
arm-none-eabi-gcc "../Src/sysmem.c" -mcpu=cortex-m4 -g -DUSE_HAL_DRIVER -DDEBUG -DSTM32F407xx -c -I../Inc -I../Drivers/CMSIS/Include -I../Drivers/STM32F4xx_HAL_Driver/Inc -I../Drivers/CMSIS/Device/ST/STM32F4xx/Include -I../Drivers/STM32F4xx_HAL_Driver/Inc/Legacy -O0 -ffunction-sections -fdata-sections -Wall -fstack-usage -MMD -MP -MF"Src/sysmem.d" -MT"Src/sysmem.o" --specs=nano.specs -mfpu=fpv4-sp-d16 -mfloat-abi=hard -mthumb -o "Src/sysmem.o"
arm-none-eabi-gcc "../Src/system_stm32f4xx.c" -mcpu=cortex-m4 -g -DUSE_HAL_DRIVER -DDEBUG -DSTM32F407xx -c -I../Inc -I../Drivers/CMSIS/Include -I../Drivers/STM32F4xx_HAL_Driver/Inc -I../Drivers/CMSIS/Device/ST/STM32F4xx/Include -I../Drivers/STM32F4xx_HAL_Driver/Inc/Legacy -O0 -ffunction-sections -fdata-sections -Wall -fstack-usage -MMD -MP -MF"Src/system_stm32f4xx.d" -MT"Src/system_stm32f4xx.o" --specs=nano.specs -mfpu=fpv4-sp-d16 -mfloat-abi=hard -mthumb -o "Src/system_stm32f4xx.o"
arm-none-eabi-gcc "../Drivers/STM32F4xx_HAL_Driver/Src/stm32f4xx_hal.c" -mcpu=cortex-m4 -g -DUSE_HAL_DRIVER -DDEBUG -DSTM32F407xx -c -I../Inc -I../Drivers/CMSIS/Include -I../Drivers/STM32F4xx_HAL_Driver/Inc -I../Drivers/CMSIS/Device/ST/STM32F4xx/Include -I../Drivers/STM32F4xx_HAL_Driver/Inc/Legacy -O0 -ffunction-sections -fdata-sections -Wall -fstack-usage -MMD -MP -MF"Drivers/STM32F4xx_HAL_Driver/Src/stm32f4xx_hal.d" -MT"Drivers/STM32F4xx_HAL_Driver/Src/stm32f4xx_hal.o" --specs=nano.specs -mfpu=fpv4-sp-d16 -mfloat-abi=hard -mthumb -o "Drivers/STM32F4xx_HAL_Driver/Src/stm32f4xx_hal.o"
../Src/SpeedMeasurement.cpp: In constructor 'SpeedMeasurement::SpeedMeasurement()':
../Src/SpeedMeasurement.cpp:15:26: warning: unused variable 'sMasterConfig' [-Wunused-variable]
  TIM_MasterConfigTypeDef sMasterConfig = {0};
                          ^~~~~~~~~~~~~
arm-none-eabi-gcc "../Drivers/STM32F4xx_HAL_Driver/Src/stm32f4xx_hal_adc.c" -mcpu=cortex-m4 -g -DUSE_HAL_DRIVER -DDEBUG -DSTM32F407xx -c -I../Inc -I../Drivers/CMSIS/Include -I../Drivers/STM32F4xx_HAL_Driver/Inc -I../Drivers/CMSIS/Device/ST/STM32F4xx/Include -I../Drivers/STM32F4xx_HAL_Driver/Inc/Legacy -O0 -ffunction-sections -fdata-sections -Wall -fstack-usage -MMD -MP -MF"Drivers/STM32F4xx_HAL_Driver/Src/stm32f4xx_hal_adc.d" -MT"Drivers/STM32F4xx_HAL_Driver/Src/stm32f4xx_hal_adc.o" --specs=nano.specs -mfpu=fpv4-sp-d16 -mfloat-abi=hard -mthumb -o "Drivers/STM32F4xx_HAL_Driver/Src/stm32f4xx_hal_adc.o"
arm-none-eabi-gcc "../Drivers/STM32F4xx_HAL_Driver/Src/stm32f4xx_hal_adc_ex.c" -mcpu=cortex-m4 -g -DUSE_HAL_DRIVER -DDEBUG -DSTM32F407xx -c -I../Inc -I../Drivers/CMSIS/Include -I../Drivers/STM32F4xx_HAL_Driver/Inc -I../Drivers/CMSIS/Device/ST/STM32F4xx/Include -I../Drivers/STM32F4xx_HAL_Driver/Inc/Legacy -O0 -ffunction-sections -fdata-sections -Wall -fstack-usage -MMD -MP -MF"Drivers/STM32F4xx_HAL_Driver/Src/stm32f4xx_hal_adc_ex.d" -MT"Drivers/STM32F4xx_HAL_Driver/Src/stm32f4xx_hal_adc_ex.o" --specs=nano.specs -mfpu=fpv4-sp-d16 -mfloat-abi=hard -mthumb -o "Drivers/STM32F4xx_HAL_Driver/Src/stm32f4xx_hal_adc_ex.o"
arm-none-eabi-gcc "../Drivers/STM32F4xx_HAL_Driver/Src/stm32f4xx_hal_cortex.c" -mcpu=cortex-m4 -g -DUSE_HAL_DRIVER -DDEBUG -DSTM32F407xx -c -I../Inc -I../Drivers/CMSIS/Include -I../Drivers/STM32F4xx_HAL_Driver/Inc -I../Drivers/CMSIS/Device/ST/STM32F4xx/Include -I../Drivers/STM32F4xx_HAL_Driver/Inc/Legacy -O0 -ffunction-sections -fdata-sections -Wall -fstack-usage -MMD -MP -MF"Drivers/STM32F4xx_HAL_Driver/Src/stm32f4xx_hal_cortex.d" -MT"Drivers/STM32F4xx_HAL_Driver/Src/stm32f4xx_hal_cortex.o" --specs=nano.specs -mfpu=fpv4-sp-d16 -mfloat-abi=hard -mthumb -o "Drivers/STM32F4xx_HAL_Driver/Src/stm32f4xx_hal_cortex.o"
arm-none-eabi-gcc "../Drivers/STM32F4xx_HAL_Driver/Src/stm32f4xx_hal_dma.c" -mcpu=cortex-m4 -g -DUSE_HAL_DRIVER -DDEBUG -DSTM32F407xx -c -I../Inc -I../Drivers/CMSIS/Include -I../Drivers/STM32F4xx_HAL_Driver/Inc -I../Drivers/CMSIS/Device/ST/STM32F4xx/Include -I../Drivers/STM32F4xx_HAL_Driver/Inc/Legacy -O0 -ffunction-sections -fdata-sections -Wall -fstack-usage -MMD -MP -MF"Drivers/STM32F4xx_HAL_Driver/Src/stm32f4xx_hal_dma.d" -MT"Drivers/STM32F4xx_HAL_Driver/Src/stm32f4xx_hal_dma.o" --specs=nano.specs -mfpu=fpv4-sp-d16 -mfloat-abi=hard -mthumb -o "Drivers/STM32F4xx_HAL_Driver/Src/stm32f4xx_hal_dma.o"
arm-none-eabi-gcc "../Drivers/STM32F4xx_HAL_Driver/Src/stm32f4xx_hal_dma_ex.c" -mcpu=cortex-m4 -g -DUSE_HAL_DRIVER -DDEBUG -DSTM32F407xx -c -I../Inc -I../Drivers/CMSIS/Include -I../Drivers/STM32F4xx_HAL_Driver/Inc -I../Drivers/CMSIS/Device/ST/STM32F4xx/Include -I../Drivers/STM32F4xx_HAL_Driver/Inc/Legacy -O0 -ffunction-sections -fdata-sections -Wall -fstack-usage -MMD -MP -MF"Drivers/STM32F4xx_HAL_Driver/Src/stm32f4xx_hal_dma_ex.d" -MT"Drivers/STM32F4xx_HAL_Driver/Src/stm32f4xx_hal_dma_ex.o" --specs=nano.specs -mfpu=fpv4-sp-d16 -mfloat-abi=hard -mthumb -o "Drivers/STM32F4xx_HAL_Driver/Src/stm32f4xx_hal_dma_ex.o"
arm-none-eabi-gcc "../Drivers/STM32F4xx_HAL_Driver/Src/stm32f4xx_hal_exti.c" -mcpu=cortex-m4 -g -DUSE_HAL_DRIVER -DDEBUG -DSTM32F407xx -c -I../Inc -I../Drivers/CMSIS/Include -I../Drivers/STM32F4xx_HAL_Driver/Inc -I../Drivers/CMSIS/Device/ST/STM32F4xx/Include -I../Drivers/STM32F4xx_HAL_Driver/Inc/Legacy -O0 -ffunction-sections -fdata-sections -Wall -fstack-usage -MMD -MP -MF"Drivers/STM32F4xx_HAL_Driver/Src/stm32f4xx_hal_exti.d" -MT"Drivers/STM32F4xx_HAL_Driver/Src/stm32f4xx_hal_exti.o" --specs=nano.specs -mfpu=fpv4-sp-d16 -mfloat-abi=hard -mthumb -o "Drivers/STM32F4xx_HAL_Driver/Src/stm32f4xx_hal_exti.o"
arm-none-eabi-gcc "../Drivers/STM32F4xx_HAL_Driver/Src/stm32f4xx_hal_flash.c" -mcpu=cortex-m4 -g -DUSE_HAL_DRIVER -DDEBUG -DSTM32F407xx -c -I../Inc -I../Drivers/CMSIS/Include -I../Drivers/STM32F4xx_HAL_Driver/Inc -I../Drivers/CMSIS/Device/ST/STM32F4xx/Include -I../Drivers/STM32F4xx_HAL_Driver/Inc/Legacy -O0 -ffunction-sections -fdata-sections -Wall -fstack-usage -MMD -MP -MF"Drivers/STM32F4xx_HAL_Driver/Src/stm32f4xx_hal_flash.d" -MT"Drivers/STM32F4xx_HAL_Driver/Src/stm32f4xx_hal_flash.o" --specs=nano.specs -mfpu=fpv4-sp-d16 -mfloat-abi=hard -mthumb -o "Drivers/STM32F4xx_HAL_Driver/Src/stm32f4xx_hal_flash.o"
arm-none-eabi-gcc "../Drivers/STM32F4xx_HAL_Driver/Src/stm32f4xx_hal_flash_ex.c" -mcpu=cortex-m4 -g -DUSE_HAL_DRIVER -DDEBUG -DSTM32F407xx -c -I../Inc -I../Drivers/CMSIS/Include -I../Drivers/STM32F4xx_HAL_Driver/Inc -I../Drivers/CMSIS/Device/ST/STM32F4xx/Include -I../Drivers/STM32F4xx_HAL_Driver/Inc/Legacy -O0 -ffunction-sections -fdata-sections -Wall -fstack-usage -MMD -MP -MF"Drivers/STM32F4xx_HAL_Driver/Src/stm32f4xx_hal_flash_ex.d" -MT"Drivers/STM32F4xx_HAL_Driver/Src/stm32f4xx_hal_flash_ex.o" --specs=nano.specs -mfpu=fpv4-sp-d16 -mfloat-abi=hard -mthumb -o "Drivers/STM32F4xx_HAL_Driver/Src/stm32f4xx_hal_flash_ex.o"
arm-none-eabi-gcc "../Drivers/STM32F4xx_HAL_Driver/Src/stm32f4xx_hal_flash_ramfunc.c" -mcpu=cortex-m4 -g -DUSE_HAL_DRIVER -DDEBUG -DSTM32F407xx -c -I../Inc -I../Drivers/CMSIS/Include -I../Drivers/STM32F4xx_HAL_Driver/Inc -I../Drivers/CMSIS/Device/ST/STM32F4xx/Include -I../Drivers/STM32F4xx_HAL_Driver/Inc/Legacy -O0 -ffunction-sections -fdata-sections -Wall -fstack-usage -MMD -MP -MF"Drivers/STM32F4xx_HAL_Driver/Src/stm32f4xx_hal_flash_ramfunc.d" -MT"Drivers/STM32F4xx_HAL_Driver/Src/stm32f4xx_hal_flash_ramfunc.o" --specs=nano.specs -mfpu=fpv4-sp-d16 -mfloat-abi=hard -mthumb -o "Drivers/STM32F4xx_HAL_Driver/Src/stm32f4xx_hal_flash_ramfunc.o"
arm-none-eabi-gcc "../Drivers/STM32F4xx_HAL_Driver/Src/stm32f4xx_hal_gpio.c" -mcpu=cortex-m4 -g -DUSE_HAL_DRIVER -DDEBUG -DSTM32F407xx -c -I../Inc -I../Drivers/CMSIS/Include -I../Drivers/STM32F4xx_HAL_Driver/Inc -I../Drivers/CMSIS/Device/ST/STM32F4xx/Include -I../Drivers/STM32F4xx_HAL_Driver/Inc/Legacy -O0 -ffunction-sections -fdata-sections -Wall -fstack-usage -MMD -MP -MF"Drivers/STM32F4xx_HAL_Driver/Src/stm32f4xx_hal_gpio.d" -MT"Drivers/STM32F4xx_HAL_Driver/Src/stm32f4xx_hal_gpio.o" --specs=nano.specs -mfpu=fpv4-sp-d16 -mfloat-abi=hard -mthumb -o "Drivers/STM32F4xx_HAL_Driver/Src/stm32f4xx_hal_gpio.o"
arm-none-eabi-gcc "../Drivers/STM32F4xx_HAL_Driver/Src/stm32f4xx_hal_pwr.c" -mcpu=cortex-m4 -g -DUSE_HAL_DRIVER -DDEBUG -DSTM32F407xx -c -I../Inc -I../Drivers/CMSIS/Include -I../Drivers/STM32F4xx_HAL_Driver/Inc -I../Drivers/CMSIS/Device/ST/STM32F4xx/Include -I../Drivers/STM32F4xx_HAL_Driver/Inc/Legacy -O0 -ffunction-sections -fdata-sections -Wall -fstack-usage -MMD -MP -MF"Drivers/STM32F4xx_HAL_Driver/Src/stm32f4xx_hal_pwr.d" -MT"Drivers/STM32F4xx_HAL_Driver/Src/stm32f4xx_hal_pwr.o" --specs=nano.specs -mfpu=fpv4-sp-d16 -mfloat-abi=hard -mthumb -o "Drivers/STM32F4xx_HAL_Driver/Src/stm32f4xx_hal_pwr.o"
arm-none-eabi-gcc "../Drivers/STM32F4xx_HAL_Driver/Src/stm32f4xx_hal_pwr_ex.c" -mcpu=cortex-m4 -g -DUSE_HAL_DRIVER -DDEBUG -DSTM32F407xx -c -I../Inc -I../Drivers/CMSIS/Include -I../Drivers/STM32F4xx_HAL_Driver/Inc -I../Drivers/CMSIS/Device/ST/STM32F4xx/Include -I../Drivers/STM32F4xx_HAL_Driver/Inc/Legacy -O0 -ffunction-sections -fdata-sections -Wall -fstack-usage -MMD -MP -MF"Drivers/STM32F4xx_HAL_Driver/Src/stm32f4xx_hal_pwr_ex.d" -MT"Drivers/STM32F4xx_HAL_Driver/Src/stm32f4xx_hal_pwr_ex.o" --specs=nano.specs -mfpu=fpv4-sp-d16 -mfloat-abi=hard -mthumb -o "Drivers/STM32F4xx_HAL_Driver/Src/stm32f4xx_hal_pwr_ex.o"
arm-none-eabi-gcc "../Drivers/STM32F4xx_HAL_Driver/Src/stm32f4xx_hal_rcc.c" -mcpu=cortex-m4 -g -DUSE_HAL_DRIVER -DDEBUG -DSTM32F407xx -c -I../Inc -I../Drivers/CMSIS/Include -I../Drivers/STM32F4xx_HAL_Driver/Inc -I../Drivers/CMSIS/Device/ST/STM32F4xx/Include -I../Drivers/STM32F4xx_HAL_Driver/Inc/Legacy -O0 -ffunction-sections -fdata-sections -Wall -fstack-usage -MMD -MP -MF"Drivers/STM32F4xx_HAL_Driver/Src/stm32f4xx_hal_rcc.d" -MT"Drivers/STM32F4xx_HAL_Driver/Src/stm32f4xx_hal_rcc.o" --specs=nano.specs -mfpu=fpv4-sp-d16 -mfloat-abi=hard -mthumb -o "Drivers/STM32F4xx_HAL_Driver/Src/stm32f4xx_hal_rcc.o"
arm-none-eabi-gcc "../Drivers/STM32F4xx_HAL_Driver/Src/stm32f4xx_hal_rcc_ex.c" -mcpu=cortex-m4 -g -DUSE_HAL_DRIVER -DDEBUG -DSTM32F407xx -c -I../Inc -I../Drivers/CMSIS/Include -I../Drivers/STM32F4xx_HAL_Driver/Inc -I../Drivers/CMSIS/Device/ST/STM32F4xx/Include -I../Drivers/STM32F4xx_HAL_Driver/Inc/Legacy -O0 -ffunction-sections -fdata-sections -Wall -fstack-usage -MMD -MP -MF"Drivers/STM32F4xx_HAL_Driver/Src/stm32f4xx_hal_rcc_ex.d" -MT"Drivers/STM32F4xx_HAL_Driver/Src/stm32f4xx_hal_rcc_ex.o" --specs=nano.specs -mfpu=fpv4-sp-d16 -mfloat-abi=hard -mthumb -o "Drivers/STM32F4xx_HAL_Driver/Src/stm32f4xx_hal_rcc_ex.o"
arm-none-eabi-gcc "../Drivers/STM32F4xx_HAL_Driver/Src/stm32f4xx_hal_tim.c" -mcpu=cortex-m4 -g -DUSE_HAL_DRIVER -DDEBUG -DSTM32F407xx -c -I../Inc -I../Drivers/CMSIS/Include -I../Drivers/STM32F4xx_HAL_Driver/Inc -I../Drivers/CMSIS/Device/ST/STM32F4xx/Include -I../Drivers/STM32F4xx_HAL_Driver/Inc/Legacy -O0 -ffunction-sections -fdata-sections -Wall -fstack-usage -MMD -MP -MF"Drivers/STM32F4xx_HAL_Driver/Src/stm32f4xx_hal_tim.d" -MT"Drivers/STM32F4xx_HAL_Driver/Src/stm32f4xx_hal_tim.o" --specs=nano.specs -mfpu=fpv4-sp-d16 -mfloat-abi=hard -mthumb -o "Drivers/STM32F4xx_HAL_Driver/Src/stm32f4xx_hal_tim.o"
arm-none-eabi-gcc "../Drivers/STM32F4xx_HAL_Driver/Src/stm32f4xx_hal_tim_ex.c" -mcpu=cortex-m4 -g -DUSE_HAL_DRIVER -DDEBUG -DSTM32F407xx -c -I../Inc -I../Drivers/CMSIS/Include -I../Drivers/STM32F4xx_HAL_Driver/Inc -I../Drivers/CMSIS/Device/ST/STM32F4xx/Include -I../Drivers/STM32F4xx_HAL_Driver/Inc/Legacy -O0 -ffunction-sections -fdata-sections -Wall -fstack-usage -MMD -MP -MF"Drivers/STM32F4xx_HAL_Driver/Src/stm32f4xx_hal_tim_ex.d" -MT"Drivers/STM32F4xx_HAL_Driver/Src/stm32f4xx_hal_tim_ex.o" --specs=nano.specs -mfpu=fpv4-sp-d16 -mfloat-abi=hard -mthumb -o "Drivers/STM32F4xx_HAL_Driver/Src/stm32f4xx_hal_tim_ex.o"
arm-none-eabi-gcc "../Drivers/STM32F4xx_HAL_Driver/Src/stm32f4xx_hal_uart.c" -mcpu=cortex-m4 -g -DUSE_HAL_DRIVER -DDEBUG -DSTM32F407xx -c -I../Inc -I../Drivers/CMSIS/Include -I../Drivers/STM32F4xx_HAL_Driver/Inc -I../Drivers/CMSIS/Device/ST/STM32F4xx/Include -I../Drivers/STM32F4xx_HAL_Driver/Inc/Legacy -O0 -ffunction-sections -fdata-sections -Wall -fstack-usage -MMD -MP -MF"Drivers/STM32F4xx_HAL_Driver/Src/stm32f4xx_hal_uart.d" -MT"Drivers/STM32F4xx_HAL_Driver/Src/stm32f4xx_hal_uart.o" --specs=nano.specs -mfpu=fpv4-sp-d16 -mfloat-abi=hard -mthumb -o "Drivers/STM32F4xx_HAL_Driver/Src/stm32f4xx_hal_uart.o"
arm-none-eabi-gcc "../Drivers/STM32F4xx_HAL_Driver/Src/stm32f4xx_hal_usart.c" -mcpu=cortex-m4 -g -DUSE_HAL_DRIVER -DDEBUG -DSTM32F407xx -c -I../Inc -I../Drivers/CMSIS/Include -I../Drivers/STM32F4xx_HAL_Driver/Inc -I../Drivers/CMSIS/Device/ST/STM32F4xx/Include -I../Drivers/STM32F4xx_HAL_Driver/Inc/Legacy -O0 -ffunction-sections -fdata-sections -Wall -fstack-usage -MMD -MP -MF"Drivers/STM32F4xx_HAL_Driver/Src/stm32f4xx_hal_usart.d" -MT"Drivers/STM32F4xx_HAL_Driver/Src/stm32f4xx_hal_usart.o" --specs=nano.specs -mfpu=fpv4-sp-d16 -mfloat-abi=hard -mthumb -o "Drivers/STM32F4xx_HAL_Driver/Src/stm32f4xx_hal_usart.o"
../Src/HighLevelComm.cpp: In member function 'bool HighLevelComm::Stop()':
../Src/HighLevelComm.cpp:105:25: error: qualified-id in declaration before '(' token
 bool HighLevelComm::Turn(int x) //'x' means the angle of the steering system from -45 degrees to 45 degrees
                         ^
../Src/HighLevelComm.cpp:121:32: error: qualified-id in declaration before '(' token
 bool HighLevelComm::showBattery()
                                ^
../Src/HighLevelComm.cpp:134:33: error: qualified-id in declaration before '(' token
 bool HighLevelComm::showDistance()
                                 ^
../Src/HighLevelComm.cpp:148:1: error: expected '}' at end of input
 }
 ^
../Src/main.cpp: In function 'bool getMotorSpeed(SpeedMeasurement&)':
../Src/main.cpp:170:1: warning: no return statement in function returning non-void [-Wreturn-type]
 }
 ^
../Src/HighLevelComm.cpp:148:1: warning: control reaches end of non-void function [-Wreturn-type]
 }
 ^
make: *** [Src/subdir.mk:59: Src/HighLevelComm.o] Error 1
make: *** Waiting for unfinished jobs....
"make -j12 all" terminated with exit code 2. Build might be incomplete.
22:43:35 **** Incremental Build of configuration Debug for project STM32_Project_Graduation ****
make -j12 all 
arm-none-eabi-gcc -mcpu=cortex-m4 -g -c -x assembler-with-cpp --specs=nano.specs -mfpu=fpv4-sp-d16 -mfloat-abi=hard -mthumb -o "Startup/startup_stm32f407xx.o" "../Startup/startup_stm32f407xx.s"
arm-none-eabi-g++ "../Src/ADCClass.cpp" -mcpu=cortex-m4 -std=gnu++14 -g -DUSE_HAL_DRIVER -DDEBUG -DSTM32F407xx -c -I../Inc -I../Drivers/CMSIS/Include -I../Drivers/STM32F4xx_HAL_Driver/Inc -I../Drivers/CMSIS/Device/ST/STM32F4xx/Include -I../Drivers/STM32F4xx_HAL_Driver/Inc/Legacy -O0 -ffunction-sections -fdata-sections -fno-exceptions -fno-rtti -fno-threadsafe-statics -fno-use-cxa-atexit -Wall -fstack-usage -MMD -MP -MF"Src/ADCClass.d" -MT"Src/ADCClass.o" --specs=nano.specs -mfpu=fpv4-sp-d16 -mfloat-abi=hard -mthumb -o "Src/ADCClass.o"
arm-none-eabi-g++ "../Src/ClassUartTest.cpp" -mcpu=cortex-m4 -std=gnu++14 -g -DUSE_HAL_DRIVER -DDEBUG -DSTM32F407xx -c -I../Inc -I../Drivers/CMSIS/Include -I../Drivers/STM32F4xx_HAL_Driver/Inc -I../Drivers/CMSIS/Device/ST/STM32F4xx/Include -I../Drivers/STM32F4xx_HAL_Driver/Inc/Legacy -O0 -ffunction-sections -fdata-sections -fno-exceptions -fno-rtti -fno-threadsafe-statics -fno-use-cxa-atexit -Wall -fstack-usage -MMD -MP -MF"Src/ClassUartTest.d" -MT"Src/ClassUartTest.o" --specs=nano.specs -mfpu=fpv4-sp-d16 -mfloat-abi=hard -mthumb -o "Src/ClassUartTest.o"
arm-none-eabi-g++ "../Src/HighLevelComm.cpp" -mcpu=cortex-m4 -std=gnu++14 -g -DUSE_HAL_DRIVER -DDEBUG -DSTM32F407xx -c -I../Inc -I../Drivers/CMSIS/Include -I../Drivers/STM32F4xx_HAL_Driver/Inc -I../Drivers/CMSIS/Device/ST/STM32F4xx/Include -I../Drivers/STM32F4xx_HAL_Driver/Inc/Legacy -O0 -ffunction-sections -fdata-sections -fno-exceptions -fno-rtti -fno-threadsafe-statics -fno-use-cxa-atexit -Wall -fstack-usage -MMD -MP -MF"Src/HighLevelComm.d" -MT"Src/HighLevelComm.o" --specs=nano.specs -mfpu=fpv4-sp-d16 -mfloat-abi=hard -mthumb -o "Src/HighLevelComm.o"
arm-none-eabi-g++ "../Src/PIDController.cpp" -mcpu=cortex-m4 -std=gnu++14 -g -DUSE_HAL_DRIVER -DDEBUG -DSTM32F407xx -c -I../Inc -I../Drivers/CMSIS/Include -I../Drivers/STM32F4xx_HAL_Driver/Inc -I../Drivers/CMSIS/Device/ST/STM32F4xx/Include -I../Drivers/STM32F4xx_HAL_Driver/Inc/Legacy -O0 -ffunction-sections -fdata-sections -fno-exceptions -fno-rtti -fno-threadsafe-statics -fno-use-cxa-atexit -Wall -fstack-usage -MMD -MP -MF"Src/PIDController.d" -MT"Src/PIDController.o" --specs=nano.specs -mfpu=fpv4-sp-d16 -mfloat-abi=hard -mthumb -o "Src/PIDController.o"
arm-none-eabi-g++ "../Src/PWM.cpp" -mcpu=cortex-m4 -std=gnu++14 -g -DUSE_HAL_DRIVER -DDEBUG -DSTM32F407xx -c -I../Inc -I../Drivers/CMSIS/Include -I../Drivers/STM32F4xx_HAL_Driver/Inc -I../Drivers/CMSIS/Device/ST/STM32F4xx/Include -I../Drivers/STM32F4xx_HAL_Driver/Inc/Legacy -O0 -ffunction-sections -fdata-sections -fno-exceptions -fno-rtti -fno-threadsafe-statics -fno-use-cxa-atexit -Wall -fstack-usage -MMD -MP -MF"Src/PWM.d" -MT"Src/PWM.o" --specs=nano.specs -mfpu=fpv4-sp-d16 -mfloat-abi=hard -mthumb -o "Src/PWM.o"
arm-none-eabi-g++ "../Src/Queue.cpp" -mcpu=cortex-m4 -std=gnu++14 -g -DUSE_HAL_DRIVER -DDEBUG -DSTM32F407xx -c -I../Inc -I../Drivers/CMSIS/Include -I../Drivers/STM32F4xx_HAL_Driver/Inc -I../Drivers/CMSIS/Device/ST/STM32F4xx/Include -I../Drivers/STM32F4xx_HAL_Driver/Inc/Legacy -O0 -ffunction-sections -fdata-sections -fno-exceptions -fno-rtti -fno-threadsafe-statics -fno-use-cxa-atexit -Wall -fstack-usage -MMD -MP -MF"Src/Queue.d" -MT"Src/Queue.o" --specs=nano.specs -mfpu=fpv4-sp-d16 -mfloat-abi=hard -mthumb -o "Src/Queue.o"
arm-none-eabi-g++ "../Src/SpeedMeasurement.cpp" -mcpu=cortex-m4 -std=gnu++14 -g -DUSE_HAL_DRIVER -DDEBUG -DSTM32F407xx -c -I../Inc -I../Drivers/CMSIS/Include -I../Drivers/STM32F4xx_HAL_Driver/Inc -I../Drivers/CMSIS/Device/ST/STM32F4xx/Include -I../Drivers/STM32F4xx_HAL_Driver/Inc/Legacy -O0 -ffunction-sections -fdata-sections -fno-exceptions -fno-rtti -fno-threadsafe-statics -fno-use-cxa-atexit -Wall -fstack-usage -MMD -MP -MF"Src/SpeedMeasurement.d" -MT"Src/SpeedMeasurement.o" --specs=nano.specs -mfpu=fpv4-sp-d16 -mfloat-abi=hard -mthumb -o "Src/SpeedMeasurement.o"
arm-none-eabi-g++ "../Src/main.cpp" -mcpu=cortex-m4 -std=gnu++14 -g -DUSE_HAL_DRIVER -DDEBUG -DSTM32F407xx -c -I../Inc -I../Drivers/CMSIS/Include -I../Drivers/STM32F4xx_HAL_Driver/Inc -I../Drivers/CMSIS/Device/ST/STM32F4xx/Include -I../Drivers/STM32F4xx_HAL_Driver/Inc/Legacy -O0 -ffunction-sections -fdata-sections -fno-exceptions -fno-rtti -fno-threadsafe-statics -fno-use-cxa-atexit -Wall -fstack-usage -MMD -MP -MF"Src/main.d" -MT"Src/main.o" --specs=nano.specs -mfpu=fpv4-sp-d16 -mfloat-abi=hard -mthumb -o "Src/main.o"
arm-none-eabi-gcc "../Src/stm32f4xx_it.c" -mcpu=cortex-m4 -g -DUSE_HAL_DRIVER -DDEBUG -DSTM32F407xx -c -I../Inc -I../Drivers/CMSIS/Include -I../Drivers/STM32F4xx_HAL_Driver/Inc -I../Drivers/CMSIS/Device/ST/STM32F4xx/Include -I../Drivers/STM32F4xx_HAL_Driver/Inc/Legacy -O0 -ffunction-sections -fdata-sections -Wall -fstack-usage -MMD -MP -MF"Src/stm32f4xx_it.d" -MT"Src/stm32f4xx_it.o" --specs=nano.specs -mfpu=fpv4-sp-d16 -mfloat-abi=hard -mthumb -o "Src/stm32f4xx_it.o"
arm-none-eabi-gcc "../Src/syscalls.c" -mcpu=cortex-m4 -g -DUSE_HAL_DRIVER -DDEBUG -DSTM32F407xx -c -I../Inc -I../Drivers/CMSIS/Include -I../Drivers/STM32F4xx_HAL_Driver/Inc -I../Drivers/CMSIS/Device/ST/STM32F4xx/Include -I../Drivers/STM32F4xx_HAL_Driver/Inc/Legacy -O0 -ffunction-sections -fdata-sections -Wall -fstack-usage -MMD -MP -MF"Src/syscalls.d" -MT"Src/syscalls.o" --specs=nano.specs -mfpu=fpv4-sp-d16 -mfloat-abi=hard -mthumb -o "Src/syscalls.o"
arm-none-eabi-gcc "../Src/sysmem.c" -mcpu=cortex-m4 -g -DUSE_HAL_DRIVER -DDEBUG -DSTM32F407xx -c -I../Inc -I../Drivers/CMSIS/Include -I../Drivers/STM32F4xx_HAL_Driver/Inc -I../Drivers/CMSIS/Device/ST/STM32F4xx/Include -I../Drivers/STM32F4xx_HAL_Driver/Inc/Legacy -O0 -ffunction-sections -fdata-sections -Wall -fstack-usage -MMD -MP -MF"Src/sysmem.d" -MT"Src/sysmem.o" --specs=nano.specs -mfpu=fpv4-sp-d16 -mfloat-abi=hard -mthumb -o "Src/sysmem.o"
arm-none-eabi-gcc "../Src/system_stm32f4xx.c" -mcpu=cortex-m4 -g -DUSE_HAL_DRIVER -DDEBUG -DSTM32F407xx -c -I../Inc -I../Drivers/CMSIS/Include -I../Drivers/STM32F4xx_HAL_Driver/Inc -I../Drivers/CMSIS/Device/ST/STM32F4xx/Include -I../Drivers/STM32F4xx_HAL_Driver/Inc/Legacy -O0 -ffunction-sections -fdata-sections -Wall -fstack-usage -MMD -MP -MF"Src/system_stm32f4xx.d" -MT"Src/system_stm32f4xx.o" --specs=nano.specs -mfpu=fpv4-sp-d16 -mfloat-abi=hard -mthumb -o "Src/system_stm32f4xx.o"
arm-none-eabi-gcc "../Drivers/STM32F4xx_HAL_Driver/Src/stm32f4xx_hal.c" -mcpu=cortex-m4 -g -DUSE_HAL_DRIVER -DDEBUG -DSTM32F407xx -c -I../Inc -I../Drivers/CMSIS/Include -I../Drivers/STM32F4xx_HAL_Driver/Inc -I../Drivers/CMSIS/Device/ST/STM32F4xx/Include -I../Drivers/STM32F4xx_HAL_Driver/Inc/Legacy -O0 -ffunction-sections -fdata-sections -Wall -fstack-usage -MMD -MP -MF"Drivers/STM32F4xx_HAL_Driver/Src/stm32f4xx_hal.d" -MT"Drivers/STM32F4xx_HAL_Driver/Src/stm32f4xx_hal.o" --specs=nano.specs -mfpu=fpv4-sp-d16 -mfloat-abi=hard -mthumb -o "Drivers/STM32F4xx_HAL_Driver/Src/stm32f4xx_hal.o"
../Src/SpeedMeasurement.cpp: In constructor 'SpeedMeasurement::SpeedMeasurement()':
../Src/SpeedMeasurement.cpp:15:26: warning: unused variable 'sMasterConfig' [-Wunused-variable]
  TIM_MasterConfigTypeDef sMasterConfig = {0};
                          ^~~~~~~~~~~~~
arm-none-eabi-gcc "../Drivers/STM32F4xx_HAL_Driver/Src/stm32f4xx_hal_adc.c" -mcpu=cortex-m4 -g -DUSE_HAL_DRIVER -DDEBUG -DSTM32F407xx -c -I../Inc -I../Drivers/CMSIS/Include -I../Drivers/STM32F4xx_HAL_Driver/Inc -I../Drivers/CMSIS/Device/ST/STM32F4xx/Include -I../Drivers/STM32F4xx_HAL_Driver/Inc/Legacy -O0 -ffunction-sections -fdata-sections -Wall -fstack-usage -MMD -MP -MF"Drivers/STM32F4xx_HAL_Driver/Src/stm32f4xx_hal_adc.d" -MT"Drivers/STM32F4xx_HAL_Driver/Src/stm32f4xx_hal_adc.o" --specs=nano.specs -mfpu=fpv4-sp-d16 -mfloat-abi=hard -mthumb -o "Drivers/STM32F4xx_HAL_Driver/Src/stm32f4xx_hal_adc.o"
arm-none-eabi-gcc "../Drivers/STM32F4xx_HAL_Driver/Src/stm32f4xx_hal_adc_ex.c" -mcpu=cortex-m4 -g -DUSE_HAL_DRIVER -DDEBUG -DSTM32F407xx -c -I../Inc -I../Drivers/CMSIS/Include -I../Drivers/STM32F4xx_HAL_Driver/Inc -I../Drivers/CMSIS/Device/ST/STM32F4xx/Include -I../Drivers/STM32F4xx_HAL_Driver/Inc/Legacy -O0 -ffunction-sections -fdata-sections -Wall -fstack-usage -MMD -MP -MF"Drivers/STM32F4xx_HAL_Driver/Src/stm32f4xx_hal_adc_ex.d" -MT"Drivers/STM32F4xx_HAL_Driver/Src/stm32f4xx_hal_adc_ex.o" --specs=nano.specs -mfpu=fpv4-sp-d16 -mfloat-abi=hard -mthumb -o "Drivers/STM32F4xx_HAL_Driver/Src/stm32f4xx_hal_adc_ex.o"
arm-none-eabi-gcc "../Drivers/STM32F4xx_HAL_Driver/Src/stm32f4xx_hal_cortex.c" -mcpu=cortex-m4 -g -DUSE_HAL_DRIVER -DDEBUG -DSTM32F407xx -c -I../Inc -I../Drivers/CMSIS/Include -I../Drivers/STM32F4xx_HAL_Driver/Inc -I../Drivers/CMSIS/Device/ST/STM32F4xx/Include -I../Drivers/STM32F4xx_HAL_Driver/Inc/Legacy -O0 -ffunction-sections -fdata-sections -Wall -fstack-usage -MMD -MP -MF"Drivers/STM32F4xx_HAL_Driver/Src/stm32f4xx_hal_cortex.d" -MT"Drivers/STM32F4xx_HAL_Driver/Src/stm32f4xx_hal_cortex.o" --specs=nano.specs -mfpu=fpv4-sp-d16 -mfloat-abi=hard -mthumb -o "Drivers/STM32F4xx_HAL_Driver/Src/stm32f4xx_hal_cortex.o"
arm-none-eabi-gcc "../Drivers/STM32F4xx_HAL_Driver/Src/stm32f4xx_hal_dma.c" -mcpu=cortex-m4 -g -DUSE_HAL_DRIVER -DDEBUG -DSTM32F407xx -c -I../Inc -I../Drivers/CMSIS/Include -I../Drivers/STM32F4xx_HAL_Driver/Inc -I../Drivers/CMSIS/Device/ST/STM32F4xx/Include -I../Drivers/STM32F4xx_HAL_Driver/Inc/Legacy -O0 -ffunction-sections -fdata-sections -Wall -fstack-usage -MMD -MP -MF"Drivers/STM32F4xx_HAL_Driver/Src/stm32f4xx_hal_dma.d" -MT"Drivers/STM32F4xx_HAL_Driver/Src/stm32f4xx_hal_dma.o" --specs=nano.specs -mfpu=fpv4-sp-d16 -mfloat-abi=hard -mthumb -o "Drivers/STM32F4xx_HAL_Driver/Src/stm32f4xx_hal_dma.o"
arm-none-eabi-gcc "../Drivers/STM32F4xx_HAL_Driver/Src/stm32f4xx_hal_dma_ex.c" -mcpu=cortex-m4 -g -DUSE_HAL_DRIVER -DDEBUG -DSTM32F407xx -c -I../Inc -I../Drivers/CMSIS/Include -I../Drivers/STM32F4xx_HAL_Driver/Inc -I../Drivers/CMSIS/Device/ST/STM32F4xx/Include -I../Drivers/STM32F4xx_HAL_Driver/Inc/Legacy -O0 -ffunction-sections -fdata-sections -Wall -fstack-usage -MMD -MP -MF"Drivers/STM32F4xx_HAL_Driver/Src/stm32f4xx_hal_dma_ex.d" -MT"Drivers/STM32F4xx_HAL_Driver/Src/stm32f4xx_hal_dma_ex.o" --specs=nano.specs -mfpu=fpv4-sp-d16 -mfloat-abi=hard -mthumb -o "Drivers/STM32F4xx_HAL_Driver/Src/stm32f4xx_hal_dma_ex.o"
arm-none-eabi-gcc "../Drivers/STM32F4xx_HAL_Driver/Src/stm32f4xx_hal_exti.c" -mcpu=cortex-m4 -g -DUSE_HAL_DRIVER -DDEBUG -DSTM32F407xx -c -I../Inc -I../Drivers/CMSIS/Include -I../Drivers/STM32F4xx_HAL_Driver/Inc -I../Drivers/CMSIS/Device/ST/STM32F4xx/Include -I../Drivers/STM32F4xx_HAL_Driver/Inc/Legacy -O0 -ffunction-sections -fdata-sections -Wall -fstack-usage -MMD -MP -MF"Drivers/STM32F4xx_HAL_Driver/Src/stm32f4xx_hal_exti.d" -MT"Drivers/STM32F4xx_HAL_Driver/Src/stm32f4xx_hal_exti.o" --specs=nano.specs -mfpu=fpv4-sp-d16 -mfloat-abi=hard -mthumb -o "Drivers/STM32F4xx_HAL_Driver/Src/stm32f4xx_hal_exti.o"
arm-none-eabi-gcc "../Drivers/STM32F4xx_HAL_Driver/Src/stm32f4xx_hal_flash.c" -mcpu=cortex-m4 -g -DUSE_HAL_DRIVER -DDEBUG -DSTM32F407xx -c -I../Inc -I../Drivers/CMSIS/Include -I../Drivers/STM32F4xx_HAL_Driver/Inc -I../Drivers/CMSIS/Device/ST/STM32F4xx/Include -I../Drivers/STM32F4xx_HAL_Driver/Inc/Legacy -O0 -ffunction-sections -fdata-sections -Wall -fstack-usage -MMD -MP -MF"Drivers/STM32F4xx_HAL_Driver/Src/stm32f4xx_hal_flash.d" -MT"Drivers/STM32F4xx_HAL_Driver/Src/stm32f4xx_hal_flash.o" --specs=nano.specs -mfpu=fpv4-sp-d16 -mfloat-abi=hard -mthumb -o "Drivers/STM32F4xx_HAL_Driver/Src/stm32f4xx_hal_flash.o"
arm-none-eabi-gcc "../Drivers/STM32F4xx_HAL_Driver/Src/stm32f4xx_hal_flash_ex.c" -mcpu=cortex-m4 -g -DUSE_HAL_DRIVER -DDEBUG -DSTM32F407xx -c -I../Inc -I../Drivers/CMSIS/Include -I../Drivers/STM32F4xx_HAL_Driver/Inc -I../Drivers/CMSIS/Device/ST/STM32F4xx/Include -I../Drivers/STM32F4xx_HAL_Driver/Inc/Legacy -O0 -ffunction-sections -fdata-sections -Wall -fstack-usage -MMD -MP -MF"Drivers/STM32F4xx_HAL_Driver/Src/stm32f4xx_hal_flash_ex.d" -MT"Drivers/STM32F4xx_HAL_Driver/Src/stm32f4xx_hal_flash_ex.o" --specs=nano.specs -mfpu=fpv4-sp-d16 -mfloat-abi=hard -mthumb -o "Drivers/STM32F4xx_HAL_Driver/Src/stm32f4xx_hal_flash_ex.o"
arm-none-eabi-gcc "../Drivers/STM32F4xx_HAL_Driver/Src/stm32f4xx_hal_flash_ramfunc.c" -mcpu=cortex-m4 -g -DUSE_HAL_DRIVER -DDEBUG -DSTM32F407xx -c -I../Inc -I../Drivers/CMSIS/Include -I../Drivers/STM32F4xx_HAL_Driver/Inc -I../Drivers/CMSIS/Device/ST/STM32F4xx/Include -I../Drivers/STM32F4xx_HAL_Driver/Inc/Legacy -O0 -ffunction-sections -fdata-sections -Wall -fstack-usage -MMD -MP -MF"Drivers/STM32F4xx_HAL_Driver/Src/stm32f4xx_hal_flash_ramfunc.d" -MT"Drivers/STM32F4xx_HAL_Driver/Src/stm32f4xx_hal_flash_ramfunc.o" --specs=nano.specs -mfpu=fpv4-sp-d16 -mfloat-abi=hard -mthumb -o "Drivers/STM32F4xx_HAL_Driver/Src/stm32f4xx_hal_flash_ramfunc.o"
arm-none-eabi-gcc "../Drivers/STM32F4xx_HAL_Driver/Src/stm32f4xx_hal_gpio.c" -mcpu=cortex-m4 -g -DUSE_HAL_DRIVER -DDEBUG -DSTM32F407xx -c -I../Inc -I../Drivers/CMSIS/Include -I../Drivers/STM32F4xx_HAL_Driver/Inc -I../Drivers/CMSIS/Device/ST/STM32F4xx/Include -I../Drivers/STM32F4xx_HAL_Driver/Inc/Legacy -O0 -ffunction-sections -fdata-sections -Wall -fstack-usage -MMD -MP -MF"Drivers/STM32F4xx_HAL_Driver/Src/stm32f4xx_hal_gpio.d" -MT"Drivers/STM32F4xx_HAL_Driver/Src/stm32f4xx_hal_gpio.o" --specs=nano.specs -mfpu=fpv4-sp-d16 -mfloat-abi=hard -mthumb -o "Drivers/STM32F4xx_HAL_Driver/Src/stm32f4xx_hal_gpio.o"
arm-none-eabi-gcc "../Drivers/STM32F4xx_HAL_Driver/Src/stm32f4xx_hal_pwr.c" -mcpu=cortex-m4 -g -DUSE_HAL_DRIVER -DDEBUG -DSTM32F407xx -c -I../Inc -I../Drivers/CMSIS/Include -I../Drivers/STM32F4xx_HAL_Driver/Inc -I../Drivers/CMSIS/Device/ST/STM32F4xx/Include -I../Drivers/STM32F4xx_HAL_Driver/Inc/Legacy -O0 -ffunction-sections -fdata-sections -Wall -fstack-usage -MMD -MP -MF"Drivers/STM32F4xx_HAL_Driver/Src/stm32f4xx_hal_pwr.d" -MT"Drivers/STM32F4xx_HAL_Driver/Src/stm32f4xx_hal_pwr.o" --specs=nano.specs -mfpu=fpv4-sp-d16 -mfloat-abi=hard -mthumb -o "Drivers/STM32F4xx_HAL_Driver/Src/stm32f4xx_hal_pwr.o"
arm-none-eabi-gcc "../Drivers/STM32F4xx_HAL_Driver/Src/stm32f4xx_hal_pwr_ex.c" -mcpu=cortex-m4 -g -DUSE_HAL_DRIVER -DDEBUG -DSTM32F407xx -c -I../Inc -I../Drivers/CMSIS/Include -I../Drivers/STM32F4xx_HAL_Driver/Inc -I../Drivers/CMSIS/Device/ST/STM32F4xx/Include -I../Drivers/STM32F4xx_HAL_Driver/Inc/Legacy -O0 -ffunction-sections -fdata-sections -Wall -fstack-usage -MMD -MP -MF"Drivers/STM32F4xx_HAL_Driver/Src/stm32f4xx_hal_pwr_ex.d" -MT"Drivers/STM32F4xx_HAL_Driver/Src/stm32f4xx_hal_pwr_ex.o" --specs=nano.specs -mfpu=fpv4-sp-d16 -mfloat-abi=hard -mthumb -o "Drivers/STM32F4xx_HAL_Driver/Src/stm32f4xx_hal_pwr_ex.o"
arm-none-eabi-gcc "../Drivers/STM32F4xx_HAL_Driver/Src/stm32f4xx_hal_rcc.c" -mcpu=cortex-m4 -g -DUSE_HAL_DRIVER -DDEBUG -DSTM32F407xx -c -I../Inc -I../Drivers/CMSIS/Include -I../Drivers/STM32F4xx_HAL_Driver/Inc -I../Drivers/CMSIS/Device/ST/STM32F4xx/Include -I../Drivers/STM32F4xx_HAL_Driver/Inc/Legacy -O0 -ffunction-sections -fdata-sections -Wall -fstack-usage -MMD -MP -MF"Drivers/STM32F4xx_HAL_Driver/Src/stm32f4xx_hal_rcc.d" -MT"Drivers/STM32F4xx_HAL_Driver/Src/stm32f4xx_hal_rcc.o" --specs=nano.specs -mfpu=fpv4-sp-d16 -mfloat-abi=hard -mthumb -o "Drivers/STM32F4xx_HAL_Driver/Src/stm32f4xx_hal_rcc.o"
arm-none-eabi-gcc "../Drivers/STM32F4xx_HAL_Driver/Src/stm32f4xx_hal_rcc_ex.c" -mcpu=cortex-m4 -g -DUSE_HAL_DRIVER -DDEBUG -DSTM32F407xx -c -I../Inc -I../Drivers/CMSIS/Include -I../Drivers/STM32F4xx_HAL_Driver/Inc -I../Drivers/CMSIS/Device/ST/STM32F4xx/Include -I../Drivers/STM32F4xx_HAL_Driver/Inc/Legacy -O0 -ffunction-sections -fdata-sections -Wall -fstack-usage -MMD -MP -MF"Drivers/STM32F4xx_HAL_Driver/Src/stm32f4xx_hal_rcc_ex.d" -MT"Drivers/STM32F4xx_HAL_Driver/Src/stm32f4xx_hal_rcc_ex.o" --specs=nano.specs -mfpu=fpv4-sp-d16 -mfloat-abi=hard -mthumb -o "Drivers/STM32F4xx_HAL_Driver/Src/stm32f4xx_hal_rcc_ex.o"
arm-none-eabi-gcc "../Drivers/STM32F4xx_HAL_Driver/Src/stm32f4xx_hal_tim.c" -mcpu=cortex-m4 -g -DUSE_HAL_DRIVER -DDEBUG -DSTM32F407xx -c -I../Inc -I../Drivers/CMSIS/Include -I../Drivers/STM32F4xx_HAL_Driver/Inc -I../Drivers/CMSIS/Device/ST/STM32F4xx/Include -I../Drivers/STM32F4xx_HAL_Driver/Inc/Legacy -O0 -ffunction-sections -fdata-sections -Wall -fstack-usage -MMD -MP -MF"Drivers/STM32F4xx_HAL_Driver/Src/stm32f4xx_hal_tim.d" -MT"Drivers/STM32F4xx_HAL_Driver/Src/stm32f4xx_hal_tim.o" --specs=nano.specs -mfpu=fpv4-sp-d16 -mfloat-abi=hard -mthumb -o "Drivers/STM32F4xx_HAL_Driver/Src/stm32f4xx_hal_tim.o"
arm-none-eabi-gcc "../Drivers/STM32F4xx_HAL_Driver/Src/stm32f4xx_hal_tim_ex.c" -mcpu=cortex-m4 -g -DUSE_HAL_DRIVER -DDEBUG -DSTM32F407xx -c -I../Inc -I../Drivers/CMSIS/Include -I../Drivers/STM32F4xx_HAL_Driver/Inc -I../Drivers/CMSIS/Device/ST/STM32F4xx/Include -I../Drivers/STM32F4xx_HAL_Driver/Inc/Legacy -O0 -ffunction-sections -fdata-sections -Wall -fstack-usage -MMD -MP -MF"Drivers/STM32F4xx_HAL_Driver/Src/stm32f4xx_hal_tim_ex.d" -MT"Drivers/STM32F4xx_HAL_Driver/Src/stm32f4xx_hal_tim_ex.o" --specs=nano.specs -mfpu=fpv4-sp-d16 -mfloat-abi=hard -mthumb -o "Drivers/STM32F4xx_HAL_Driver/Src/stm32f4xx_hal_tim_ex.o"
arm-none-eabi-gcc "../Drivers/STM32F4xx_HAL_Driver/Src/stm32f4xx_hal_uart.c" -mcpu=cortex-m4 -g -DUSE_HAL_DRIVER -DDEBUG -DSTM32F407xx -c -I../Inc -I../Drivers/CMSIS/Include -I../Drivers/STM32F4xx_HAL_Driver/Inc -I../Drivers/CMSIS/Device/ST/STM32F4xx/Include -I../Drivers/STM32F4xx_HAL_Driver/Inc/Legacy -O0 -ffunction-sections -fdata-sections -Wall -fstack-usage -MMD -MP -MF"Drivers/STM32F4xx_HAL_Driver/Src/stm32f4xx_hal_uart.d" -MT"Drivers/STM32F4xx_HAL_Driver/Src/stm32f4xx_hal_uart.o" --specs=nano.specs -mfpu=fpv4-sp-d16 -mfloat-abi=hard -mthumb -o "Drivers/STM32F4xx_HAL_Driver/Src/stm32f4xx_hal_uart.o"
arm-none-eabi-gcc "../Drivers/STM32F4xx_HAL_Driver/Src/stm32f4xx_hal_usart.c" -mcpu=cortex-m4 -g -DUSE_HAL_DRIVER -DDEBUG -DSTM32F407xx -c -I../Inc -I../Drivers/CMSIS/Include -I../Drivers/STM32F4xx_HAL_Driver/Inc -I../Drivers/CMSIS/Device/ST/STM32F4xx/Include -I../Drivers/STM32F4xx_HAL_Driver/Inc/Legacy -O0 -ffunction-sections -fdata-sections -Wall -fstack-usage -MMD -MP -MF"Drivers/STM32F4xx_HAL_Driver/Src/stm32f4xx_hal_usart.d" -MT"Drivers/STM32F4xx_HAL_Driver/Src/stm32f4xx_hal_usart.o" --specs=nano.specs -mfpu=fpv4-sp-d16 -mfloat-abi=hard -mthumb -o "Drivers/STM32F4xx_HAL_Driver/Src/stm32f4xx_hal_usart.o"
../Src/HighLevelComm.cpp: In member function 'bool HighLevelComm::Stop()':
../Src/HighLevelComm.cpp:105:25: error: qualified-id in declaration before '(' token
 bool HighLevelComm::Turn(int x) //'x' means the angle of the steering system from -45 degrees to 45 degrees
                         ^
../Src/HighLevelComm.cpp:121:32: error: qualified-id in declaration before '(' token
 bool HighLevelComm::showBattery()
                                ^
../Src/HighLevelComm.cpp:134:33: error: qualified-id in declaration before '(' token
 bool HighLevelComm::showDistance()
                                 ^
../Src/HighLevelComm.cpp:148:1: error: expected '}' at end of input
 }
 ^
../Src/main.cpp: In function 'bool getMotorSpeed(SpeedMeasurement&)':
../Src/main.cpp:170:1: warning: no return statement in function returning non-void [-Wreturn-type]
 }
 ^
../Src/HighLevelComm.cpp:148:1: warning: control reaches end of non-void function [-Wreturn-type]
 }
 ^
make: *** [Src/subdir.mk:59: Src/HighLevelComm.o] Error 1
make: *** Waiting for unfinished jobs....
"make -j12 all" terminated with exit code 2. Build might be incomplete.
22:44:56 **** Incremental Build of configuration Debug for project STM32_Project_Graduation ****
make -j12 all 
arm-none-eabi-g++ "../Src/main.cpp" -mcpu=cortex-m4 -std=gnu++14 -g -DUSE_HAL_DRIVER -DDEBUG -DSTM32F407xx -c -I../Inc -I../Drivers/CMSIS/Include -I../Drivers/STM32F4xx_HAL_Driver/Inc -I../Drivers/CMSIS/Device/ST/STM32F4xx/Include -I../Drivers/STM32F4xx_HAL_Driver/Inc/Legacy -O0 -ffunction-sections -fdata-sections -fno-exceptions -fno-rtti -fno-threadsafe-statics -fno-use-cxa-atexit -Wall -fstack-usage -MMD -MP -MF"Src/main.d" -MT"Src/main.o" --specs=nano.specs -mfpu=fpv4-sp-d16 -mfloat-abi=hard -mthumb -o "Src/main.o"
arm-none-eabi-g++ "../Src/HighLevelComm.cpp" -mcpu=cortex-m4 -std=gnu++14 -g -DUSE_HAL_DRIVER -DDEBUG -DSTM32F407xx -c -I../Inc -I../Drivers/CMSIS/Include -I../Drivers/STM32F4xx_HAL_Driver/Inc -I../Drivers/CMSIS/Device/ST/STM32F4xx/Include -I../Drivers/STM32F4xx_HAL_Driver/Inc/Legacy -O0 -ffunction-sections -fdata-sections -fno-exceptions -fno-rtti -fno-threadsafe-statics -fno-use-cxa-atexit -Wall -fstack-usage -MMD -MP -MF"Src/HighLevelComm.d" -MT"Src/HighLevelComm.o" --specs=nano.specs -mfpu=fpv4-sp-d16 -mfloat-abi=hard -mthumb -o "Src/HighLevelComm.o"
../Src/main.cpp: In function 'bool getMotorSpeed(SpeedMeasurement&)':
../Src/main.cpp:170:1: warning: no return statement in function returning non-void [-Wreturn-type]
 }
 ^
../Src/HighLevelComm.cpp: In member function 'bool HighLevelComm::Stop()':
../Src/HighLevelComm.cpp:105:25: error: qualified-id in declaration before '(' token
 bool HighLevelComm::Turn(int x) //'x' means the angle of the steering system from -45 degrees to 45 degrees
                         ^
../Src/HighLevelComm.cpp:121:32: error: qualified-id in declaration before '(' token
 bool HighLevelComm::showBattery()
                                ^
../Src/HighLevelComm.cpp:134:33: error: qualified-id in declaration before '(' token
 bool HighLevelComm::showDistance()
                                 ^
../Src/HighLevelComm.cpp:148:1: error: expected '}' at end of input
 }
 ^
../Src/HighLevelComm.cpp:148:1: warning: control reaches end of non-void function [-Wreturn-type]
 }
 ^
make: *** [Src/subdir.mk:59: Src/HighLevelComm.o] Error 1
make: *** Waiting for unfinished jobs....
"make -j12 all" terminated with exit code 2. Build might be incomplete.
22:46:53 **** Incremental Build of configuration Debug for project STM32_Project_Graduation ****
make -j12 all 
arm-none-eabi-g++ "../Src/HighLevelComm.cpp" -mcpu=cortex-m4 -std=gnu++14 -g -DUSE_HAL_DRIVER -DDEBUG -DSTM32F407xx -c -I../Inc -I../Drivers/CMSIS/Include -I../Drivers/STM32F4xx_HAL_Driver/Inc -I../Drivers/CMSIS/Device/ST/STM32F4xx/Include -I../Drivers/STM32F4xx_HAL_Driver/Inc/Legacy -O0 -ffunction-sections -fdata-sections -fno-exceptions -fno-rtti -fno-threadsafe-statics -fno-use-cxa-atexit -Wall -fstack-usage -MMD -MP -MF"Src/HighLevelComm.d" -MT"Src/HighLevelComm.o" --specs=nano.specs -mfpu=fpv4-sp-d16 -mfloat-abi=hard -mthumb -o "Src/HighLevelComm.o"
arm-none-eabi-g++ "../Src/main.cpp" -mcpu=cortex-m4 -std=gnu++14 -g -DUSE_HAL_DRIVER -DDEBUG -DSTM32F407xx -c -I../Inc -I../Drivers/CMSIS/Include -I../Drivers/STM32F4xx_HAL_Driver/Inc -I../Drivers/CMSIS/Device/ST/STM32F4xx/Include -I../Drivers/STM32F4xx_HAL_Driver/Inc/Legacy -O0 -ffunction-sections -fdata-sections -fno-exceptions -fno-rtti -fno-threadsafe-statics -fno-use-cxa-atexit -Wall -fstack-usage -MMD -MP -MF"Src/main.d" -MT"Src/main.o" --specs=nano.specs -mfpu=fpv4-sp-d16 -mfloat-abi=hard -mthumb -o "Src/main.o"
../Src/HighLevelComm.cpp: In member function 'bool HighLevelComm::Stop()':
../Src/HighLevelComm.cpp:105:25: error: qualified-id in declaration before '(' token
 bool HighLevelComm::Turn(int x) //'x' means the angle of the steering system from -45 degrees to 45 degrees
                         ^
../Src/HighLevelComm.cpp:122:32: error: qualified-id in declaration before '(' token
 bool HighLevelComm::showBattery()
                                ^
../Src/HighLevelComm.cpp:135:33: error: qualified-id in declaration before '(' token
 bool HighLevelComm::showDistance()
                                 ^
../Src/HighLevelComm.cpp:149:1: error: expected '}' at end of input
 }
 ^
../Src/main.cpp: In function 'bool getMotorSpeed(SpeedMeasurement&)':
../Src/main.cpp:170:1: warning: no return statement in function returning non-void [-Wreturn-type]
 }
 ^
../Src/HighLevelComm.cpp:149:1: warning: control reaches end of non-void function [-Wreturn-type]
 }
 ^
make: *** [Src/subdir.mk:59: Src/HighLevelComm.o] Error 1
make: *** Waiting for unfinished jobs....
"make -j12 all" terminated with exit code 2. Build might be incomplete.
22:48:59 **** Incremental Build of configuration Debug for project STM32_Project_Graduation ****
make -j12 all 
arm-none-eabi-g++ "../Src/HighLevelComm.cpp" -mcpu=cortex-m4 -std=gnu++14 -g -DUSE_HAL_DRIVER -DDEBUG -DSTM32F407xx -c -I../Inc -I../Drivers/CMSIS/Include -I../Drivers/STM32F4xx_HAL_Driver/Inc -I../Drivers/CMSIS/Device/ST/STM32F4xx/Include -I../Drivers/STM32F4xx_HAL_Driver/Inc/Legacy -O0 -ffunction-sections -fdata-sections -fno-exceptions -fno-rtti -fno-threadsafe-statics -fno-use-cxa-atexit -Wall -fstack-usage -MMD -MP -MF"Src/HighLevelComm.d" -MT"Src/HighLevelComm.o" --specs=nano.specs -mfpu=fpv4-sp-d16 -mfloat-abi=hard -mthumb -o "Src/HighLevelComm.o"
../Src/HighLevelComm.cpp: In member function 'bool HighLevelComm::Stop()':
../Src/HighLevelComm.cpp:104:25: error: qualified-id in declaration before '(' token
 bool HighLevelComm::Turn(int x) //'x' means the angle of the steering system from -45 degrees to 45 degrees
                         ^
../Src/HighLevelComm.cpp:121:32: error: qualified-id in declaration before '(' token
 bool HighLevelComm::showBattery()
                                ^
../Src/HighLevelComm.cpp:134:33: error: qualified-id in declaration before '(' token
 bool HighLevelComm::showDistance()
                                 ^
../Src/HighLevelComm.cpp:148:1: error: expected '}' at end of input
 }
 ^
../Src/HighLevelComm.cpp:148:1: warning: control reaches end of non-void function [-Wreturn-type]
 }
 ^
make: *** [Src/subdir.mk:59: Src/HighLevelComm.o] Error 1
"make -j12 all" terminated with exit code 2. Build might be incomplete.
22:50:22 **** Incremental Build of configuration Debug for project STM32_Project_Graduation ****
make -j12 all 
arm-none-eabi-g++ "../Src/HighLevelComm.cpp" -mcpu=cortex-m4 -std=gnu++14 -g -DUSE_HAL_DRIVER -DDEBUG -DSTM32F407xx -c -I../Inc -I../Drivers/CMSIS/Include -I../Drivers/STM32F4xx_HAL_Driver/Inc -I../Drivers/CMSIS/Device/ST/STM32F4xx/Include -I../Drivers/STM32F4xx_HAL_Driver/Inc/Legacy -O0 -ffunction-sections -fdata-sections -fno-exceptions -fno-rtti -fno-threadsafe-statics -fno-use-cxa-atexit -Wall -fstack-usage -MMD -MP -MF"Src/HighLevelComm.d" -MT"Src/HighLevelComm.o" --specs=nano.specs -mfpu=fpv4-sp-d16 -mfloat-abi=hard -mthumb -o "Src/HighLevelComm.o"
../Src/HighLevelComm.cpp: In member function 'bool HighLevelComm::Stop()':
../Src/HighLevelComm.cpp:104:25: error: qualified-id in declaration before '(' token
 bool HighLevelComm::Turn(int x) //'x' means the angle of the steering system from -45 degrees to 45 degrees
                         ^
../Src/HighLevelComm.cpp:121:32: error: qualified-id in declaration before '(' token
 bool HighLevelComm::showBattery()
                                ^
../Src/HighLevelComm.cpp:134:33: error: qualified-id in declaration before '(' token
 bool HighLevelComm::showDistance()
                                 ^
../Src/HighLevelComm.cpp:147:1: error: expected '}' at end of input
 }
 ^
../Src/HighLevelComm.cpp:147:1: warning: control reaches end of non-void function [-Wreturn-type]
 }
 ^
make: *** [Src/subdir.mk:59: Src/HighLevelComm.o] Error 1
"make -j12 all" terminated with exit code 2. Build might be incomplete.
22:50:55 **** Incremental Build of configuration Debug for project STM32_Project_Graduation ****
make -j12 all 
arm-none-eabi-g++ "../Src/HighLevelComm.cpp" -mcpu=cortex-m4 -std=gnu++14 -g -DUSE_HAL_DRIVER -DDEBUG -DSTM32F407xx -c -I../Inc -I../Drivers/CMSIS/Include -I../Drivers/STM32F4xx_HAL_Driver/Inc -I../Drivers/CMSIS/Device/ST/STM32F4xx/Include -I../Drivers/STM32F4xx_HAL_Driver/Inc/Legacy -O0 -ffunction-sections -fdata-sections -fno-exceptions -fno-rtti -fno-threadsafe-statics -fno-use-cxa-atexit -Wall -fstack-usage -MMD -MP -MF"Src/HighLevelComm.d" -MT"Src/HighLevelComm.o" --specs=nano.specs -mfpu=fpv4-sp-d16 -mfloat-abi=hard -mthumb -o "Src/HighLevelComm.o"
../Src/HighLevelComm.cpp: In member function 'bool HighLevelComm::Stop()':
../Src/HighLevelComm.cpp:104:25: error: qualified-id in declaration before '(' token
 bool HighLevelComm::Turn(int x) //'x' means the angle of the steering system from -45 degrees to 45 degrees
                         ^
../Src/HighLevelComm.cpp:121:32: error: qualified-id in declaration before '(' token
 bool HighLevelComm::showBattery()
                                ^
../Src/HighLevelComm.cpp:134:33: error: qualified-id in declaration before '(' token
 bool HighLevelComm::showDistance()
                                 ^
../Src/HighLevelComm.cpp:147:1: error: expected '}' at end of input
 }
 ^
../Src/HighLevelComm.cpp:147:1: warning: control reaches end of non-void function [-Wreturn-type]
 }
 ^
make: *** [Src/subdir.mk:59: Src/HighLevelComm.o] Error 1
"make -j12 all" terminated with exit code 2. Build might be incomplete.
22:52:23 **** Incremental Build of configuration Debug for project STM32_Project_Graduation ****
make -j12 all 
arm-none-eabi-g++ "../Src/HighLevelComm.cpp" -mcpu=cortex-m4 -std=gnu++14 -g -DUSE_HAL_DRIVER -DDEBUG -DSTM32F407xx -c -I../Inc -I../Drivers/CMSIS/Include -I../Drivers/STM32F4xx_HAL_Driver/Inc -I../Drivers/CMSIS/Device/ST/STM32F4xx/Include -I../Drivers/STM32F4xx_HAL_Driver/Inc/Legacy -O0 -ffunction-sections -fdata-sections -fno-exceptions -fno-rtti -fno-threadsafe-statics -fno-use-cxa-atexit -Wall -fstack-usage -MMD -MP -MF"Src/HighLevelComm.d" -MT"Src/HighLevelComm.o" --specs=nano.specs -mfpu=fpv4-sp-d16 -mfloat-abi=hard -mthumb -o "Src/HighLevelComm.o"
arm-none-eabi-g++ -o "STM32_Project_Graduation.elf" @"objects.list"   -mcpu=cortex-m4 -T"C:\Users\59488\Documents\GitHub\MaokunWang\STM32_Project_Graduation\STM32F407VGTX_FLASH.ld" --specs=nosys.specs -Wl,-Map="STM32_Project_Graduation.map" -Wl,--gc-sections -static --specs=nano.specs -mfpu=fpv4-sp-d16 -mfloat-abi=hard -mthumb -Wl,--start-group -lc -lm -lstdc++ -lsupc++ -Wl,--end-group
Finished building target: STM32_Project_Graduation.elf
 
arm-none-eabi-size   STM32_Project_Graduation.elf 
arm-none-eabi-objdump -h -S  STM32_Project_Graduation.elf  > "STM32_Project_Graduation.list"
arm-none-eabi-objcopy  -O binary  STM32_Project_Graduation.elf  "STM32_Project_Graduation.bin"
   text	   data	    bss	    dec	    hex	filename
 174244	    756	   6904	 181904	  2c690	STM32_Project_Graduation.elf
Finished building: default.size.stdout
 
Finished building: STM32_Project_Graduation.bin
 
Finished building: STM32_Project_Graduation.list
 
22:54:15 **** Incremental Build of configuration Debug for project STM32_Project_Graduation ****
make -j12 all 
arm-none-eabi-g++ "../Src/HighLevelComm.cpp" -mcpu=cortex-m4 -std=gnu++14 -g -DUSE_HAL_DRIVER -DDEBUG -DSTM32F407xx -c -I../Inc -I../Drivers/CMSIS/Include -I../Drivers/STM32F4xx_HAL_Driver/Inc -I../Drivers/CMSIS/Device/ST/STM32F4xx/Include -I../Drivers/STM32F4xx_HAL_Driver/Inc/Legacy -O0 -ffunction-sections -fdata-sections -fno-exceptions -fno-rtti -fno-threadsafe-statics -fno-use-cxa-atexit -Wall -fstack-usage -MMD -MP -MF"Src/HighLevelComm.d" -MT"Src/HighLevelComm.o" --specs=nano.specs -mfpu=fpv4-sp-d16 -mfloat-abi=hard -mthumb -o "Src/HighLevelComm.o"
arm-none-eabi-g++ "../Src/main.cpp" -mcpu=cortex-m4 -std=gnu++14 -g -DUSE_HAL_DRIVER -DDEBUG -DSTM32F407xx -c -I../Inc -I../Drivers/CMSIS/Include -I../Drivers/STM32F4xx_HAL_Driver/Inc -I../Drivers/CMSIS/Device/ST/STM32F4xx/Include -I../Drivers/STM32F4xx_HAL_Driver/Inc/Legacy -O0 -ffunction-sections -fdata-sections -fno-exceptions -fno-rtti -fno-threadsafe-statics -fno-use-cxa-atexit -Wall -fstack-usage -MMD -MP -MF"Src/main.d" -MT"Src/main.o" --specs=nano.specs -mfpu=fpv4-sp-d16 -mfloat-abi=hard -mthumb -o "Src/main.o"
../Src/HighLevelComm.cpp: In constructor 'HighLevelComm::HighLevelComm(UART_HandleTypeDef&, TIM_HandleTypeDef&)':
../Src/HighLevelComm.cpp:23:9: error: no matching function for call to 'PWM::PWM(TIM_HandleTypeDef&)'
  pwm(pwm)
         ^
In file included from ../Inc/HighLevelComm.h:14:0,
                 from ../Src/HighLevelComm.cpp:8:
../Inc/PWM.h:20:2: note: candidate: PWM::PWM(TIM_TypeDef*, TIM_Base_InitTypeDef, TIM_OC_InitTypeDef, uint32_t)
  PWM(TIM_TypeDef* timer, TIM_Base_InitTypeDef timerInit, TIM_OC_InitTypeDef ocInit, uint32_t Channel);
  ^~~
../Inc/PWM.h:20:2: note:   candidate expects 4 arguments, 1 provided
../Inc/PWM.h:18:7: note: candidate: constexpr PWM::PWM(const PWM&)
 class PWM {
       ^~~
../Inc/PWM.h:18:7: note:   no known conversion for argument 1 from 'TIM_HandleTypeDef' to 'const PWM&'
../Inc/PWM.h:18:7: note: candidate: constexpr PWM::PWM(PWM&&)
../Inc/PWM.h:18:7: note:   no known conversion for argument 1 from 'TIM_HandleTypeDef' to 'PWM&&'
make: *** [Src/subdir.mk:59: Src/HighLevelComm.o] Error 1
make: *** Waiting for unfinished jobs....
../Src/main.cpp: In function 'bool getMotorSpeed(SpeedMeasurement&)':
../Src/main.cpp:170:1: warning: no return statement in function returning non-void [-Wreturn-type]
 }
 ^
"make -j12 all" terminated with exit code 2. Build might be incomplete.
22:58:52 **** Incremental Build of configuration Debug for project STM32_Project_Graduation ****
make -j12 all 
arm-none-eabi-g++ "../Src/main.cpp" -mcpu=cortex-m4 -std=gnu++14 -g -DUSE_HAL_DRIVER -DDEBUG -DSTM32F407xx -c -I../Inc -I../Drivers/CMSIS/Include -I../Drivers/STM32F4xx_HAL_Driver/Inc -I../Drivers/CMSIS/Device/ST/STM32F4xx/Include -I../Drivers/STM32F4xx_HAL_Driver/Inc/Legacy -O0 -ffunction-sections -fdata-sections -fno-exceptions -fno-rtti -fno-threadsafe-statics -fno-use-cxa-atexit -Wall -fstack-usage -MMD -MP -MF"Src/main.d" -MT"Src/main.o" --specs=nano.specs -mfpu=fpv4-sp-d16 -mfloat-abi=hard -mthumb -o "Src/main.o"
arm-none-eabi-g++ "../Src/HighLevelComm.cpp" -mcpu=cortex-m4 -std=gnu++14 -g -DUSE_HAL_DRIVER -DDEBUG -DSTM32F407xx -c -I../Inc -I../Drivers/CMSIS/Include -I../Drivers/STM32F4xx_HAL_Driver/Inc -I../Drivers/CMSIS/Device/ST/STM32F4xx/Include -I../Drivers/STM32F4xx_HAL_Driver/Inc/Legacy -O0 -ffunction-sections -fdata-sections -fno-exceptions -fno-rtti -fno-threadsafe-statics -fno-use-cxa-atexit -Wall -fstack-usage -MMD -MP -MF"Src/HighLevelComm.d" -MT"Src/HighLevelComm.o" --specs=nano.specs -mfpu=fpv4-sp-d16 -mfloat-abi=hard -mthumb -o "Src/HighLevelComm.o"
../Src/main.cpp: In function 'bool getMotorSpeed(SpeedMeasurement&)':
../Src/main.cpp:170:1: warning: no return statement in function returning non-void [-Wreturn-type]
 }
 ^
arm-none-eabi-g++ -o "STM32_Project_Graduation.elf" @"objects.list"   -mcpu=cortex-m4 -T"C:\Users\59488\Documents\GitHub\MaokunWang\STM32_Project_Graduation\STM32F407VGTX_FLASH.ld" --specs=nosys.specs -Wl,-Map="STM32_Project_Graduation.map" -Wl,--gc-sections -static --specs=nano.specs -mfpu=fpv4-sp-d16 -mfloat-abi=hard -mthumb -Wl,--start-group -lc -lm -lstdc++ -lsupc++ -Wl,--end-group
Finished building target: STM32_Project_Graduation.elf
 
arm-none-eabi-objdump -h -S  STM32_Project_Graduation.elf  > "STM32_Project_Graduation.list"
arm-none-eabi-objcopy  -O binary  STM32_Project_Graduation.elf  "STM32_Project_Graduation.bin"
arm-none-eabi-size   STM32_Project_Graduation.elf 
   text	   data	    bss	    dec	    hex	filename
 174244	    756	   6904	 181904	  2c690	STM32_Project_Graduation.elf
Finished building: default.size.stdout
 
Finished building: STM32_Project_Graduation.bin
 
Finished building: STM32_Project_Graduation.list
 
23:05:43 **** Incremental Build of configuration Debug for project STM32_Project_Graduation ****
make -j12 all 
arm-none-eabi-g++ "../Src/HighLevelComm.cpp" -mcpu=cortex-m4 -std=gnu++14 -g -DUSE_HAL_DRIVER -DDEBUG -DSTM32F407xx -c -I../Inc -I../Drivers/CMSIS/Include -I../Drivers/STM32F4xx_HAL_Driver/Inc -I../Drivers/CMSIS/Device/ST/STM32F4xx/Include -I../Drivers/STM32F4xx_HAL_Driver/Inc/Legacy -O0 -ffunction-sections -fdata-sections -fno-exceptions -fno-rtti -fno-threadsafe-statics -fno-use-cxa-atexit -Wall -fstack-usage -MMD -MP -MF"Src/HighLevelComm.d" -MT"Src/HighLevelComm.o" --specs=nano.specs -mfpu=fpv4-sp-d16 -mfloat-abi=hard -mthumb -o "Src/HighLevelComm.o"
arm-none-eabi-g++ "../Src/ADCClass.cpp" -mcpu=cortex-m4 -std=gnu++14 -g -DUSE_HAL_DRIVER -DDEBUG -DSTM32F407xx -c -I../Inc -I../Drivers/CMSIS/Include -I../Drivers/STM32F4xx_HAL_Driver/Inc -I../Drivers/CMSIS/Device/ST/STM32F4xx/Include -I../Drivers/STM32F4xx_HAL_Driver/Inc/Legacy -O0 -ffunction-sections -fdata-sections -fno-exceptions -fno-rtti -fno-threadsafe-statics -fno-use-cxa-atexit -Wall -fstack-usage -MMD -MP -MF"Src/ADCClass.d" -MT"Src/ADCClass.o" --specs=nano.specs -mfpu=fpv4-sp-d16 -mfloat-abi=hard -mthumb -o "Src/ADCClass.o"
arm-none-eabi-g++ "../Src/ClassUartTest.cpp" -mcpu=cortex-m4 -std=gnu++14 -g -DUSE_HAL_DRIVER -DDEBUG -DSTM32F407xx -c -I../Inc -I../Drivers/CMSIS/Include -I../Drivers/STM32F4xx_HAL_Driver/Inc -I../Drivers/CMSIS/Device/ST/STM32F4xx/Include -I../Drivers/STM32F4xx_HAL_Driver/Inc/Legacy -O0 -ffunction-sections -fdata-sections -fno-exceptions -fno-rtti -fno-threadsafe-statics -fno-use-cxa-atexit -Wall -fstack-usage -MMD -MP -MF"Src/ClassUartTest.d" -MT"Src/ClassUartTest.o" --specs=nano.specs -mfpu=fpv4-sp-d16 -mfloat-abi=hard -mthumb -o "Src/ClassUartTest.o"
arm-none-eabi-g++ "../Src/PIDController.cpp" -mcpu=cortex-m4 -std=gnu++14 -g -DUSE_HAL_DRIVER -DDEBUG -DSTM32F407xx -c -I../Inc -I../Drivers/CMSIS/Include -I../Drivers/STM32F4xx_HAL_Driver/Inc -I../Drivers/CMSIS/Device/ST/STM32F4xx/Include -I../Drivers/STM32F4xx_HAL_Driver/Inc/Legacy -O0 -ffunction-sections -fdata-sections -fno-exceptions -fno-rtti -fno-threadsafe-statics -fno-use-cxa-atexit -Wall -fstack-usage -MMD -MP -MF"Src/PIDController.d" -MT"Src/PIDController.o" --specs=nano.specs -mfpu=fpv4-sp-d16 -mfloat-abi=hard -mthumb -o "Src/PIDController.o"
arm-none-eabi-g++ "../Src/PWM.cpp" -mcpu=cortex-m4 -std=gnu++14 -g -DUSE_HAL_DRIVER -DDEBUG -DSTM32F407xx -c -I../Inc -I../Drivers/CMSIS/Include -I../Drivers/STM32F4xx_HAL_Driver/Inc -I../Drivers/CMSIS/Device/ST/STM32F4xx/Include -I../Drivers/STM32F4xx_HAL_Driver/Inc/Legacy -O0 -ffunction-sections -fdata-sections -fno-exceptions -fno-rtti -fno-threadsafe-statics -fno-use-cxa-atexit -Wall -fstack-usage -MMD -MP -MF"Src/PWM.d" -MT"Src/PWM.o" --specs=nano.specs -mfpu=fpv4-sp-d16 -mfloat-abi=hard -mthumb -o "Src/PWM.o"
arm-none-eabi-g++ "../Src/SpeedMeasurement.cpp" -mcpu=cortex-m4 -std=gnu++14 -g -DUSE_HAL_DRIVER -DDEBUG -DSTM32F407xx -c -I../Inc -I../Drivers/CMSIS/Include -I../Drivers/STM32F4xx_HAL_Driver/Inc -I../Drivers/CMSIS/Device/ST/STM32F4xx/Include -I../Drivers/STM32F4xx_HAL_Driver/Inc/Legacy -O0 -ffunction-sections -fdata-sections -fno-exceptions -fno-rtti -fno-threadsafe-statics -fno-use-cxa-atexit -Wall -fstack-usage -MMD -MP -MF"Src/SpeedMeasurement.d" -MT"Src/SpeedMeasurement.o" --specs=nano.specs -mfpu=fpv4-sp-d16 -mfloat-abi=hard -mthumb -o "Src/SpeedMeasurement.o"
arm-none-eabi-g++ "../Src/main.cpp" -mcpu=cortex-m4 -std=gnu++14 -g -DUSE_HAL_DRIVER -DDEBUG -DSTM32F407xx -c -I../Inc -I../Drivers/CMSIS/Include -I../Drivers/STM32F4xx_HAL_Driver/Inc -I../Drivers/CMSIS/Device/ST/STM32F4xx/Include -I../Drivers/STM32F4xx_HAL_Driver/Inc/Legacy -O0 -ffunction-sections -fdata-sections -fno-exceptions -fno-rtti -fno-threadsafe-statics -fno-use-cxa-atexit -Wall -fstack-usage -MMD -MP -MF"Src/main.d" -MT"Src/main.o" --specs=nano.specs -mfpu=fpv4-sp-d16 -mfloat-abi=hard -mthumb -o "Src/main.o"
arm-none-eabi-gcc "../Src/stm32f4xx_it.c" -mcpu=cortex-m4 -g -DUSE_HAL_DRIVER -DDEBUG -DSTM32F407xx -c -I../Inc -I../Drivers/CMSIS/Include -I../Drivers/STM32F4xx_HAL_Driver/Inc -I../Drivers/CMSIS/Device/ST/STM32F4xx/Include -I../Drivers/STM32F4xx_HAL_Driver/Inc/Legacy -O0 -ffunction-sections -fdata-sections -Wall -fstack-usage -MMD -MP -MF"Src/stm32f4xx_it.d" -MT"Src/stm32f4xx_it.o" --specs=nano.specs -mfpu=fpv4-sp-d16 -mfloat-abi=hard -mthumb -o "Src/stm32f4xx_it.o"
In file included from ../Inc/ADCClass.h:11:0,
                 from ../Src/ADCClass.cpp:8:
../Inc/main.h:27:24: error: 'ADCClass' was not declared in this scope
 bool obstacleDetection(ADCClass& adc);
                        ^~~~~~~~
../Inc/main.h:27:24: note: suggested alternative: 'class'
 bool obstacleDetection(ADCClass& adc);
                        ^~~~~~~~
                        class
../Inc/main.h:27:34: error: 'adc' was not declared in this scope
 bool obstacleDetection(ADCClass& adc);
                                  ^~~
../Inc/main.h:28:20: error: 'SpeedMeasurement' was not declared in this scope
 bool getMotorSpeed(SpeedMeasurement& motorSpeed);
                    ^~~~~~~~~~~~~~~~
In file included from ../Inc/PWM.h:12:0,
                 from ../Src/PWM.cpp:8:
../Inc/main.h:27:24: error: 'ADCClass' was not declared in this scope
 bool obstacleDetection(ADCClass& adc);
                        ^~~~~~~~
../Inc/main.h:27:24: note: suggested alternative: 'class'
 bool obstacleDetection(ADCClass& adc);
                        ^~~~~~~~
                        class
../Inc/main.h:27:34: error: 'adc' was not declared in this scope
 bool obstacleDetection(ADCClass& adc);
                                  ^~~
../Inc/main.h:28:20: error: 'SpeedMeasurement' was not declared in this scope
 bool getMotorSpeed(SpeedMeasurement& motorSpeed);
                    ^~~~~~~~~~~~~~~~
../Inc/main.h:28:38: error: 'motorSpeed' was not declared in this scope
 bool getMotorSpeed(SpeedMeasurement& motorSpeed);
                                      ^~~~~~~~~~
In file included from ../Inc/SpeedMeasurement.h:10:0,
                 from ../Src/SpeedMeasurement.cpp:8:
../Inc/main.h:27:24: error: 'ADCClass' was not declared in this scope
 bool obstacleDetection(ADCClass& adc);
                        ^~~~~~~~
../Inc/main.h:27:24: note: suggested alternative: 'class'
 bool obstacleDetection(ADCClass& adc);
                        ^~~~~~~~
                        class
../Inc/main.h:27:34: error: 'adc' was not declared in this scope
 bool obstacleDetection(ADCClass& adc);
                                  ^~~
../Inc/main.h:28:20: error: 'SpeedMeasurement' was not declared in this scope
 bool getMotorSpeed(SpeedMeasurement& motorSpeed);
                    ^~~~~~~~~~~~~~~~
../Inc/main.h:28:38: note: suggested alternative: 'getMotorSpeed'
 bool getMotorSpeed(SpeedMeasurement& motorSpeed);
                                      ^~~~~~~~~~
                                      getMotorSpeed
../Inc/main.h:29:19: error: variable or field 'controlSpeed' declared void
 void controlSpeed(PID_Controller& motor, float referenceSpeed, float actualSpeed);
                   ^~~~~~~~~~~~~~
../Inc/main.h:29:19: error: 'PID_Controller' was not declared in this scope
../Inc/main.h:28:20: note: suggested alternative: 'SpeedMeasurementError'
 bool getMotorSpeed(SpeedMeasurement& motorSpeed);
                    ^~~~~~~~~~~~~~~~
                    SpeedMeasurementError
../Inc/main.h:28:38: error: 'motorSpeed' was not declared in this scope
 bool getMotorSpeed(SpeedMeasurement& motorSpeed);
                                      ^~~~~~~~~~
In file included from ../Inc/ClassUartTest.h:14:0,
                 from ../Src/ClassUartTest.cpp:8:
../Inc/main.h:27:24: error: 'ADCClass' was not declared in this scope
 bool obstacleDetection(ADCClass& adc);
                        ^~~~~~~~
In file included from ../Inc/PWM.h:12:0,
                 from ../Inc/PIDController.h:11,
                 from ../Src/PIDController.cpp:8:
../Inc/main.h:27:24: error: 'ADCClass' was not declared in this scope
 bool obstacleDetection(ADCClass& adc);
                        ^~~~~~~~
../Inc/main.h:28:38: note: suggested alternative: 'getMotorSpeed'
 bool getMotorSpeed(SpeedMeasurement& motorSpeed);
                                      ^~~~~~~~~~
                                      getMotorSpeed
../Inc/main.h:29:19: error: variable or field 'controlSpeed' declared void
 void controlSpeed(PID_Controller& motor, float referenceSpeed, float actualSpeed);
                   ^~~~~~~~~~~~~~
../Inc/main.h:29:19: error: 'PID_Controller' was not declared in this scope
../Inc/main.h:27:24: note: suggested alternative: 'class'
 bool obstacleDetection(ADCClass& adc);
                        ^~~~~~~~
                        class
../Inc/main.h:27:34: error: 'adc' was not declared in this scope
 bool obstacleDetection(ADCClass& adc);
                                  ^~~
../Inc/main.h:27:24: note: suggested alternative: 'class'
 bool obstacleDetection(ADCClass& adc);
                        ^~~~~~~~
                        class
../Inc/main.h:27:34: error: 'adc' was not declared in this scope
 bool obstacleDetection(ADCClass& adc);
                                  ^~~
../Inc/main.h:28:20: error: 'SpeedMeasurement' was not declared in this scope
 bool getMotorSpeed(SpeedMeasurement& motorSpeed);
                    ^~~~~~~~~~~~~~~~
../Inc/main.h:28:20: error: 'SpeedMeasurement' was not declared in this scope
 bool getMotorSpeed(SpeedMeasurement& motorSpeed);
                    ^~~~~~~~~~~~~~~~
../Inc/main.h:29:35: error: 'motor' was not declared in this scope
 void controlSpeed(PID_Controller& motor, float referenceSpeed, float actualSpeed);
                                   ^~~~~
../Inc/main.h:29:42: error: expected primary-expression before 'float'
 void controlSpeed(PID_Controller& motor, float referenceSpeed, float actualSpeed);
                                          ^~~~~
../Inc/main.h:29:64: error: expected primary-expression before 'float'
 void controlSpeed(PID_Controller& motor, float referenceSpeed, float actualSpeed);
                                                                ^~~~~
../Inc/main.h:30:18: error: variable or field 'setSteering' declared void
 void setSteering(PWM& servoPWM, float steeringAngle);
                  ^~~
../Inc/main.h:30:18: error: 'PWM' was not declared in this scope
../Inc/main.h:30:18: note: suggested alternative: 'PWR'
 void setSteering(PWM& servoPWM, float steeringAngle);
                  ^~~
                  PWR
../Inc/main.h:30:23: error: 'servoPWM' was not declared in this scope
 void setSteering(PWM& servoPWM, float steeringAngle);
                       ^~~~~~~~
../Inc/main.h:30:33: error: expected primary-expression before 'float'
 void setSteering(PWM& servoPWM, float steeringAngle);
                                 ^~~~~
../Inc/main.h:28:38: error: 'motorSpeed' was not declared in this scope
 bool getMotorSpeed(SpeedMeasurement& motorSpeed);
                                      ^~~~~~~~~~
../Inc/main.h:28:38: note: suggested alternative: 'getMotorSpeed'
 bool getMotorSpeed(SpeedMeasurement& motorSpeed);
                                      ^~~~~~~~~~
                                      getMotorSpeed
../Inc/main.h:29:19: error: variable or field 'controlSpeed' declared void
 void controlSpeed(PID_Controller& motor, float referenceSpeed, float actualSpeed);
                   ^~~~~~~~~~~~~~
../Inc/main.h:29:19: error: 'PID_Controller' was not declared in this scope
../Inc/main.h:29:35: error: 'motor' was not declared in this scope
 void controlSpeed(PID_Controller& motor, float referenceSpeed, float actualSpeed);
                                   ^~~~~
../Inc/main.h:29:42: error: expected primary-expression before 'float'
 void controlSpeed(PID_Controller& motor, float referenceSpeed, float actualSpeed);
                                          ^~~~~
../Inc/main.h:29:64: error: expected primary-expression before 'float'
 void controlSpeed(PID_Controller& motor, float referenceSpeed, float actualSpeed);
                                                                ^~~~~
../Inc/main.h:30:18: error: variable or field 'setSteering' declared void
 void setSteering(PWM& servoPWM, float steeringAngle);
                  ^~~
../Inc/main.h:30:18: error: 'PWM' was not declared in this scope
../Inc/main.h:30:18: note: suggested alternative: 'PWR'
 void setSteering(PWM& servoPWM, float steeringAngle);
                  ^~~
                  PWR
../Inc/main.h:30:23: error: 'servoPWM' was not declared in this scope
 void setSteering(PWM& servoPWM, float steeringAngle);
                       ^~~~~~~~
../Inc/main.h:28:20: note: suggested alternative: 'SpeedMeasurementError'
 bool getMotorSpeed(SpeedMeasurement& motorSpeed);
                    ^~~~~~~~~~~~~~~~
                    SpeedMeasurementError
../Inc/main.h:28:38: error: 'motorSpeed' was not declared in this scope
 bool getMotorSpeed(SpeedMeasurement& motorSpeed);
                                      ^~~~~~~~~~
../Inc/main.h:30:33: error: expected primary-expression before 'float'
 void setSteering(PWM& servoPWM, float steeringAngle);
                                 ^~~~~
../Inc/main.h:28:38: note: suggested alternative: 'getMotorSpeed'
 bool getMotorSpeed(SpeedMeasurement& motorSpeed);
                                      ^~~~~~~~~~
                                      getMotorSpeed
../Inc/main.h:29:19: error: variable or field 'controlSpeed' declared void
 void controlSpeed(PID_Controller& motor, float referenceSpeed, float actualSpeed);
                   ^~~~~~~~~~~~~~
../Inc/main.h:29:19: error: 'PID_Controller' was not declared in this scope
../Inc/main.h:28:38: error: 'motorSpeed' was not declared in this scope
 bool getMotorSpeed(SpeedMeasurement& motorSpeed);
                                      ^~~~~~~~~~
../Inc/main.h:28:38: note: suggested alternative: 'getMotorSpeed'
 bool getMotorSpeed(SpeedMeasurement& motorSpeed);
                                      ^~~~~~~~~~
                                      getMotorSpeed
../Inc/main.h:29:19: error: variable or field 'controlSpeed' declared void
 void controlSpeed(PID_Controller& motor, float referenceSpeed, float actualSpeed);
                   ^~~~~~~~~~~~~~
../Inc/main.h:29:19: error: 'PID_Controller' was not declared in this scope
../Inc/main.h:29:35: error: 'motor' was not declared in this scope
 void controlSpeed(PID_Controller& motor, float referenceSpeed, float actualSpeed);
                                   ^~~~~
../Inc/main.h:29:42: error: expected primary-expression before 'float'
 void controlSpeed(PID_Controller& motor, float referenceSpeed, float actualSpeed);
                                          ^~~~~
../Inc/main.h:29:64: error: expected primary-expression before 'float'
 void controlSpeed(PID_Controller& motor, float referenceSpeed, float actualSpeed);
                                                                ^~~~~
../Inc/main.h:30:18: error: variable or field 'setSteering' declared void
 void setSteering(PWM& servoPWM, float steeringAngle);
                  ^~~
../Inc/main.h:30:18: error: 'PWM' was not declared in this scope
../Inc/main.h:30:18: note: suggested alternative: 'PWR'
 void setSteering(PWM& servoPWM, float steeringAngle);
                  ^~~
                  PWR
../Inc/main.h:30:23: error: 'servoPWM' was not declared in this scope
 void setSteering(PWM& servoPWM, float steeringAngle);
                       ^~~~~~~~
../Inc/main.h:30:33: error: expected primary-expression before 'float'
 void setSteering(PWM& servoPWM, float steeringAngle);
                                 ^~~~~
../Inc/main.h:29:35: error: 'motor' was not declared in this scope
 void controlSpeed(PID_Controller& motor, float referenceSpeed, float actualSpeed);
                                   ^~~~~
../Inc/main.h:29:42: error: expected primary-expression before 'float'
 void controlSpeed(PID_Controller& motor, float referenceSpeed, float actualSpeed);
                                          ^~~~~
../Inc/main.h:29:64: error: expected primary-expression before 'float'
 void controlSpeed(PID_Controller& motor, float referenceSpeed, float actualSpeed);
                                                                ^~~~~
../Inc/main.h:30:18: error: variable or field 'setSteering' declared void
 void setSteering(PWM& servoPWM, float steeringAngle);
                  ^~~
../Inc/main.h:30:18: error: 'PWM' was not declared in this scope
../Inc/main.h:30:18: note: suggested alternative: 'PWR'
 void setSteering(PWM& servoPWM, float steeringAngle);
                  ^~~
                  PWR
../Inc/main.h:30:23: error: 'servoPWM' was not declared in this scope
 void setSteering(PWM& servoPWM, float steeringAngle);
                       ^~~~~~~~
../Inc/main.h:29:35: error: 'motor' was not declared in this scope
 void controlSpeed(PID_Controller& motor, float referenceSpeed, float actualSpeed);
                                   ^~~~~
../Inc/main.h:30:33: error: expected primary-expression before 'float'
 void setSteering(PWM& servoPWM, float steeringAngle);
                                 ^~~~~
../Inc/main.h:29:42: error: expected primary-expression before 'float'
 void controlSpeed(PID_Controller& motor, float referenceSpeed, float actualSpeed);
                                          ^~~~~
../Inc/main.h:29:64: error: expected primary-expression before 'float'
 void controlSpeed(PID_Controller& motor, float referenceSpeed, float actualSpeed);
                                                                ^~~~~
../Inc/main.h:30:18: error: variable or field 'setSteering' declared void
 void setSteering(PWM& servoPWM, float steeringAngle);
                  ^~~
../Inc/main.h:30:18: error: 'PWM' was not declared in this scope
make: *** [Src/subdir.mk:55: Src/ADCClass.o] Error 1
make: *** Waiting for unfinished jobs....
../Inc/main.h:30:18: note: suggested alternative: 'PWR'
 void setSteering(PWM& servoPWM, float steeringAngle);
                  ^~~
                  PWR
../Inc/main.h:30:23: error: 'servoPWM' was not declared in this scope
 void setSteering(PWM& servoPWM, float steeringAngle);
                       ^~~~~~~~
make: *** [Src/subdir.mk:63: Src/PWM.o] Error 1
../Inc/main.h:30:33: error: expected primary-expression before 'float'
 void setSteering(PWM& servoPWM, float steeringAngle);
                                 ^~~~~
make: *** [Src/subdir.mk:61: Src/PIDController.o] Error 1
../Src/SpeedMeasurement.cpp: In constructor 'SpeedMeasurement::SpeedMeasurement()':
../Src/SpeedMeasurement.cpp:15:26: warning: unused variable 'sMasterConfig' [-Wunused-variable]
  TIM_MasterConfigTypeDef sMasterConfig = {0};
                          ^~~~~~~~~~~~~
make: *** [Src/subdir.mk:57: Src/ClassUartTest.o] Error 1
make: *** [Src/subdir.mk:67: Src/SpeedMeasurement.o] Error 1
In file included from ../Inc/ClassUartTest.h:14:0,
                 from ../Inc/HighLevelComm.h:11,
                 from ../Src/HighLevelComm.cpp:8:
../Inc/main.h:27:24: error: 'ADCClass' was not declared in this scope
 bool obstacleDetection(ADCClass& adc);
                        ^~~~~~~~
../Inc/main.h:27:24: note: suggested alternative: 'class'
 bool obstacleDetection(ADCClass& adc);
                        ^~~~~~~~
                        class
../Inc/main.h:27:34: error: 'adc' was not declared in this scope
 bool obstacleDetection(ADCClass& adc);
                                  ^~~
../Inc/main.h:28:20: error: 'SpeedMeasurement' was not declared in this scope
 bool getMotorSpeed(SpeedMeasurement& motorSpeed);
                    ^~~~~~~~~~~~~~~~
../Inc/main.h:28:38: error: 'motorSpeed' was not declared in this scope
 bool getMotorSpeed(SpeedMeasurement& motorSpeed);
                                      ^~~~~~~~~~
../Inc/main.h:28:38: note: suggested alternative: 'getMotorSpeed'
 bool getMotorSpeed(SpeedMeasurement& motorSpeed);
                                      ^~~~~~~~~~
                                      getMotorSpeed
../Inc/main.h:29:19: error: variable or field 'controlSpeed' declared void
 void controlSpeed(PID_Controller& motor, float referenceSpeed, float actualSpeed);
                   ^~~~~~~~~~~~~~
../Inc/main.h:29:19: error: 'PID_Controller' was not declared in this scope
../Inc/main.h:29:35: error: 'motor' was not declared in this scope
 void controlSpeed(PID_Controller& motor, float referenceSpeed, float actualSpeed);
                                   ^~~~~
../Inc/main.h:29:42: error: expected primary-expression before 'float'
 void controlSpeed(PID_Controller& motor, float referenceSpeed, float actualSpeed);
                                          ^~~~~
../Inc/main.h:29:64: error: expected primary-expression before 'float'
 void controlSpeed(PID_Controller& motor, float referenceSpeed, float actualSpeed);
                                                                ^~~~~
../Inc/main.h:30:18: error: variable or field 'setSteering' declared void
 void setSteering(PWM& servoPWM, float steeringAngle);
                  ^~~
../Inc/main.h:30:18: error: 'PWM' was not declared in this scope
../Inc/main.h:30:18: note: suggested alternative: 'PWR'
 void setSteering(PWM& servoPWM, float steeringAngle);
                  ^~~
                  PWR
../Inc/main.h:30:23: error: 'servoPWM' was not declared in this scope
 void setSteering(PWM& servoPWM, float steeringAngle);
                       ^~~~~~~~
../Inc/main.h:30:33: error: expected primary-expression before 'float'
 void setSteering(PWM& servoPWM, float steeringAngle);
                                 ^~~~~
In file included from ../Inc/ADCClass.h:11:0,
                 from ../Src/main.cpp:22:
../Inc/main.h:27:24: error: 'ADCClass' was not declared in this scope
 bool obstacleDetection(ADCClass& adc);
                        ^~~~~~~~
../Inc/main.h:27:24: note: suggested alternative: 'class'
 bool obstacleDetection(ADCClass& adc);
                        ^~~~~~~~
                        class
../Inc/main.h:27:34: error: 'adc' was not declared in this scope
 bool obstacleDetection(ADCClass& adc);
                                  ^~~
../Inc/main.h:28:20: error: 'SpeedMeasurement' was not declared in this scope
 bool getMotorSpeed(SpeedMeasurement& motorSpeed);
                    ^~~~~~~~~~~~~~~~
../Inc/main.h:28:38: error: 'motorSpeed' was not declared in this scope
 bool getMotorSpeed(SpeedMeasurement& motorSpeed);
                                      ^~~~~~~~~~
../Inc/main.h:28:38: note: suggested alternative: 'getMotorSpeed'
 bool getMotorSpeed(SpeedMeasurement& motorSpeed);
                                      ^~~~~~~~~~
                                      getMotorSpeed
../Inc/main.h:29:19: error: variable or field 'controlSpeed' declared void
 void controlSpeed(PID_Controller& motor, float referenceSpeed, float actualSpeed);
                   ^~~~~~~~~~~~~~
../Inc/main.h:29:19: error: 'PID_Controller' was not declared in this scope
../Inc/main.h:29:35: error: 'motor' was not declared in this scope
 void controlSpeed(PID_Controller& motor, float referenceSpeed, float actualSpeed);
                                   ^~~~~
../Inc/main.h:29:42: error: expected primary-expression before 'float'
 void controlSpeed(PID_Controller& motor, float referenceSpeed, float actualSpeed);
                                          ^~~~~
../Inc/main.h:29:64: error: expected primary-expression before 'float'
 void controlSpeed(PID_Controller& motor, float referenceSpeed, float actualSpeed);
                                                                ^~~~~
../Inc/main.h:30:18: error: variable or field 'setSteering' declared void
 void setSteering(PWM& servoPWM, float steeringAngle);
                  ^~~
../Inc/main.h:30:18: error: 'PWM' was not declared in this scope
../Inc/main.h:30:18: note: suggested alternative: 'PWR'
 void setSteering(PWM& servoPWM, float steeringAngle);
                  ^~~
                  PWR
../Inc/main.h:30:23: error: 'servoPWM' was not declared in this scope
 void setSteering(PWM& servoPWM, float steeringAngle);
                       ^~~~~~~~
../Inc/main.h:30:33: error: expected primary-expression before 'float'
 void setSteering(PWM& servoPWM, float steeringAngle);
                                 ^~~~~
make: *** [Src/subdir.mk:59: Src/HighLevelComm.o] Error 1
../Src/main.cpp: In function 'int main()':
../Src/main.cpp:128:3: error: 'setSteering' was not declared in this scope
   setSteering(servoPWM, 0.0f);
   ^~~~~~~~~~~
../Src/main.cpp:129:3: error: 'controlSpeed' was not declared in this scope
   controlSpeed(motor, 0.0f, 0.0f);
   ^~~~~~~~~~~~
../Src/main.cpp:129:3: note: suggested alternative: 'motorSpeed'
   controlSpeed(motor, 0.0f, 0.0f);
   ^~~~~~~~~~~~
   motorSpeed
../Src/main.cpp:130:30: error: 'getMotorSpeed' cannot be used as a function
[...]
arm-none-eabi-objcopy  -O binary  STM32_Project_Graduation.elf  "STM32_Project_Graduation.bin"
arm-none-eabi-size   STM32_Project_Graduation.elf 
   text	   data	    bss	    dec	    hex	filename
 174676	    756	   6888	 182320	  2c830	STM32_Project_Graduation.elf
Finished building: default.size.stdout
 
Finished building: STM32_Project_Graduation.bin
 
Finished building: STM32_Project_Graduation.list
 
14:28:55 **** Incremental Build of configuration Debug for project STM32_Project_Graduation ****
make -j12 all 
arm-none-eabi-g++ "../Src/HighLevelComm.cpp" -mcpu=cortex-m4 -std=gnu++14 -g -DUSE_HAL_DRIVER -DDEBUG -DSTM32F407xx -c -I../Inc -I../Drivers/CMSIS/Include -I../Drivers/STM32F4xx_HAL_Driver/Inc -I../Drivers/CMSIS/Device/ST/STM32F4xx/Include -I../Drivers/STM32F4xx_HAL_Driver/Inc/Legacy -O0 -ffunction-sections -fdata-sections -fno-exceptions -fno-rtti -fno-threadsafe-statics -fno-use-cxa-atexit -Wall -fstack-usage -MMD -MP -MF"Src/HighLevelComm.d" -MT"Src/HighLevelComm.o" --specs=nano.specs -mfpu=fpv4-sp-d16 -mfloat-abi=hard -mthumb -o "Src/HighLevelComm.o"
arm-none-eabi-g++ "../Src/main.cpp" -mcpu=cortex-m4 -std=gnu++14 -g -DUSE_HAL_DRIVER -DDEBUG -DSTM32F407xx -c -I../Inc -I../Drivers/CMSIS/Include -I../Drivers/STM32F4xx_HAL_Driver/Inc -I../Drivers/CMSIS/Device/ST/STM32F4xx/Include -I../Drivers/STM32F4xx_HAL_Driver/Inc/Legacy -O0 -ffunction-sections -fdata-sections -fno-exceptions -fno-rtti -fno-threadsafe-statics -fno-use-cxa-atexit -Wall -fstack-usage -MMD -MP -MF"Src/main.d" -MT"Src/main.o" --specs=nano.specs -mfpu=fpv4-sp-d16 -mfloat-abi=hard -mthumb -o "Src/main.o"
In file included from ../Src/HighLevelComm.cpp:8:0:
../Inc/HighLevelComm.h:41:39: error: expected ';' at end of member declaration
   void obstacleDetection(ADCClass& adc)
                                       ^
../Inc/HighLevelComm.h: In constructor 'HighLevelComm::HighLevelComm(UART_HandleTypeDef&, TIM_Base_InitTypeDef, TIM_OC_InitTypeDef)':
../Inc/HighLevelComm.h:57:12: warning: 'HighLevelComm::adc' will be initialized after [-Wreorder]
   ADCClass adc;
            ^~~
../Inc/HighLevelComm.h:54:7: warning:   'PWM HighLevelComm::servoPWM' [-Wreorder]
   PWM servoPWM,motorPWM1, motorPWM2;
       ^~~~~~~~
../Src/HighLevelComm.cpp:23:1: warning:   when initialized here [-Wreorder]
 HighLevelComm::HighLevelComm(UART_HandleTypeDef& uart,TIM_Base_InitTypeDef servoInit,TIM_OC_InitTypeDef sConfigOC) :
 ^~~~~~~~~~~~~
../Src/HighLevelComm.cpp:23:1: warning: 'HighLevelComm::adc' is initialized with itself [-Winit-self]
../Src/HighLevelComm.cpp: In member function 'bool HighLevelComm::showDistance()':
../Src/HighLevelComm.cpp:154:2: error: 'obstacleDection' was not declared in this scope
  obstacleDection(adc);
  ^~~~~~~~~~~~~~~
../Src/HighLevelComm.cpp:154:2: note: suggested alternative: 'obstacleDetection'
  obstacleDection(adc);
  ^~~~~~~~~~~~~~~
  obstacleDetection
../Src/HighLevelComm.cpp: In member function 'bool HighLevelComm::controlSpeed(PID_Controller&, float, float)':
../Src/HighLevelComm.cpp:187:1: warning: no return statement in function returning non-void [-Wreturn-type]
 }
 ^
../Src/HighLevelComm.cpp: In member function 'bool HighLevelComm::getMotorSpeed(SpeedMeasurement&)':
../Src/HighLevelComm.cpp:202:1: warning: no return statement in function returning non-void [-Wreturn-type]
 }
 ^
make: *** [Src/subdir.mk:59: Src/HighLevelComm.o] Error 1
make: *** Waiting for unfinished jobs....
In file included from ../Src/main.cpp:23:0:
../Inc/HighLevelComm.h:41:39: error: expected ';' at end of member declaration
   void obstacleDetection(ADCClass& adc)
                                       ^
make: *** [Src/subdir.mk:69: Src/main.o] Error 1
"make -j12 all" terminated with exit code 2. Build might be incomplete.
14:30:35 **** Incremental Build of configuration Debug for project STM32_Project_Graduation ****
make -j12 all 
arm-none-eabi-g++ "../Src/HighLevelComm.cpp" -mcpu=cortex-m4 -std=gnu++14 -g -DUSE_HAL_DRIVER -DDEBUG -DSTM32F407xx -c -I../Inc -I../Drivers/CMSIS/Include -I../Drivers/STM32F4xx_HAL_Driver/Inc -I../Drivers/CMSIS/Device/ST/STM32F4xx/Include -I../Drivers/STM32F4xx_HAL_Driver/Inc/Legacy -O0 -ffunction-sections -fdata-sections -fno-exceptions -fno-rtti -fno-threadsafe-statics -fno-use-cxa-atexit -Wall -fstack-usage -MMD -MP -MF"Src/HighLevelComm.d" -MT"Src/HighLevelComm.o" --specs=nano.specs -mfpu=fpv4-sp-d16 -mfloat-abi=hard -mthumb -o "Src/HighLevelComm.o"
arm-none-eabi-g++ "../Src/main.cpp" -mcpu=cortex-m4 -std=gnu++14 -g -DUSE_HAL_DRIVER -DDEBUG -DSTM32F407xx -c -I../Inc -I../Drivers/CMSIS/Include -I../Drivers/STM32F4xx_HAL_Driver/Inc -I../Drivers/CMSIS/Device/ST/STM32F4xx/Include -I../Drivers/STM32F4xx_HAL_Driver/Inc/Legacy -O0 -ffunction-sections -fdata-sections -fno-exceptions -fno-rtti -fno-threadsafe-statics -fno-use-cxa-atexit -Wall -fstack-usage -MMD -MP -MF"Src/main.d" -MT"Src/main.o" --specs=nano.specs -mfpu=fpv4-sp-d16 -mfloat-abi=hard -mthumb -o "Src/main.o"
In file included from ../Src/HighLevelComm.cpp:8:0:
../Inc/HighLevelComm.h: In constructor 'HighLevelComm::HighLevelComm(UART_HandleTypeDef&, TIM_Base_InitTypeDef, TIM_OC_InitTypeDef)':
../Inc/HighLevelComm.h:57:12: warning: 'HighLevelComm::adc' will be initialized after [-Wreorder]
   ADCClass adc;
            ^~~
../Inc/HighLevelComm.h:54:7: warning:   'PWM HighLevelComm::servoPWM' [-Wreorder]
   PWM servoPWM,motorPWM1, motorPWM2;
       ^~~~~~~~
../Src/HighLevelComm.cpp:23:1: warning:   when initialized here [-Wreorder]
 HighLevelComm::HighLevelComm(UART_HandleTypeDef& uart,TIM_Base_InitTypeDef servoInit,TIM_OC_InitTypeDef sConfigOC) :
 ^~~~~~~~~~~~~
../Src/HighLevelComm.cpp:23:1: warning: 'HighLevelComm::adc' is initialized with itself [-Winit-self]
../Src/HighLevelComm.cpp: In member function 'bool HighLevelComm::controlSpeed(PID_Controller&, float, float)':
../Src/HighLevelComm.cpp:187:1: warning: no return statement in function returning non-void [-Wreturn-type]
 }
 ^
../Src/HighLevelComm.cpp: In member function 'bool HighLevelComm::getMotorSpeed(SpeedMeasurement&)':
../Src/HighLevelComm.cpp:202:1: warning: no return statement in function returning non-void [-Wreturn-type]
 }
 ^
arm-none-eabi-g++ -o "STM32_Project_Graduation.elf" @"objects.list"   -mcpu=cortex-m4 -T"C:\Users\59488\Documents\GitHub\MaokunWang\STM32_Project_Graduation\STM32F407VGTX_FLASH.ld" --specs=nosys.specs -Wl,-Map="STM32_Project_Graduation.map" -Wl,--gc-sections -static --specs=nano.specs -mfpu=fpv4-sp-d16 -mfloat-abi=hard -mthumb -Wl,--start-group -lc -lm -lstdc++ -lsupc++ -Wl,--end-group
Src/main.o: In function `main':
C:/Users/59488/Documents/GitHub/MaokunWang/STM32_Project_Graduation/Debug/../Src/main.cpp:137: undefined reference to `obstacleDetection(ADCClass&)'
collect2.exe: error: ld returned 1 exit status
make: *** [makefile:59: STM32_Project_Graduation.elf] Error 1
"make -j12 all" terminated with exit code 2. Build might be incomplete.
14:32:11 **** Incremental Build of configuration Debug for project STM32_Project_Graduation ****
make -j12 all 
arm-none-eabi-g++ "../Src/main.cpp" -mcpu=cortex-m4 -std=gnu++14 -g -DUSE_HAL_DRIVER -DDEBUG -DSTM32F407xx -c -I../Inc -I../Drivers/CMSIS/Include -I../Drivers/STM32F4xx_HAL_Driver/Inc -I../Drivers/CMSIS/Device/ST/STM32F4xx/Include -I../Drivers/STM32F4xx_HAL_Driver/Inc/Legacy -O0 -ffunction-sections -fdata-sections -fno-exceptions -fno-rtti -fno-threadsafe-statics -fno-use-cxa-atexit -Wall -fstack-usage -MMD -MP -MF"Src/main.d" -MT"Src/main.o" --specs=nano.specs -mfpu=fpv4-sp-d16 -mfloat-abi=hard -mthumb -o "Src/main.o"
arm-none-eabi-g++ -o "STM32_Project_Graduation.elf" @"objects.list"   -mcpu=cortex-m4 -T"C:\Users\59488\Documents\GitHub\MaokunWang\STM32_Project_Graduation\STM32F407VGTX_FLASH.ld" --specs=nosys.specs -Wl,-Map="STM32_Project_Graduation.map" -Wl,--gc-sections -static --specs=nano.specs -mfpu=fpv4-sp-d16 -mfloat-abi=hard -mthumb -Wl,--start-group -lc -lm -lstdc++ -lsupc++ -Wl,--end-group
Finished building target: STM32_Project_Graduation.elf
 
arm-none-eabi-objdump -h -S  STM32_Project_Graduation.elf  > "STM32_Project_Graduation.list"
arm-none-eabi-objcopy  -O binary  STM32_Project_Graduation.elf  "STM32_Project_Graduation.bin"
arm-none-eabi-size   STM32_Project_Graduation.elf 
   text	   data	    bss	    dec	    hex	filename
 174612	    756	   6888	 182256	  2c7f0	STM32_Project_Graduation.elf
Finished building: default.size.stdout
 
Finished building: STM32_Project_Graduation.bin
 
Finished building: STM32_Project_Graduation.list
 
14:34:14 **** Incremental Build of configuration Debug for project STM32_Project_Graduation ****
make -j12 all 
arm-none-eabi-g++ "../Src/HighLevelComm.cpp" -mcpu=cortex-m4 -std=gnu++14 -g -DUSE_HAL_DRIVER -DDEBUG -DSTM32F407xx -c -I../Inc -I../Drivers/CMSIS/Include -I../Drivers/STM32F4xx_HAL_Driver/Inc -I../Drivers/CMSIS/Device/ST/STM32F4xx/Include -I../Drivers/STM32F4xx_HAL_Driver/Inc/Legacy -O0 -ffunction-sections -fdata-sections -fno-exceptions -fno-rtti -fno-threadsafe-statics -fno-use-cxa-atexit -Wall -fstack-usage -MMD -MP -MF"Src/HighLevelComm.d" -MT"Src/HighLevelComm.o" --specs=nano.specs -mfpu=fpv4-sp-d16 -mfloat-abi=hard -mthumb -o "Src/HighLevelComm.o"
arm-none-eabi-g++ "../Src/main.cpp" -mcpu=cortex-m4 -std=gnu++14 -g -DUSE_HAL_DRIVER -DDEBUG -DSTM32F407xx -c -I../Inc -I../Drivers/CMSIS/Include -I../Drivers/STM32F4xx_HAL_Driver/Inc -I../Drivers/CMSIS/Device/ST/STM32F4xx/Include -I../Drivers/STM32F4xx_HAL_Driver/Inc/Legacy -O0 -ffunction-sections -fdata-sections -fno-exceptions -fno-rtti -fno-threadsafe-statics -fno-use-cxa-atexit -Wall -fstack-usage -MMD -MP -MF"Src/main.d" -MT"Src/main.o" --specs=nano.specs -mfpu=fpv4-sp-d16 -mfloat-abi=hard -mthumb -o "Src/main.o"
In file included from ../Src/HighLevelComm.cpp:8:0:
../Inc/HighLevelComm.h: In constructor 'HighLevelComm::HighLevelComm(UART_HandleTypeDef&, TIM_Base_InitTypeDef, TIM_OC_InitTypeDef)':
../Inc/HighLevelComm.h:57:12: warning: 'HighLevelComm::adc' will be initialized after [-Wreorder]
   ADCClass adc;
            ^~~
../Inc/HighLevelComm.h:54:7: warning:   'PWM HighLevelComm::servoPWM' [-Wreorder]
   PWM servoPWM,motorPWM1, motorPWM2;
       ^~~~~~~~
../Src/HighLevelComm.cpp:23:1: warning:   when initialized here [-Wreorder]
 HighLevelComm::HighLevelComm(UART_HandleTypeDef& uart,TIM_Base_InitTypeDef servoInit,TIM_OC_InitTypeDef sConfigOC) :
 ^~~~~~~~~~~~~
../Src/HighLevelComm.cpp:23:1: warning: 'HighLevelComm::adc' is initialized with itself [-Winit-self]
../Src/HighLevelComm.cpp: In member function 'bool HighLevelComm::controlSpeed(PID_Controller&, float, float)':
../Src/HighLevelComm.cpp:191:1: warning: no return statement in function returning non-void [-Wreturn-type]
 }
 ^
../Src/HighLevelComm.cpp: In member function 'bool HighLevelComm::getMotorSpeed(SpeedMeasurement&)':
../Src/HighLevelComm.cpp:206:1: warning: no return statement in function returning non-void [-Wreturn-type]
 }
 ^
arm-none-eabi-g++ -o "STM32_Project_Graduation.elf" @"objects.list"   -mcpu=cortex-m4 -T"C:\Users\59488\Documents\GitHub\MaokunWang\STM32_Project_Graduation\STM32F407VGTX_FLASH.ld" --specs=nosys.specs -Wl,-Map="STM32_Project_Graduation.map" -Wl,--gc-sections -static --specs=nano.specs -mfpu=fpv4-sp-d16 -mfloat-abi=hard -mthumb -Wl,--start-group -lc -lm -lstdc++ -lsupc++ -Wl,--end-group
Finished building target: STM32_Project_Graduation.elf
 
arm-none-eabi-objdump -h -S  STM32_Project_Graduation.elf  > "STM32_Project_Graduation.list"
arm-none-eabi-objcopy  -O binary  STM32_Project_Graduation.elf  "STM32_Project_Graduation.bin"
arm-none-eabi-size   STM32_Project_Graduation.elf 
   text	   data	    bss	    dec	    hex	filename
 174612	    756	   6888	 182256	  2c7f0	STM32_Project_Graduation.elf
Finished building: default.size.stdout
 
Finished building: STM32_Project_Graduation.bin
 
Finished building: STM32_Project_Graduation.list
 
15:11:50 **** Incremental Build of configuration Debug for project STM32_Project_Graduation ****
make -j12 all 
arm-none-eabi-g++ "../Src/HighLevelComm.cpp" -mcpu=cortex-m4 -std=gnu++14 -g -DUSE_HAL_DRIVER -DDEBUG -DSTM32F407xx -c -I../Inc -I../Drivers/CMSIS/Include -I../Drivers/STM32F4xx_HAL_Driver/Inc -I../Drivers/CMSIS/Device/ST/STM32F4xx/Include -I../Drivers/STM32F4xx_HAL_Driver/Inc/Legacy -O0 -ffunction-sections -fdata-sections -fno-exceptions -fno-rtti -fno-threadsafe-statics -fno-use-cxa-atexit -Wall -fstack-usage -MMD -MP -MF"Src/HighLevelComm.d" -MT"Src/HighLevelComm.o" --specs=nano.specs -mfpu=fpv4-sp-d16 -mfloat-abi=hard -mthumb -o "Src/HighLevelComm.o"
arm-none-eabi-g++ "../Src/main.cpp" -mcpu=cortex-m4 -std=gnu++14 -g -DUSE_HAL_DRIVER -DDEBUG -DSTM32F407xx -c -I../Inc -I../Drivers/CMSIS/Include -I../Drivers/STM32F4xx_HAL_Driver/Inc -I../Drivers/CMSIS/Device/ST/STM32F4xx/Include -I../Drivers/STM32F4xx_HAL_Driver/Inc/Legacy -O0 -ffunction-sections -fdata-sections -fno-exceptions -fno-rtti -fno-threadsafe-statics -fno-use-cxa-atexit -Wall -fstack-usage -MMD -MP -MF"Src/main.d" -MT"Src/main.o" --specs=nano.specs -mfpu=fpv4-sp-d16 -mfloat-abi=hard -mthumb -o "Src/main.o"
In file included from ../Src/HighLevelComm.cpp:8:0:
../Inc/HighLevelComm.h: In constructor 'HighLevelComm::HighLevelComm(UART_HandleTypeDef&, TIM_Base_InitTypeDef, TIM_OC_InitTypeDef)':
../Inc/HighLevelComm.h:58:12: warning: 'HighLevelComm::adc' will be initialized after [-Wreorder]
   ADCClass adc;
            ^~~
../Inc/HighLevelComm.h:55:7: warning:   'PWM HighLevelComm::servoPWM' [-Wreorder]
   PWM servoPWM,motorPWM1, motorPWM2;
       ^~~~~~~~
../Src/HighLevelComm.cpp:23:1: warning:   when initialized here [-Wreorder]
 HighLevelComm::HighLevelComm(UART_HandleTypeDef& uart,TIM_Base_InitTypeDef servoInit,TIM_OC_InitTypeDef sConfigOC) :
 ^~~~~~~~~~~~~
../Src/HighLevelComm.cpp:23:1: warning: 'HighLevelComm::adc' is initialized with itself [-Winit-self]
../Src/HighLevelComm.cpp: In member function 'bool HighLevelComm::Delay(int)':
../Src/HighLevelComm.cpp:178:1: warning: no return statement in function returning non-void [-Wreturn-type]
 }
 ^
../Src/HighLevelComm.cpp: In member function 'bool HighLevelComm::controlSpeed(PID_Controller&, float, float)':
../Src/HighLevelComm.cpp:198:1: warning: no return statement in function returning non-void [-Wreturn-type]
 }
 ^
../Src/HighLevelComm.cpp: In member function 'bool HighLevelComm::getMotorSpeed(SpeedMeasurement&)':
../Src/HighLevelComm.cpp:213:1: warning: no return statement in function returning non-void [-Wreturn-type]
 }
 ^
arm-none-eabi-g++ -o "STM32_Project_Graduation.elf" @"objects.list"   -mcpu=cortex-m4 -T"C:\Users\59488\Documents\GitHub\MaokunWang\STM32_Project_Graduation\STM32F407VGTX_FLASH.ld" --specs=nosys.specs -Wl,-Map="STM32_Project_Graduation.map" -Wl,--gc-sections -static --specs=nano.specs -mfpu=fpv4-sp-d16 -mfloat-abi=hard -mthumb -Wl,--start-group -lc -lm -lstdc++ -lsupc++ -Wl,--end-group
Finished building target: STM32_Project_Graduation.elf
 
arm-none-eabi-objdump -h -S  STM32_Project_Graduation.elf  > "STM32_Project_Graduation.list"
arm-none-eabi-objcopy  -O binary  STM32_Project_Graduation.elf  "STM32_Project_Graduation.bin"
arm-none-eabi-size   STM32_Project_Graduation.elf 
   text	   data	    bss	    dec	    hex	filename
 174764	    756	   6888	 182408	  2c888	STM32_Project_Graduation.elf
Finished building: default.size.stdout
 
Finished building: STM32_Project_Graduation.bin
 
Finished building: STM32_Project_Graduation.list
 
15:34:26 **** Incremental Build of configuration Debug for project STM32_Project_Graduation ****
make -j12 all 
arm-none-eabi-g++ "../Src/HighLevelComm.cpp" -mcpu=cortex-m4 -std=gnu++14 -g -DUSE_HAL_DRIVER -DDEBUG -DSTM32F407xx -c -I../Inc -I../Drivers/CMSIS/Include -I../Drivers/STM32F4xx_HAL_Driver/Inc -I../Drivers/CMSIS/Device/ST/STM32F4xx/Include -I../Drivers/STM32F4xx_HAL_Driver/Inc/Legacy -O0 -ffunction-sections -fdata-sections -fno-exceptions -fno-rtti -fno-threadsafe-statics -fno-use-cxa-atexit -Wall -fstack-usage -MMD -MP -MF"Src/HighLevelComm.d" -MT"Src/HighLevelComm.o" --specs=nano.specs -mfpu=fpv4-sp-d16 -mfloat-abi=hard -mthumb -o "Src/HighLevelComm.o"
arm-none-eabi-g++ "../Src/main.cpp" -mcpu=cortex-m4 -std=gnu++14 -g -DUSE_HAL_DRIVER -DDEBUG -DSTM32F407xx -c -I../Inc -I../Drivers/CMSIS/Include -I../Drivers/STM32F4xx_HAL_Driver/Inc -I../Drivers/CMSIS/Device/ST/STM32F4xx/Include -I../Drivers/STM32F4xx_HAL_Driver/Inc/Legacy -O0 -ffunction-sections -fdata-sections -fno-exceptions -fno-rtti -fno-threadsafe-statics -fno-use-cxa-atexit -Wall -fstack-usage -MMD -MP -MF"Src/main.d" -MT"Src/main.o" --specs=nano.specs -mfpu=fpv4-sp-d16 -mfloat-abi=hard -mthumb -o "Src/main.o"
In file included from ../Src/HighLevelComm.cpp:8:0:
../Inc/HighLevelComm.h: In constructor 'HighLevelComm::HighLevelComm(UART_HandleTypeDef&, TIM_Base_InitTypeDef, TIM_OC_InitTypeDef)':
../Inc/HighLevelComm.h:58:12: warning: 'HighLevelComm::adc' will be initialized after [-Wreorder]
   ADCClass adc;
            ^~~
../Inc/HighLevelComm.h:55:7: warning:   'PWM HighLevelComm::servoPWM' [-Wreorder]
   PWM servoPWM,motorPWM1, motorPWM2;
       ^~~~~~~~
../Src/HighLevelComm.cpp:23:1: warning:   when initialized here [-Wreorder]
 HighLevelComm::HighLevelComm(UART_HandleTypeDef& uart,TIM_Base_InitTypeDef servoInit,TIM_OC_InitTypeDef sConfigOC) :
 ^~~~~~~~~~~~~
../Src/HighLevelComm.cpp:23:1: warning: 'HighLevelComm::adc' is initialized with itself [-Winit-self]
../Src/HighLevelComm.cpp: In member function 'bool HighLevelComm::Delay(int)':
../Src/HighLevelComm.cpp:178:1: warning: no return statement in function returning non-void [-Wreturn-type]
 }
 ^
../Src/HighLevelComm.cpp: In member function 'bool HighLevelComm::controlSpeed(PID_Controller&, float, float)':
../Src/HighLevelComm.cpp:198:1: warning: no return statement in function returning non-void [-Wreturn-type]
 }
 ^
../Src/HighLevelComm.cpp: In member function 'bool HighLevelComm::getMotorSpeed(SpeedMeasurement&)':
../Src/HighLevelComm.cpp:213:1: warning: no return statement in function returning non-void [-Wreturn-type]
 }
 ^
arm-none-eabi-g++ -o "STM32_Project_Graduation.elf" @"objects.list"   -mcpu=cortex-m4 -T"C:\Users\59488\Documents\GitHub\MaokunWang\STM32_Project_Graduation\STM32F407VGTX_FLASH.ld" --specs=nosys.specs -Wl,-Map="STM32_Project_Graduation.map" -Wl,--gc-sections -static --specs=nano.specs -mfpu=fpv4-sp-d16 -mfloat-abi=hard -mthumb -Wl,--start-group -lc -lm -lstdc++ -lsupc++ -Wl,--end-group
Finished building target: STM32_Project_Graduation.elf
 
arm-none-eabi-objdump -h -S  STM32_Project_Graduation.elf  > "STM32_Project_Graduation.list"
arm-none-eabi-objcopy  -O binary  STM32_Project_Graduation.elf  "STM32_Project_Graduation.bin"
arm-none-eabi-size   STM32_Project_Graduation.elf 
   text	   data	    bss	    dec	    hex	filename
 174756	    756	   6888	 182400	  2c880	STM32_Project_Graduation.elf
Finished building: default.size.stdout
 
Finished building: STM32_Project_Graduation.bin
 
Finished building: STM32_Project_Graduation.list
 
15:34:30 **** Incremental Build of configuration Debug for project STM32_Project_Graduation ****
make -j12 all 
arm-none-eabi-g++ -o "STM32_Project_Graduation.elf" @"objects.list"   -mcpu=cortex-m4 -T"C:\Users\59488\Documents\GitHub\MaokunWang\STM32_Project_Graduation\STM32F407VGTX_FLASH.ld" --specs=nosys.specs -Wl,-Map="STM32_Project_Graduation.map" -Wl,--gc-sections -static --specs=nano.specs -mfpu=fpv4-sp-d16 -mfloat-abi=hard -mthumb -Wl,--start-group -lc -lm -lstdc++ -lsupc++ -Wl,--end-group
Finished building target: STM32_Project_Graduation.elf
 
arm-none-eabi-objdump -h -S  STM32_Project_Graduation.elf  > "STM32_Project_Graduation.list"
arm-none-eabi-objcopy  -O binary  STM32_Project_Graduation.elf  "STM32_Project_Graduation.bin"
arm-none-eabi-size   STM32_Project_Graduation.elf 
   text	   data	    bss	    dec	    hex	filename
 174756	    756	   6888	 182400	  2c880	STM32_Project_Graduation.elf
Finished building: default.size.stdout
 
Finished building: STM32_Project_Graduation.bin
 
Finished building: STM32_Project_Graduation.list
 
