06:07:54 **** Incremental Build of configuration Debug for project STM32_Project_Graduation ****
make -j12 all 
arm-none-eabi-g++ "../Src/HighLevelComm.cpp" -mcpu=cortex-m4 -std=gnu++14 -g -DUSE_HAL_DRIVER -DDEBUG -DSTM32F407xx -c -I../Inc -I../Drivers/CMSIS/Include -I../Drivers/STM32F4xx_HAL_Driver/Inc -I../Drivers/CMSIS/Device/ST/STM32F4xx/Include -I../Drivers/STM32F4xx_HAL_Driver/Inc/Legacy -O0 -ffunction-sections -fdata-sections -fno-exceptions -fno-rtti -fno-threadsafe-statics -fno-use-cxa-atexit -Wall -fstack-usage -MMD -MP -MF"Src/HighLevelComm.d" -MT"Src/HighLevelComm.o" --specs=nano.specs -mfpu=fpv4-sp-d16 -mfloat-abi=hard -mthumb -o "Src/HighLevelComm.o"
In file included from ../Src/HighLevelComm.cpp:8:0:
../Inc/HighLevelComm.h: In constructor 'HighLevelComm::HighLevelComm(UART_HandleTypeDef&, TIM_Base_InitTypeDef, TIM_OC_InitTypeDef)':
../Inc/HighLevelComm.h:60:12: warning: 'HighLevelComm::adc' will be initialized after [-Wreorder]
   ADCClass adc;
            ^~~
../Inc/HighLevelComm.h:57:7: warning:   'PWM HighLevelComm::servoPWM' [-Wreorder]
   PWM servoPWM,motorPWM1, motorPWM2;
       ^~~~~~~~
../Src/HighLevelComm.cpp:23:1: warning:   when initialized here [-Wreorder]
 HighLevelComm::HighLevelComm(UART_HandleTypeDef& uart,TIM_Base_InitTypeDef servoInit,TIM_OC_InitTypeDef sConfigOC):
 ^~~~~~~~~~~~~
../Src/HighLevelComm.cpp:23:1: warning: 'HighLevelComm::adc' is initialized with itself [-Winit-self]
../Src/HighLevelComm.cpp: In member function 'bool HighLevelComm::Delay(int)':
../Src/HighLevelComm.cpp:206:1: warning: no return statement in function returning non-void [-Wreturn-type]
 }
 ^
../Src/HighLevelComm.cpp: In member function 'bool HighLevelComm::controlSpeed(PID_Controller&, float, float)':
../Src/HighLevelComm.cpp:226:1: warning: no return statement in function returning non-void [-Wreturn-type]
 }
 ^
../Src/HighLevelComm.cpp: In member function 'bool HighLevelComm::getMotorSpeed(SpeedMeasurement&)':
../Src/HighLevelComm.cpp:241:1: warning: no return statement in function returning non-void [-Wreturn-type]
 }
 ^
../Src/HighLevelComm.cpp: In member function 'bool HighLevelComm::steeringServoInit()':
../Src/HighLevelComm.cpp:297:1: warning: no return statement in function returning non-void [-Wreturn-type]
 }
 ^
../Src/HighLevelComm.cpp: In member function 'bool HighLevelComm::motorControlInit()':
../Src/HighLevelComm.cpp:308:21: warning: variable 'sConfigOC' set but not used [-Wunused-but-set-variable]
  TIM_OC_InitTypeDef sConfigOC = {0};
                     ^~~~~~~~~
../Src/HighLevelComm.cpp:321:1: warning: no return statement in function returning non-void [-Wreturn-type]
 }
 ^
../Src/HighLevelComm.cpp: In member function 'bool HighLevelComm::Stop()':
../Src/HighLevelComm.cpp:140:1: warning: control reaches end of non-void function [-Wreturn-type]
 }
 ^
arm-none-eabi-g++ -o "STM32_Project_Graduation.elf" @"objects.list"   -mcpu=cortex-m4 -T"C:\Users\59488\Documents\GitHub\MaokunWang\STM32_Project_Graduation\STM32F407VGTX_FLASH.ld" --specs=nosys.specs -Wl,-Map="STM32_Project_Graduation.map" -Wl,--gc-sections -static --specs=nano.specs -mfpu=fpv4-sp-d16 -mfloat-abi=hard -mthumb -Wl,--start-group -lc -lm -lstdc++ -lsupc++ -Wl,--end-group
Finished building target: STM32_Project_Graduation.elf
 
arm-none-eabi-objdump -h -S  STM32_Project_Graduation.elf  > "STM32_Project_Graduation.list"
arm-none-eabi-objcopy  -O binary  STM32_Project_Graduation.elf  "STM32_Project_Graduation.bin"
arm-none-eabi-size   STM32_Project_Graduation.elf 
   text	   data	    bss	    dec	    hex	filename
 174908	    756	   6920	 182584	  2c938	STM32_Project_Graduation.elf
Finished building: default.size.stdout
 
Finished building: STM32_Project_Graduation.bin
 
Finished building: STM32_Project_Graduation.list
 

06:07:57 Build Finished. 0 errors, 11 warnings. (took 3s.206ms)

