16:58:53 **** Incremental Build of configuration Debug for project STM32_Project_Graduation ****
make -j12 all 
arm-none-eabi-g++ "../Src/ADCClass.cpp" -mcpu=cortex-m4 -std=gnu++14 -g3 -DUSE_HAL_DRIVER -DSTM32F446xx -DDEBUG -DUSE_FULL_ASSERT -c -I../Inc -I../Drivers/CMSIS/Include -I../Drivers/STM32F4xx_HAL_Driver/Inc -I../Drivers/CMSIS/Device/ST/STM32F4xx/Include -I../Drivers/STM32F4xx_HAL_Driver/Inc/Legacy -O0 -ffunction-sections -fdata-sections -fno-exceptions -fno-rtti -fno-threadsafe-statics -fno-use-cxa-atexit -Wall -fstack-usage -MMD -MP -MF"Src/ADCClass.d" -MT"Src/ADCClass.o"  -mfpu=fpv4-sp-d16 -mfloat-abi=hard -mthumb -o "Src/ADCClass.o"
../Src/ADCClass.cpp: In member function 'uint8_t ADCClass::getAnalogValue()':
../Src/ADCClass.cpp:74:12: warning: unused variable 'temperature' [-Wunused-variable]
   uint32_t temperature=(int32_t)(sensorValue-TEMP_SENSOR_VOLTAGE_MV_AT_25) / (TEMP_SENSOR_AVG_SLOPE_MV_PER_CELCIUS+25);
            ^~~~~~~~~~~
../Src/ADCClass.cpp:73:35: warning: 'sensorValue' is used uninitialized in this function [-Wuninitialized]
   uint32_t sensorValue=sensorValue*ADC_REFERENCE_VOLTAGE_MV / ADC_MAX_OUTPUT_VALUE;
                                   ^
arm-none-eabi-g++ -o "STM32_Project_Graduation.elf" @"objects.list"   -mcpu=cortex-m4 -T"C:\Users\59488\Documents\GitHub\MaokunWang\STM32_Project_Graduation\STM32F446RETX_FLASH.ld" -Wl,-Map="STM32_Project_Graduation.map" -Wl,--gc-sections -static  -mfpu=fpv4-sp-d16 -mfloat-abi=hard -mthumb -Wl,--start-group -lc -lm -lstdc++ -lsupc++ -Wl,--end-group
Finished building target: STM32_Project_Graduation.elf
 
arm-none-eabi-objdump -h -S  STM32_Project_Graduation.elf  > "STM32_Project_Graduation.list"
arm-none-eabi-objcopy  -O binary  STM32_Project_Graduation.elf  "STM32_Project_Graduation.bin"
arm-none-eabi-size   STM32_Project_Graduation.elf 
   text	   data	    bss	    dec	    hex	filename
 305160	   2796	   7584	 315540	  4d094	STM32_Project_Graduation.elf
Finished building: default.size.stdout
 
Finished building: STM32_Project_Graduation.bin
 
Finished building: STM32_Project_Graduation.list
 

16:58:58 Build Finished. 0 errors, 2 warnings. (took 5s.344ms)

